###############################################################################
#
# IAR ELF Linker V2.20.1.176 for STM8                     30/Nov/2018  17:09:01
# Copyright 2010-2015 IAR Systems AB.
#
#    Output file  =  
#        C:\Users\SHUQUEE8006\Desktop\zhao_cube_study\STM8\user\Debug\Exe\STM8_STUDY.out
#    Map file     =  
#        C:\Users\SHUQUEE8006\Desktop\zhao_cube_study\STM8\user\Debug\List\STM8_STUDY.map
#    Command line =  
#        C:\Users\SHUQUEE8006\Desktop\zhao_cube_study\STM8\user\Debug\Obj\led.o
#        C:\Users\SHUQUEE8006\Desktop\zhao_cube_study\STM8\user\Debug\Obj\main.o
#        C:\Users\SHUQUEE8006\Desktop\zhao_cube_study\STM8\user\Debug\Obj\stm8s_clk.o
#        C:\Users\SHUQUEE8006\Desktop\zhao_cube_study\STM8\user\Debug\Obj\stm8s_gpio.o
#        C:\Users\SHUQUEE8006\Desktop\zhao_cube_study\STM8\user\Debug\Obj\stm8s_uart1.o
#        C:\Users\SHUQUEE8006\Desktop\zhao_cube_study\STM8\user\Debug\Obj\usart.o
#        --redirect _Printf=_PrintfSmall --redirect _Scanf=_ScanfSmall -o
#        C:\Users\SHUQUEE8006\Desktop\zhao_cube_study\STM8\user\Debug\Exe\STM8_STUDY.out
#        --map
#        C:\Users\SHUQUEE8006\Desktop\zhao_cube_study\STM8\user\Debug\List\STM8_STUDY.map
#        --config "C:\Program Files (x86)\IAR Systems\Embedded Workbench
#        7.3\stm8\config\lnkstm8s103f3.icf" --config_def _CSTACK_SIZE=0x100
#        --config_def _HEAP_SIZE=0x100 --entry __iar_program_start --debug_lib
#
###############################################################################

*******************************************************************************
*** RUNTIME MODEL ATTRIBUTES
***

__SystemLibrary            = DLib
__code_model               = small
__core                     = stm8
__data_model               = medium
__dlib_file_descriptor     = 0
__dlib_full_locale_support = 0
__rt_version               = 4


*******************************************************************************
*** PLACEMENT SUMMARY
***

"A1":  place at start of [0x000000-0x0000ff] { rw section .vregs };
"A2":  place at end of [0x000000-0x0003ff] { block CSTACK };
"A3":  place at start of [0x008000-0x009fff] { block INTVEC };
"P3":  place in [from 0x008000 to 0x009fff] {
          ro section __DLIB_PERTHREAD_init, ro section .far.data_init,
          ro section .far_func.textrw_init, ro section .huge.data_init,
          ro section .huge_func.textrw_init, ro section .iar.init_table,
          ro section .init_array, ro section .near.data_init,
          ro section .near.rodata, ro section .near_func.text,
          ro section .near_func.textrw_init, ro section .tiny.data_init,
          ro section .tiny.rodata_init };

  Section          Kind      Address   Size  Object
  -------          ----      -------   ----  ------
"A1":                                   0xc
  .vregs           uninit   0x000000    0xc  vregs.o [4]
                          - 0x00000c    0xc

"A2":                                 0x100
  CSTACK                    0x000300  0x100  <Block>
    CSTACK         uninit   0x000300  0x100  <Block tail>
                          - 0x000400  0x100

"A3":                                  0x80
  INTVEC                    0x008000   0x80  <Block>
    .intvec        const    0x008000   0x80  interrupt.o [4]
                          - 0x008080   0x80

"P3":                                 0x168
  .near_func.text  ro code  0x008080   0xaf  stm8s_gpio.o [1]
  .near_func.text  ro code  0x00812f   0x1a  main.o [1]
  .near_func.text  ro code  0x008149   0x18  vreg_util.o [4]
  .near_func.text  ro code  0x008161   0x17  init.o [4]
  .near_func.text  ro code  0x008178   0x14  main.o [1]
  .near_func.text  ro code  0x00818c   0x14  __dbg_xxexit.o [3]
  .near_func.text  ro code  0x0081a0   0x13  stm8s_clk.o [1]
  .near_func.text  ro code  0x0081b3   0x13  cstartup.o [4]
  .near_func.text  ro code  0x0081c6    0xc  led.o [1]
  .near_func.text  ro code  0x0081d2    0x5  cexit.o [4]
  .near_func.text  ro code  0x0081d7    0x4  stm8s_gpio.o [1]
  .near_func.text  ro code  0x0081db    0x3  interrupt.o [4]
  .near_func.text  ro code  0x0081de    0x3  low_level_init.o [4]
  .near_func.text  ro code  0x0081e1    0x3  exit.o [4]
  .near_func.text  ro code  0x0081e4    0x3  unhandled_exception.o [4]
  .near_func.text  ro code  0x0081e7    0x1  __dbg_break.o [3]
                          - 0x0081e8  0x168



*******************************************************************************
*** MODULE SUMMARY
***

    Module                 ro code  ro data  rw data
    ------                 -------  -------  -------
C:\Users\SHUQUEE8006\Desktop\zhao_cube_study\STM8\user\Debug\Obj: [1]
    led.o                       12
    main.o                      46
    stm8s_clk.o                 19
    stm8s_gpio.o               179
    ------------------------------------------------
    Total:                     256

command line: [2]
    ------------------------------------------------
    Total:

dbgstm8smd.a: [3]
    __dbg_break.o                1
    __dbg_xxexit.o              20
    ------------------------------------------------
    Total:                      21

dlstm8smn.a: [4]
    cexit.o                      5
    cstartup.o                  19
    exit.o                       3
    init.o                      23
    interrupt.o                  3      128
    low_level_init.o             3
    unhandled_exception.o        3
    vreg_util.o                 24
    vregs.o                                       12
    ------------------------------------------------
    Total:                      83      128       12

    Linker created                               256
----------------------------------------------------
    Grand Total:               360      128      268


*******************************************************************************
*** ENTRY LIST
***

Entry                      Address  Size  Type      Object
-----                      -------  ----  ----      ------
?b0                       0x000000        Data  Gb  vregs.o [4]
?b1                       0x000001        Data  Gb  vregs.o [4]
?b10                      0x00000a        Data  Gb  vregs.o [4]
?b11                      0x00000b        Data  Gb  vregs.o [4]
?b2                       0x000002        Data  Gb  vregs.o [4]
?b3                       0x000003        Data  Gb  vregs.o [4]
?b4                       0x000004        Data  Gb  vregs.o [4]
?b5                       0x000005        Data  Gb  vregs.o [4]
?b6                       0x000006        Data  Gb  vregs.o [4]
?b7                       0x000007        Data  Gb  vregs.o [4]
?b8                       0x000008        Data  Gb  vregs.o [4]
?b9                       0x000009        Data  Gb  vregs.o [4]
?e0                       0x000001        Data  Gb  vregs.o [4]
?e1                       0x000005        Data  Gb  vregs.o [4]
?e2                       0x000009        Data  Gb  vregs.o [4]
?l0                       0x000000        Data  Gb  vregs.o [4]
?l1                       0x000004        Data  Gb  vregs.o [4]
?l2                       0x000008        Data  Gb  vregs.o [4]
?push_w4                  0x008149        Code  Gb  vreg_util.o [4]
?w0                       0x000000        Data  Gb  vregs.o [4]
?w1                       0x000002        Data  Gb  vregs.o [4]
?w2                       0x000004        Data  Gb  vregs.o [4]
?w3                       0x000006        Data  Gb  vregs.o [4]
?w4                       0x000008        Data  Gb  vregs.o [4]
?w5                       0x00000a        Data  Gb  vregs.o [4]
CLK_HSIPrescalerConfig    0x0081a0  0x13  Code  Gb  stm8s_clk.o [1]
CSTACK$$Base              0x000300         --   Gb  - Linker created -
CSTACK$$Limit             0x000400         --   Gb  - Linker created -
GPIO_Init                 0x008080  0xaf  Code  Gb  stm8s_gpio.o [1]
GPIO_WriteLow             0x0081d7   0x4  Code  Gb  stm8s_gpio.o [1]
INTVEC$$Base              0x008000         --   Gb  - Linker created -
INTVEC$$Limit             0x008080         --   Gb  - Linker created -
Region$$Table$$Base     0x00000000         --   Gb  - Linker created -
Region$$Table$$Limit    0x00000000         --   Gb  - Linker created -
__DebugBreak              0x0081e7   0x1  Code  Gb  __dbg_break.o [3]
__exit                    0x00818c  0x14  Code  Gb  __dbg_xxexit.o [3]
__iar_data_init2          0x008161  0x17  Code  Gb  init.o [4]
__iar_program_start       0x0081b3        Code  Gb  cstartup.o [4]
__iar_unhandled_exception
                          0x0081e4        Code  Gb  unhandled_exception.o [4]
__intvec                  0x008000        Data  Gb  interrupt.o [4]
__low_level_init          0x0081de   0x3  Code  Gb  low_level_init.o [4]
_exit                     0x0081d2        Code  Gb  cexit.o [4]
delay                     0x00812f  0x1a  Code  Gb  main.o [1]
exit                      0x0081e1   0x3  Code  Gb  exit.o [4]
led_init                  0x0081c6   0xc  Code  Gb  led.o [1]
main                      0x008178  0x14  Code  Gb  main.o [1]


[1] = C:\Users\SHUQUEE8006\Desktop\zhao_cube_study\STM8\user\Debug\Obj
[2] = command line
[3] = dbgstm8smd.a
[4] = dlstm8smn.a

  360 bytes of readonly  code memory
  128 bytes of readonly  data memory
  268 bytes of readwrite data memory

Errors: none
Warnings: none
