###############################################################################
#
# IAR ELF Linker V2.20.1.176 for STM8                     28/Jan/2019  16:29:45
# Copyright 2010-2015 IAR Systems AB.
#
#    Output file  =  
#        C:\Users\SHUQUEE8006\Desktop\zhao_cube_study\si4463-stm8s103p6-¿âº¯Êý\user\Debug\Exe\si4463-stm8s.out
#    Map file     =  
#        C:\Users\SHUQUEE8006\Desktop\zhao_cube_study\si4463-stm8s103p6-¿âº¯Êý\user\Debug\List\si4463-stm8s.map
#    Command line =  
#        C:\Users\SHUQUEE8006\Desktop\zhao_cube_study\si4463-stm8s103p6-¿âº¯Êý\user\Debug\Obj\drv_delay.o
#        C:\Users\SHUQUEE8006\Desktop\zhao_cube_study\si4463-stm8s103p6-¿âº¯Êý\user\Debug\Obj\drv_io.o
#        C:\Users\SHUQUEE8006\Desktop\zhao_cube_study\si4463-stm8s103p6-¿âº¯Êý\user\Debug\Obj\drv_SI4438.o
#        C:\Users\SHUQUEE8006\Desktop\zhao_cube_study\si4463-stm8s103p6-¿âº¯Êý\user\Debug\Obj\drv_spi.o
#        C:\Users\SHUQUEE8006\Desktop\zhao_cube_study\si4463-stm8s103p6-¿âº¯Êý\user\Debug\Obj\drv_uart.o
#        C:\Users\SHUQUEE8006\Desktop\zhao_cube_study\si4463-stm8s103p6-¿âº¯Êý\user\Debug\Obj\main.o
#        C:\Users\SHUQUEE8006\Desktop\zhao_cube_study\si4463-stm8s103p6-¿âº¯Êý\user\Debug\Obj\stm8s_clk.o
#        C:\Users\SHUQUEE8006\Desktop\zhao_cube_study\si4463-stm8s103p6-¿âº¯Êý\user\Debug\Obj\stm8s_exti.o
#        C:\Users\SHUQUEE8006\Desktop\zhao_cube_study\si4463-stm8s103p6-¿âº¯Êý\user\Debug\Obj\stm8s_flash.o
#        C:\Users\SHUQUEE8006\Desktop\zhao_cube_study\si4463-stm8s103p6-¿âº¯Êý\user\Debug\Obj\stm8s_gpio.o
#        C:\Users\SHUQUEE8006\Desktop\zhao_cube_study\si4463-stm8s103p6-¿âº¯Êý\user\Debug\Obj\stm8s_it.o
#        C:\Users\SHUQUEE8006\Desktop\zhao_cube_study\si4463-stm8s103p6-¿âº¯Êý\user\Debug\Obj\stm8s_spi.o
#        C:\Users\SHUQUEE8006\Desktop\zhao_cube_study\si4463-stm8s103p6-¿âº¯Êý\user\Debug\Obj\stm8s_uart1.o
#        C:\Users\SHUQUEE8006\Desktop\zhao_cube_study\si4463-stm8s103p6-¿âº¯Êý\user\Debug\Obj\user_flash.o
#        --redirect _Printf=_PrintfSmall --redirect _Scanf=_ScanfSmall -o
#        C:\Users\SHUQUEE8006\Desktop\zhao_cube_study\si4463-stm8s103p6-¿âº¯Êý\user\Debug\Exe\si4463-stm8s.out
#        --map
#        C:\Users\SHUQUEE8006\Desktop\zhao_cube_study\si4463-stm8s103p6-¿âº¯Êý\user\Debug\List\si4463-stm8s.map
#        --config "C:\Program Files (x86)\IAR Systems\Embedded Workbench
#        7.3\stm8\config\lnkstm8s103f3.icf" --config_def _CSTACK_SIZE=0x100
#        --config_def _HEAP_SIZE=0x100 --entry __iar_program_start --debug_lib
#
###############################################################################

*******************************************************************************
*** RUNTIME MODEL ATTRIBUTES
***

__SystemLibrary            = DLib
__code_model               = small
__core                     = stm8
__data_model               = medium
__dlib_file_descriptor     = 0
__dlib_full_locale_support = 0
__rt_version               = 4


*******************************************************************************
*** PLACEMENT SUMMARY
***

"A1":  place at start of [0x000000-0x0000ff] { rw section .vregs };
"A2":  place at end of [0x000000-0x0003ff] { block CSTACK };
"P2":  place in [from 0x000000 to 0x0003ff] {
          block HEAP, rw section __DLIB_PERTHREAD, rw section .far.bss,
          rw section .far.data, rw section .far.noinit,
          rw section .far_func.textrw, rw section .huge.bss,
          rw section .huge.data, rw section .huge.noinit,
          rw section .huge_func.textrw, rw section .iar.dynexit,
          rw section .near.bss, rw section .near.data, rw section .near.noinit,
          rw section .near_func.textrw };
"A3":  place at start of [0x008000-0x009fff] { block INTVEC };
"P3":  place in [from 0x008000 to 0x009fff] {
          ro section __DLIB_PERTHREAD_init, ro section .far.data_init,
          ro section .far_func.textrw_init, ro section .huge.data_init,
          ro section .huge_func.textrw_init, ro section .iar.init_table,
          ro section .init_array, ro section .near.data_init,
          ro section .near.rodata, ro section .near_func.text,
          ro section .near_func.textrw_init, ro section .tiny.data_init,
          ro section .tiny.rodata_init };

  Section          Kind      Address    Size  Object
  -------          ----      -------    ----  ------
"A1":                                   0x10
  .vregs           uninit   0x000000    0x10  vregs.o [4]
                          - 0x000010    0x10

"P2", part 1 of 2:                     0x202
  .near.bss        zero     0x000010   0x202  main.o [1]
                          - 0x000212   0x202

"P2", part 2 of 2:                      0x56
  .near.bss        zero     0x000212    0x40  main.o [1]
  .near.bss        zero     0x000252     0x9  stm8s_it.o [1]
  .near.bss        zero     0x00025b     0x4  main.o [1]
  .near.bss        zero     0x00025f     0x2  stm8s_it.o [1]
  .near.bss        zero     0x000261     0x2  stm8s_it.o [1]
  .near.bss        zero     0x000263     0x2  stm8s_it.o [1]
  .near.bss        zero     0x000265     0x1  main.o [1]
  .near.bss        zero     0x000266     0x1  stm8s_it.o [1]
  .near.bss        zero     0x000267     0x1  stm8s_it.o [1]
                          - 0x000268    0x56

"A2":                                  0x100
  CSTACK                    0x000300   0x100  <Block>
    CSTACK         uninit   0x000300   0x100  <Block tail>
                          - 0x000400   0x100

"A3":                                   0x80
  INTVEC                    0x008000    0x80  <Block>
    .intvec        const    0x008000    0x80  interrupt.o [4]
                          - 0x008080    0x80

"P3":                                 0x111f
  .near.rodata     const    0x008080   0x16e  drv_SI4438.o [1]
  .near_func.text  ro code  0x0081ee   0x144  long.o [4]
  .near_func.text  ro code  0x008332   0x134  stm8s_uart1.o [1]
  .near_func.text  ro code  0x008466   0x105  vreg_util.o [4]
  .near_func.text  ro code  0x00856b    0xc1  main.o [1]
  .near_func.text  ro code  0x00862c    0xaf  stm8s_gpio.o [1]
  .near_func.text  ro code  0x0086db    0x90  stm8s_uart1.o [1]
  .near_func.text  ro code  0x00876b    0x79  drv_SI4438.o [1]
  .near_func.text  ro code  0x0087e4    0x78  stm8s_it.o [1]
  .near_func.text  ro code  0x00885c    0x6d  stm8s_exti.o [1]
  .near_func.text  ro code  0x0088c9    0x6c  stm8s_uart1.o [1]
  .near_func.text  ro code  0x008935    0x59  drv_spi.o [1]
  .near_func.text  ro code  0x00898e    0x58  stm8s_clk.o [1]
  .near_func.text  ro code  0x0089e6    0x57  stm8s_clk.o [1]
  .near_func.text  ro code  0x008a3d    0x54  drv_SI4438.o [1]
  .near_func.text  ro code  0x008a91    0x4e  drv_spi.o [1]
  .near_func.text  ro code  0x008adf    0x4e  drv_uart.o [1]
  .near_func.text  ro code  0x008b2d    0x48  drv_SI4438.o [1]
  .near_func.text  ro code  0x008b75    0x47  drv_SI4438.o [1]
  .near_func.text  ro code  0x008bbc    0x47  long_util.o [4]
  .near_func.text  ro code  0x008c03    0x46  drv_SI4438.o [1]
  .near_func.text  ro code  0x008c49    0x41  main.o [1]
  .near_func.text  ro code  0x008c8a    0x3f  drv_SI4438.o [1]
  .near_func.text  ro code  0x008cc9    0x3b  drv_SI4438.o [1]
  .near_func.text  ro code  0x008d04    0x38  drv_SI4438.o [1]
  .near_func.text  ro code  0x008d3c    0x38  drv_SI4438.o [1]
  .near_func.text  ro code  0x008d74    0x38  stm8s_spi.o [1]
  .near_func.text  ro code  0x008dac    0x30  drv_delay.o [1]
  .near_func.text  ro code  0x008ddc    0x2e  drv_SI4438.o [1]
  .near_func.text  ro code  0x008e0a    0x2e  stm8s_it.o [1]
  .near_func.text  ro code  0x008e38    0x2d  stm8s_uart1.o [1]
  .near_func.text  ro code  0x008e65    0x2d  user_flash.o [1]
  .near_func.text  ro code  0x008e92    0x29  user_flash.o [1]
  .near_func.text  ro code  0x008ebb    0x28  drv_SI4438.o [1]
  .near_func.text  ro code  0x008ee3    0x27  drv_SI4438.o [1]
  .near_func.text  ro code  0x008f0a    0x27  stm8s_uart1.o [1]
  .near_func.text  ro code  0x008f31    0x25  drv_SI4438.o [1]
  .near_func.text  ro code  0x008f56    0x25  dc_util.o [4]
  .near_func.text  ro code  0x008f7b    0x22  user_flash.o [1]
  .iar.init_table  const    0x008f9d     0xc  - Linker created -
  .near_func.text  ro code  0x008fa9    0x20  drv_SI4438.o [1]
  .near_func.text  ro code  0x008fc9    0x1e  init_small.o [4]
  .near_func.text  ro code  0x008fe7    0x1b  drv_delay.o [1]
  .near_func.text  ro code  0x009002    0x1b  drv_io.o [1]
  .near_func.text  ro code  0x00901d    0x17  memset.o [4]
  .near_func.text  ro code  0x009034    0x17  init.o [4]
  .near_func.text  ro code  0x00904b    0x16  stm8s_flash.o [1]
  .near_func.text  ro code  0x009061    0x15  drv_SI4438.o [1]
  .near_func.text  ro code  0x009076    0x15  stm8s_spi.o [1]
  .near_func.text  ro code  0x00908b    0x15  stm8s_spi.o [1]
  .near_func.text  ro code  0x0090a0    0x14  stm8s_spi.o [1]
  .near_func.text  ro code  0x0090b4    0x14  __dbg_xxexit.o [3]
  .near_func.text  ro code  0x0090c8    0x13  cstartup.o [4]
  .near_func.text  ro code  0x0090db     0xf  stm8s_uart1.o [1]
  .near_func.text  ro code  0x0090ea     0xd  stm8s_uart1.o [1]
  .near_func.text  ro code  0x0090f7     0xd  move.o [4]
  .near_func.text  ro code  0x009104     0xd  short.o [4]
  .near_func.text  ro code  0x009111     0xb  stm8s_exti.o [1]
  .near_func.text  ro code  0x00911c     0xb  stm8s_flash.o [1]
  .near.rodata     const    0x009127     0xa  drv_SI4438.o [1]
  .near.rodata     const    0x009131     0x7  drv_SI4438.o [1]
  .near_func.text  ro code  0x009138     0x7  stm8s_flash.o [1]
  .near_func.text  ro code  0x00913f     0x7  stm8s_gpio.o [1]
  .near_func.text  ro code  0x009146     0x6  char.o [4]
  .near.rodata     const    0x00914c     0x5  drv_SI4438.o [1]
  .near.rodata     const    0x009151     0x5  drv_SI4438.o [1]
  .near_func.text  ro code  0x009156     0x5  stm8s_flash.o [1]
  .near_func.text  ro code  0x00915b     0x5  stm8s_gpio.o [1]
  .near_func.text  ro code  0x009160     0x5  cexit.o [4]
  .near.rodata     const    0x009165     0x4  drv_SI4438.o [1]
  .near.rodata     const    0x009169     0x4  stm8s_clk.o [1]
  .near_func.text  ro code  0x00916d     0x4  stm8s_flash.o [1]
  .near_func.text  ro code  0x009171     0x4  stm8s_flash.o [1]
  .near_func.text  ro code  0x009175     0x4  stm8s_gpio.o [1]
  .near.rodata     const    0x009179     0x3  drv_SI4438.o [1]
  .near_func.text  ro code  0x00917c     0x3  interrupt.o [4]
  .near_func.text  ro code  0x00917f     0x3  low_level_init.o [4]
  .near_func.text  ro code  0x009182     0x3  exit.o [4]
  .near_func.text  ro code  0x009185     0x3  unhandled_exception.o [4]
  .near.rodata     const    0x009188     0x2  drv_SI4438.o [1]
  .near.rodata     const    0x00918a     0x2  drv_SI4438.o [1]
  .near_func.text  ro code  0x00918c     0x1  stm8s_it.o [1]
  .near_func.text  ro code  0x00918d     0x1  stm8s_it.o [1]
  .near_func.text  ro code  0x00918e     0x1  stm8s_it.o [1]
  .near_func.text  ro code  0x00918f     0x1  stm8s_it.o [1]
  .near_func.text  ro code  0x009190     0x1  stm8s_it.o [1]
  .near_func.text  ro code  0x009191     0x1  stm8s_it.o [1]
  .near_func.text  ro code  0x009192     0x1  stm8s_it.o [1]
  .near_func.text  ro code  0x009193     0x1  stm8s_it.o [1]
  .near_func.text  ro code  0x009194     0x1  stm8s_it.o [1]
  .near_func.text  ro code  0x009195     0x1  stm8s_it.o [1]
  .near_func.text  ro code  0x009196     0x1  stm8s_it.o [1]
  .near_func.text  ro code  0x009197     0x1  stm8s_it.o [1]
  .near_func.text  ro code  0x009198     0x1  stm8s_it.o [1]
  .near_func.text  ro code  0x009199     0x1  stm8s_it.o [1]
  .near_func.text  ro code  0x00919a     0x1  stm8s_it.o [1]
  .near_func.text  ro code  0x00919b     0x1  stm8s_it.o [1]
  .near_func.text  ro code  0x00919c     0x1  stm8s_it.o [1]
  .near_func.text  ro code  0x00919d     0x1  stm8s_it.o [1]
  .near_func.text  ro code  0x00919e     0x1  __dbg_break.o [3]
                          - 0x00919f  0x111f


*******************************************************************************
*** INIT TABLE
***

          Address   Size
          -------   ----
Zero (__iar_zero_init2)
    2 destination ranges, total size 0x258:
          0x000010  0x202
          0x000212   0x56



*******************************************************************************
*** MODULE SUMMARY
***

    Module                 ro code  ro data  rw data
    ------                 -------  -------  -------
C:\Users\SHUQUEE8006\Desktop\zhao_cube_study\si4463-stm8s103p6-¿âº¯Êý\user\Debug\Obj: [1]
    drv_SI4438.o               867      404
    drv_delay.o                 75
    drv_io.o                    27
    drv_spi.o                  167
    drv_uart.o                  78
    main.o                     258               583
    stm8s_clk.o                175        4
    stm8s_exti.o               120
    stm8s_flash.o               53
    stm8s_gpio.o               191
    stm8s_it.o                 184                17
    stm8s_spi.o                118
    stm8s_uart1.o              672
    user_flash.o               120
    ------------------------------------------------
    Total:                   3 105      408      600

command line: [2]
    ------------------------------------------------
    Total:

dbgstm8smd.a: [3]
    __dbg_break.o                1
    __dbg_xxexit.o              20
    ------------------------------------------------
    Total:                      21

dlstm8smn.a: [4]
    cexit.o                      5
    char.o                       6
    cstartup.o                  19
    dc_util.o                   37
    exit.o                       3
    init.o                      23
    init_small.o                30
    interrupt.o                  3      128
    long.o                     324
    long_util.o                 71
    low_level_init.o             3
    memset.o                    23
    move.o                      13
    short.o                     13
    unhandled_exception.o        3
    vreg_util.o                261
    vregs.o                                       16
    ------------------------------------------------
    Total:                     837      128       16

    Linker created                       12      256
----------------------------------------------------
    Grand Total:             3 963      548      872


*******************************************************************************
*** ENTRY LIST
***

Entry                    Address   Size  Type      Object
-----                    -------   ----  ----      ------
.iar.init_table$$Base   0x008f9d          --   Gb  - Linker created -
.iar.init_table$$Limit  0x008fa9          --   Gb  - Linker created -
?b0                     0x000000         Data  Gb  vregs.o [4]
?b1                     0x000001         Data  Gb  vregs.o [4]
?b10                    0x00000a         Data  Gb  vregs.o [4]
?b11                    0x00000b         Data  Gb  vregs.o [4]
?b12                    0x00000c         Data  Gb  vregs.o [4]
?b13                    0x00000d         Data  Gb  vregs.o [4]
?b14                    0x00000e         Data  Gb  vregs.o [4]
?b15                    0x00000f         Data  Gb  vregs.o [4]
?b2                     0x000002         Data  Gb  vregs.o [4]
?b3                     0x000003         Data  Gb  vregs.o [4]
?b4                     0x000004         Data  Gb  vregs.o [4]
?b5                     0x000005         Data  Gb  vregs.o [4]
?b6                     0x000006         Data  Gb  vregs.o [4]
?b7                     0x000007         Data  Gb  vregs.o [4]
?b8                     0x000008         Data  Gb  vregs.o [4]
?b9                     0x000009         Data  Gb  vregs.o [4]
?dc32_l0                0x008f56         Code  Gb  dc_util.o [4]
?dc32_l1                0x008f63         Code  Gb  dc_util.o [4]
?dc32_px                0x008f70         Code  Gb  dc_util.o [4]
?dec32_0x_0x            0x0081f3         Code  Gb  long.o [4]
?dec32_l0_l0            0x0081ee         Code  Gb  long.o [4]
?e0                     0x000001         Data  Gb  vregs.o [4]
?e1                     0x000005         Data  Gb  vregs.o [4]
?e2                     0x000009         Data  Gb  vregs.o [4]
?e3                     0x00000d         Data  Gb  vregs.o [4]
?epilogue_l2            0x008501         Code  Gb  vreg_util.o [4]
?epilogue_l2_l3         0x0084fe         Code  Gb  vreg_util.o [4]
?epilogue_l2_w6         0x008505         Code  Gb  vreg_util.o [4]
?epilogue_w4            0x00850c         Code  Gb  vreg_util.o [4]
?l0                     0x000000         Data  Gb  vregs.o [4]
?l1                     0x000004         Data  Gb  vregs.o [4]
?l2                     0x000008         Data  Gb  vregs.o [4]
?l3                     0x00000c         Data  Gb  vregs.o [4]
?load32_0x_l0           0x008bf5         Code  Gb  long_util.o [4]
?load32_asp_l0          0x008be9         Code  Gb  long_util.o [4]
?load32_dbsp_l0         0x008be4         Code  Gb  long_util.o [4]
?load32_l0_0x           0x008bcc         Code  Gb  long_util.o [4]
?load32_l0_asp          0x008bc1         Code  Gb  long_util.o [4]
?load32_l0_dbsp         0x008bbc         Code  Gb  long_util.o [4]
?load32_l0_xsp          0x008bc3         Code  Gb  long_util.o [4]
?load32_l1_0x           0x008bd8         Code  Gb  long_util.o [4]
?load32_xsp_l0          0x008beb         Code  Gb  long_util.o [4]
?mov_e0_e1              0x008513         Code  Gb  vreg_util.o [4]
?mov_e0_e2              0x008520         Code  Gb  vreg_util.o [4]
?mov_e0_e3              0x00852d         Code  Gb  vreg_util.o [4]
?mov_e1_e0              0x00853a         Code  Gb  vreg_util.o [4]
?mov_e1_e2              0x008547         Code  Gb  vreg_util.o [4]
?mov_e2_e0              0x008554         Code  Gb  vreg_util.o [4]
?mov_e3_e0              0x008561         Code  Gb  vreg_util.o [4]
?mov_l0_l1              0x008510         Code  Gb  vreg_util.o [4]
?mov_l0_l2              0x00851d         Code  Gb  vreg_util.o [4]
?mov_l0_l3              0x00852a         Code  Gb  vreg_util.o [4]
?mov_l1_l0              0x008537         Code  Gb  vreg_util.o [4]
?mov_l1_l2              0x008544         Code  Gb  vreg_util.o [4]
?mov_l2_l0              0x008551         Code  Gb  vreg_util.o [4]
?mov_l3_l0              0x00855e         Code  Gb  vreg_util.o [4]
?mov_w1_w3              0x008516         Code  Gb  vreg_util.o [4]
?mov_w1_w5              0x008523         Code  Gb  vreg_util.o [4]
?mov_w1_w7              0x008530         Code  Gb  vreg_util.o [4]
?mov_w3_w1              0x00853d         Code  Gb  vreg_util.o [4]
?mov_w3_w5              0x00854a         Code  Gb  vreg_util.o [4]
?mov_w5_w1              0x008557         Code  Gb  vreg_util.o [4]
?mov_w7_w1              0x008564         Code  Gb  vreg_util.o [4]
?move1616_v_x_y_a       0x0090f7         Code  Gb  move.o [4]
?mul32_l0_l0_0x         0x008225         Code  Gb  long.o [4]
?mul32_l0_l0_dl         0x008222         Code  Gb  long.o [4]
?mul32_l0_l0_l1         0x00822e         Code  Gb  long.o [4]
?pop_l0                 0x0084ca         Code  Gb  vreg_util.o [4]
?pop_l1                 0x0084d5         Code  Gb  vreg_util.o [4]
?pop_l2                 0x0084e0         Code  Gb  vreg_util.o [4]
?pop_l3                 0x0084eb         Code  Gb  vreg_util.o [4]
?pop_w4                 0x008483         Code  Gb  vreg_util.o [4]
?pop_w6                 0x00848a         Code  Gb  vreg_util.o [4]
?push_l0                0x008499         Code  Gb  vreg_util.o [4]
?push_l1                0x00849e         Code  Gb  vreg_util.o [4]
?push_l2                0x0084a3         Code  Gb  vreg_util.o [4]
?push_l3                0x0084a8         Code  Gb  vreg_util.o [4]
?push_w4                0x008466         Code  Gb  vreg_util.o [4]
?push_w6                0x00846b         Code  Gb  vreg_util.o [4]
?sll16_x_x_a            0x009104         Code  Gb  short.o [4]
?sll32_0x_0x_a          0x008324         Code  Gb  long.o [4]
?sll32_l0_l0_a          0x008321         Code  Gb  long.o [4]
?sll8_a_a_5             0x009147         Code  Gb  char.o [4]
?sll8_a_a_6             0x009146         Code  Gb  char.o [4]
?srl16_x_x_4            0x00910c         Code  Gb  short.o [4]
?sub32_l0_l0_0x         0x00820a         Code  Gb  long.o [4]
?sub32_l0_l0_l1         0x008207         Code  Gb  long.o [4]
?udiv32_l0_dl_l1        0x0082ac         Code  Gb  long.o [4]
?udiv32_l0_l0_dl        0x0082b1         Code  Gb  long.o [4]
?udiv32_l0_l0_l1        0x0082b4         Code  Gb  long.o [4]
?umod32_l1_l0_l1        0x0082b4         Code  Gb  long.o [4]
?w0                     0x000000         Data  Gb  vregs.o [4]
?w1                     0x000002         Data  Gb  vregs.o [4]
?w2                     0x000004         Data  Gb  vregs.o [4]
?w3                     0x000006         Data  Gb  vregs.o [4]
?w4                     0x000008         Data  Gb  vregs.o [4]
?w5                     0x00000a         Data  Gb  vregs.o [4]
?w6                     0x00000c         Data  Gb  vregs.o [4]
?w7                     0x00000e         Data  Gb  vregs.o [4]
ADC1_IRQHandler         0x00919b    0x1  Code  Gb  stm8s_it.o [1]
AWU_IRQHandler          0x00918e    0x1  Code  Gb  stm8s_it.o [1]
CLK_GetClockFreq        0x0089e6   0x57  Code  Gb  stm8s_clk.o [1]
CLK_IRQHandler          0x00918f    0x1  Code  Gb  stm8s_it.o [1]
CLK_PeripheralClockConfig
                        0x00898e   0x58  Code  Gb  stm8s_clk.o [1]
CSTACK$$Base            0x000300          --   Gb  - Linker created -
CSTACK$$Limit           0x000400          --   Gb  - Linker created -
DMXSignalFlag           0x000267    0x1  Data  Gb  stm8s_it.o [1]
EEPROM_EEC_IRQHandler   0x00919d    0x1  Code  Gb  stm8s_it.o [1]
EXTI_PORTA_IRQHandler   0x009190    0x1  Code  Gb  stm8s_it.o [1]
EXTI_PORTB_IRQHandler   0x009191    0x1  Code  Gb  stm8s_it.o [1]
EXTI_PORTC_IRQHandler   0x009192    0x1  Code  Gb  stm8s_it.o [1]
EXTI_PORTD_IRQHandler   0x008e0a   0x2e  Code  Gb  stm8s_it.o [1]
EXTI_PORTE_IRQHandler   0x009193    0x1  Code  Gb  stm8s_it.o [1]
EXTI_SetExtIntSensitivity
                        0x00885c   0x6d  Code  Gb  stm8s_exti.o [1]
EXTI_SetTLISensitivity  0x009111    0xb  Code  Gb  stm8s_exti.o [1]
FLASH_EraseByte         0x009156    0x5  Code  Gb  stm8s_flash.o [1]
FLASH_Lock              0x009138    0x7  Code  Gb  stm8s_flash.o [1]
FLASH_ProgramByte       0x00916d    0x4  Code  Gb  stm8s_flash.o [1]
FLASH_ReadByte          0x009171    0x4  Code  Gb  stm8s_flash.o [1]
FLASH_SetProgrammingTime
                        0x00911c    0xb  Code  Gb  stm8s_flash.o [1]
FLASH_Unlock            0x00904b   0x16  Code  Gb  stm8s_flash.o [1]
GPIO_Config             0x009002   0x1b  Code  Gb  drv_io.o [1]
GPIO_Init               0x00862c   0xaf  Code  Gb  stm8s_gpio.o [1]
GPIO_ReadInputData      0x00915b    0x5  Code  Gb  stm8s_gpio.o [1]
GPIO_WriteHigh          0x00913f    0x7  Code  Gb  stm8s_gpio.o [1]
GPIO_WriteLow           0x009175    0x4  Code  Gb  stm8s_gpio.o [1]
HSIDivFactor            0x009169    0x4  Data  Gb  stm8s_clk.o [1]
I2C_IRQHandler          0x00919a    0x1  Code  Gb  stm8s_it.o [1]
INTVEC$$Base            0x008000          --   Gb  - Linker created -
INTVEC$$Limit           0x008080          --   Gb  - Linker created -
LongPacketData          0x00025b    0x4  Data  Gb  main.o [1]
PacketTxData            0x000010  0x202  Data  Gb  main.o [1]
RXB8                    0x000261    0x2  Data  Lc  stm8s_it.o [1]
Region$$Table$$Base     0x008f9d          --   Gb  - Linker created -
Region$$Table$$Limit    0x008fa9          --   Gb  - Linker created -
SI446x_Change_Status    0x008ee3   0x27  Code  Gb  drv_SI4438.o [1]
SI446x_Config_Gpio      0x008b2d   0x48  Code  Gb  drv_SI4438.o [1]
SI446x_Config_Init      0x008a3d   0x54  Code  Gb  drv_SI4438.o [1]
SI446x_Get_Device_Status
                        0x008ddc   0x2e  Code  Gb  drv_SI4438.o [1]
SI446x_Gpio_Init        0x008fa9   0x20  Code  Gb  drv_SI4438.o [1]
SI446x_Init             0x008ebb   0x28  Code  Gb  drv_SI4438.o [1]
SI446x_Interrupt_Status
                        0x008d3c   0x38  Code  Gb  drv_SI4438.o [1]
SI446x_Power_Up         0x008d04   0x38  Code  Gb  drv_SI4438.o [1]
SI446x_Read_Response    0x008c03   0x46  Code  Gb  drv_SI4438.o [1]
SI446x_Reset            0x009061   0x15  Code  Gb  drv_SI4438.o [1]
SI446x_Reset_TxFifo     0x008f31   0x25  Code  Gb  drv_SI4438.o [1]
SI446x_Send_Packet      0x00876b   0x79  Code  Gb  drv_SI4438.o [1]
SI446x_Set_Power        0x008cfe    0x6  Code  Gb  drv_SI4438.o [1]
SI446x_Set_Property_1   0x008cc9   0x35  Code  Gb  drv_SI4438.o [1]
SI446x_Wait_Cts         0x008b75   0x47  Code  Gb  drv_SI4438.o [1]
SI446x_Write_Cmds       0x008c8a   0x3f  Code  Gb  drv_SI4438.o [1]
SPI_Cmd                 0x00908b    0xd  Code  Gb  stm8s_spi.o [1]
SPI_DeInit              0x009076   0x15  Code  Gb  stm8s_spi.o [1]
SPI_GetFlagStatus       0x0090a0   0x14  Code  Gb  stm8s_spi.o [1]
SPI_IRQHandler          0x009194    0x1  Code  Gb  stm8s_it.o [1]
SPI_Init                0x008d74   0x38  Code  Gb  stm8s_spi.o [1]
SPI_ReceiveData         0x00909c    0x4  Code  Gb  stm8s_spi.o [1]
SPI_SendData            0x009098    0x4  Code  Gb  stm8s_spi.o [1]
TIM1_CAP_COM_IRQHandler
                        0x009196    0x1  Code  Gb  stm8s_it.o [1]
TIM1_UPD_OVF_TRG_BRK_IRQHandler
                        0x009195    0x1  Code  Gb  stm8s_it.o [1]
TIM2_CAP_COM_IRQHandler
                        0x009198    0x1  Code  Gb  stm8s_it.o [1]
TIM2_UPD_OVF_BRK_IRQHandler
                        0x009197    0x1  Code  Gb  stm8s_it.o [1]
TIM4_UPD_OVF_IRQHandler
                        0x00919c    0x1  Code  Gb  stm8s_it.o [1]
TLI_IRQHandler          0x00918d    0x1  Code  Gb  stm8s_it.o [1]
TRAP_IRQHandler         0x00918c    0x1  Code  Gb  stm8s_it.o [1]
UART1_ClearITPendingBit
                        0x0090db    0xf  Code  Gb  stm8s_uart1.o [1]
UART1_Cmd               0x0090ea    0xd  Code  Gb  stm8s_uart1.o [1]
UART1_DeInit            0x008e38   0x2d  Code  Gb  stm8s_uart1.o [1]
UART1_GetITStatus       0x0086db   0x90  Code  Gb  stm8s_uart1.o [1]
UART1_ITConfig          0x0088c9   0x6c  Code  Gb  stm8s_uart1.o [1]
UART1_Init              0x008332  0x134  Code  Gb  stm8s_uart1.o [1]
UART1_RX_IRQHandler     0x0087e4   0x78  Code  Gb  stm8s_it.o [1]
UART1_ReceiveData9      0x008f0a   0x27  Code  Gb  stm8s_uart1.o [1]
UART1_TX_IRQHandler     0x009199    0x1  Code  Gb  stm8s_it.o [1]
UDR                     0x00025f    0x2  Data  Lc  stm8s_it.o [1]
__DebugBreak            0x00919e    0x1  Code  Gb  __dbg_break.o [3]
__exit                  0x0090b4   0x14  Code  Gb  __dbg_xxexit.o [3]
__iar_data_init2        0x009034   0x17  Code  Gb  init.o [4]
__iar_program_start     0x0090c8         Code  Gb  cstartup.o [4]
__iar_unhandled_exception
                        0x009185         Code  Gb  unhandled_exception.o [4]
__iar_zero_init2        0x008fc9         Code  Gb  init_small.o [4]
__intvec                0x008000         Data  Gb  interrupt.o [4]
__low_level_init        0x00917f    0x3  Code  Gb  low_level_init.o [4]
_exit                   0x009160         Code  Gb  cexit.o [4]
_interrupt_1            0x00918c         Code  Gb  stm8s_it.o [1]
_interrupt_12           0x009194         Code  Gb  stm8s_it.o [1]
_interrupt_13           0x009195         Code  Gb  stm8s_it.o [1]
_interrupt_14           0x009196         Code  Gb  stm8s_it.o [1]
_interrupt_15           0x009197         Code  Gb  stm8s_it.o [1]
_interrupt_16           0x009198         Code  Gb  stm8s_it.o [1]
_interrupt_19           0x009199         Code  Gb  stm8s_it.o [1]
_interrupt_2            0x00918d         Code  Gb  stm8s_it.o [1]
_interrupt_20           0x0087e4         Code  Gb  stm8s_it.o [1]
_interrupt_21           0x00919a         Code  Gb  stm8s_it.o [1]
_interrupt_24           0x00919b         Code  Gb  stm8s_it.o [1]
_interrupt_25           0x00919c         Code  Gb  stm8s_it.o [1]
_interrupt_26           0x00919d         Code  Gb  stm8s_it.o [1]
_interrupt_3            0x00918e         Code  Gb  stm8s_it.o [1]
_interrupt_4            0x00918f         Code  Gb  stm8s_it.o [1]
_interrupt_5            0x009190         Code  Gb  stm8s_it.o [1]
_interrupt_6            0x009191         Code  Gb  stm8s_it.o [1]
_interrupt_7            0x009192         Code  Gb  stm8s_it.o [1]
_interrupt_8            0x008e0a         Code  Gb  stm8s_it.o [1]
_interrupt_9            0x009193         Code  Gb  stm8s_it.o [1]
channel                 0x000265    0x1  Data  Gb  main.o [1]
config_table            0x008080  0x16e  Data  Lc  drv_SI4438.o [1]
drv_delay_1ms           0x008dac   0x30  Code  Lc  drv_delay.o [1]
drv_delay_ms            0x008fe7   0x1b  Code  Gb  drv_delay.o [1]
drv_spi_init            0x008935   0x59  Code  Gb  drv_spi.o [1]
drv_spi_read_write_byte
                        0x008a91   0x4e  Code  Gb  drv_spi.o [1]
drv_uart_init           0x008adf   0x4e  Code  Gb  drv_uart.o [1]
exit                    0x009182    0x3  Code  Gb  exit.o [4]
fDMX_buf_right          0x000266    0x1  Data  Lc  stm8s_it.o [1]
flash_channel           0x008f7b   0x22  Code  Gb  user_flash.o [1]
main                    0x008c49   0x41  Code  Gb  main.o [1]
memset                  0x00901d   0x17  Code  Gb  memset.o [4]
pDMX_buf                0x000263    0x2  Data  Lc  stm8s_it.o [1]
set_packages            0x00856b   0xc1  Code  Gb  main.o [1]
si4463_tx_buff          0x000212   0x40  Data  Gb  main.o [1]
t_SI4463ItStatus        0x000252    0x9  Data  Gb  stm8s_it.o [1]
user_read_flash         0x008e92   0x29  Code  Gb  user_flash.o [1]
user_write_flash        0x008e65   0x2d  Code  Gb  user_flash.o [1]


[1] = C:\Users\SHUQUEE8006\Desktop\zhao_cube_study\si4463-stm8s103p6-¿âº¯Êý\user\Debug\Obj
[2] = command line
[3] = dbgstm8smd.a
[4] = dlstm8smn.a

  3 963 bytes of readonly  code memory
    548 bytes of readonly  data memory
    872 bytes of readwrite data memory

Errors: none
Warnings: none
