###############################################################################
#
# IAR ELF Linker V2.20.1.176 for STM8                     20/Feb/2019  14:05:27
# Copyright 2010-2015 IAR Systems AB.
#
#    Output file  =  
#        C:\Users\SHUQUEE8006\Desktop\zhao_cube_study\si4463-stm8s103p6-¿âº¯Êý\user\Debug\Exe\si4463-stm8s.out
#    Map file     =  
#        C:\Users\SHUQUEE8006\Desktop\zhao_cube_study\si4463-stm8s103p6-¿âº¯Êý\user\Debug\List\si4463-stm8s.map
#    Command line =  
#        C:\Users\SHUQUEE8006\Desktop\zhao_cube_study\si4463-stm8s103p6-¿âº¯Êý\user\Debug\Obj\drv_delay.o
#        C:\Users\SHUQUEE8006\Desktop\zhao_cube_study\si4463-stm8s103p6-¿âº¯Êý\user\Debug\Obj\drv_io.o
#        C:\Users\SHUQUEE8006\Desktop\zhao_cube_study\si4463-stm8s103p6-¿âº¯Êý\user\Debug\Obj\drv_SI4438.o
#        C:\Users\SHUQUEE8006\Desktop\zhao_cube_study\si4463-stm8s103p6-¿âº¯Êý\user\Debug\Obj\drv_spi.o
#        C:\Users\SHUQUEE8006\Desktop\zhao_cube_study\si4463-stm8s103p6-¿âº¯Êý\user\Debug\Obj\drv_uart.o
#        C:\Users\SHUQUEE8006\Desktop\zhao_cube_study\si4463-stm8s103p6-¿âº¯Êý\user\Debug\Obj\main.o
#        C:\Users\SHUQUEE8006\Desktop\zhao_cube_study\si4463-stm8s103p6-¿âº¯Êý\user\Debug\Obj\modbus_crc.o
#        C:\Users\SHUQUEE8006\Desktop\zhao_cube_study\si4463-stm8s103p6-¿âº¯Êý\user\Debug\Obj\stm8s_clk.o
#        C:\Users\SHUQUEE8006\Desktop\zhao_cube_study\si4463-stm8s103p6-¿âº¯Êý\user\Debug\Obj\stm8s_exti.o
#        C:\Users\SHUQUEE8006\Desktop\zhao_cube_study\si4463-stm8s103p6-¿âº¯Êý\user\Debug\Obj\stm8s_flash.o
#        C:\Users\SHUQUEE8006\Desktop\zhao_cube_study\si4463-stm8s103p6-¿âº¯Êý\user\Debug\Obj\stm8s_gpio.o
#        C:\Users\SHUQUEE8006\Desktop\zhao_cube_study\si4463-stm8s103p6-¿âº¯Êý\user\Debug\Obj\stm8s_it.o
#        C:\Users\SHUQUEE8006\Desktop\zhao_cube_study\si4463-stm8s103p6-¿âº¯Êý\user\Debug\Obj\stm8s_spi.o
#        C:\Users\SHUQUEE8006\Desktop\zhao_cube_study\si4463-stm8s103p6-¿âº¯Êý\user\Debug\Obj\stm8s_uart1.o
#        C:\Users\SHUQUEE8006\Desktop\zhao_cube_study\si4463-stm8s103p6-¿âº¯Êý\user\Debug\Obj\user_flash.o
#        --redirect _Printf=_PrintfSmall --redirect _Scanf=_ScanfSmall -o
#        C:\Users\SHUQUEE8006\Desktop\zhao_cube_study\si4463-stm8s103p6-¿âº¯Êý\user\Debug\Exe\si4463-stm8s.out
#        --map
#        C:\Users\SHUQUEE8006\Desktop\zhao_cube_study\si4463-stm8s103p6-¿âº¯Êý\user\Debug\List\si4463-stm8s.map
#        --config "C:\Program Files (x86)\IAR Systems\Embedded Workbench
#        7.3\stm8\config\lnkstm8s103f3.icf" --config_def _CSTACK_SIZE=0x100
#        --config_def _HEAP_SIZE=0x100 --entry __iar_program_start --debug_lib
#
###############################################################################

*******************************************************************************
*** RUNTIME MODEL ATTRIBUTES
***

__SystemLibrary            = DLib
__code_model               = small
__core                     = stm8
__data_model               = medium
__dlib_file_descriptor     = 0
__dlib_full_locale_support = 0
__rt_version               = 4


*******************************************************************************
*** PLACEMENT SUMMARY
***

"A1":  place at start of [0x000000-0x0000ff] { rw section .vregs };
"A2":  place at end of [0x000000-0x0003ff] { block CSTACK };
"P2":  place in [from 0x000000 to 0x0003ff] {
          block HEAP, rw section __DLIB_PERTHREAD, rw section .far.bss,
          rw section .far.data, rw section .far.noinit,
          rw section .far_func.textrw, rw section .huge.bss,
          rw section .huge.data, rw section .huge.noinit,
          rw section .huge_func.textrw, rw section .iar.dynexit,
          rw section .near.bss, rw section .near.data, rw section .near.noinit,
          rw section .near_func.textrw };
"A3":  place at start of [0x008000-0x009fff] { block INTVEC };
"P3":  place in [from 0x008000 to 0x009fff] {
          ro section __DLIB_PERTHREAD_init, ro section .far.data_init,
          ro section .far_func.textrw_init, ro section .huge.data_init,
          ro section .huge_func.textrw_init, ro section .iar.init_table,
          ro section .init_array, ro section .near.data_init,
          ro section .near.rodata, ro section .near_func.text,
          ro section .near_func.textrw_init, ro section .tiny.data_init,
          ro section .tiny.rodata_init };

  Section          Kind      Address    Size  Object
  -------          ----      -------    ----  ------
"A1":                                   0x10
  .vregs           uninit   0x000000    0x10  vregs.o [4]
                          - 0x000010    0x10

"P2", part 1 of 2:                     0x203
  .near.bss        zero     0x000010   0x203  main.o [1]
                          - 0x000213   0x203

"P2", part 2 of 2:                      0x79
  .near.bss        zero     0x000213    0x40  main.o [1]
  .near.bss        zero     0x000253    0x15  main.o [1]
  .near.bss        zero     0x000268     0x9  main.o [1]
  .near.bss        zero     0x000271     0x9  stm8s_it.o [1]
  .near.bss        zero     0x00027a     0x4  main.o [1]
  .near.bss        zero     0x00027e     0x2  main.o [1]
  .near.bss        zero     0x000280     0x2  main.o [1]
  .near.bss        zero     0x000282     0x2  stm8s_it.o [1]
  .near.bss        zero     0x000284     0x2  stm8s_it.o [1]
  .near.bss        zero     0x000286     0x2  stm8s_it.o [1]
  .near.bss        zero     0x000288     0x1  main.o [1]
  .near.bss        zero     0x000289     0x1  main.o [1]
  .near.bss        zero     0x00028a     0x1  main.o [1]
  .near.bss        zero     0x00028b     0x1  stm8s_it.o [1]
                          - 0x00028c    0x79

"A2":                                  0x100
  CSTACK                    0x000300   0x100  <Block>
    CSTACK         uninit   0x000300   0x100  <Block tail>
                          - 0x000400   0x100

"A3":                                   0x80
  INTVEC                    0x008000    0x80  <Block>
    .intvec        const    0x008000    0x80  interrupt.o [4]
                          - 0x008080    0x80

"P3":                                 0x1630
  .near.rodata     const    0x008080   0x16e  drv_SI4438.o [1]
  .near_func.text  ro code  0x0081ee   0x144  long.o [4]
  .near_func.text  ro code  0x008332   0x134  stm8s_uart1.o [1]
  .near_func.text  ro code  0x008466   0x11c  main.o [1]
  .near_func.text  ro code  0x008582   0x10c  vreg_util.o [4]
  .near.rodata     const    0x00868e   0x100  modbus_crc.o [1]
  .near.rodata     const    0x00878e   0x100  modbus_crc.o [1]
  .near_func.text  ro code  0x00888e    0xaf  stm8s_gpio.o [1]
  .near_func.text  ro code  0x00893d    0xa5  main.o [1]
  .near_func.text  ro code  0x0089e2    0x90  stm8s_uart1.o [1]
  .near_func.text  ro code  0x008a72    0x8d  stm8s_it.o [1]
  .near_func.text  ro code  0x008aff    0x81  main.o [1]
  .near_func.text  ro code  0x008b80    0x79  drv_SI4438.o [1]
  .near_func.text  ro code  0x008bf9    0x76  main.o [1]
  .near_func.text  ro code  0x008c6f    0x6d  stm8s_exti.o [1]
  .near_func.text  ro code  0x008cdc    0x6c  stm8s_uart1.o [1]
  .near_func.text  ro code  0x008d48    0x61  drv_SI4438.o [1]
  .near_func.text  ro code  0x008da9    0x59  drv_spi.o [1]
  .near_func.text  ro code  0x008e02    0x58  stm8s_clk.o [1]
  .near_func.text  ro code  0x008e5a    0x57  stm8s_clk.o [1]
  .near_func.text  ro code  0x008eb1    0x54  drv_SI4438.o [1]
  .near_func.text  ro code  0x008f05    0x50  modbus_crc.o [1]
  .near_func.text  ro code  0x008f55    0x4f  drv_uart.o [1]
  .near_func.text  ro code  0x008fa4    0x4e  drv_spi.o [1]
  .near_func.text  ro code  0x008ff2    0x48  drv_SI4438.o [1]
  .near_func.text  ro code  0x00903a    0x47  drv_SI4438.o [1]
  .near_func.text  ro code  0x009081    0x47  long_util.o [4]
  .near_func.text  ro code  0x0090c8    0x46  drv_SI4438.o [1]
  .near_func.text  ro code  0x00910e    0x3f  drv_SI4438.o [1]
  .near_func.text  ro code  0x00914d    0x3b  drv_SI4438.o [1]
  .near_func.text  ro code  0x009188    0x38  drv_SI4438.o [1]
  .near_func.text  ro code  0x0091c0    0x38  drv_SI4438.o [1]
  .near_func.text  ro code  0x0091f8    0x38  stm8s_spi.o [1]
  .near_func.text  ro code  0x009230    0x30  drv_delay.o [1]
  .near_func.text  ro code  0x009260    0x2f  drv_SI4438.o [1]
  .near_func.text  ro code  0x00928f    0x2e  drv_SI4438.o [1]
  .near_func.text  ro code  0x0092bd    0x2e  stm8s_it.o [1]
  .near_func.text  ro code  0x0092eb    0x2d  stm8s_uart1.o [1]
  .near_func.text  ro code  0x009318    0x2d  user_flash.o [1]
  .near_func.text  ro code  0x009345    0x29  user_flash.o [1]
  .near_func.text  ro code  0x00936e    0x28  drv_SI4438.o [1]
  .near_func.text  ro code  0x009396    0x27  drv_SI4438.o [1]
  .near_func.text  ro code  0x0093bd    0x27  stm8s_uart1.o [1]
  .near_func.text  ro code  0x0093e4    0x25  drv_SI4438.o [1]
  .near_func.text  ro code  0x009409    0x25  drv_SI4438.o [1]
  .near_func.text  ro code  0x00942e    0x25  memcpy.o [4]
  .near_func.text  ro code  0x009453    0x25  dc_util.o [4]
  .iar.init_table  const    0x009478     0xc  - Linker created -
  .near_func.text  ro code  0x009484    0x20  drv_SI4438.o [1]
  .near_func.text  ro code  0x0094a4    0x1e  init_small.o [4]
  .near_func.text  ro code  0x0094c2    0x1b  drv_delay.o [1]
  .near_func.text  ro code  0x0094dd    0x1b  drv_io.o [1]
  .near_func.text  ro code  0x0094f8    0x18  user_flash.o [1]
  .near_func.text  ro code  0x009510    0x17  memset.o [4]
  .near_func.text  ro code  0x009527    0x17  init.o [4]
  .near_func.text  ro code  0x00953e    0x16  stm8s_flash.o [1]
  .near_func.text  ro code  0x009554    0x15  drv_SI4438.o [1]
  .near_func.text  ro code  0x009569    0x15  stm8s_spi.o [1]
  .near_func.text  ro code  0x00957e    0x15  stm8s_spi.o [1]
  .near_func.text  ro code  0x009593    0x14  stm8s_spi.o [1]
  .near_func.text  ro code  0x0095a7    0x14  __dbg_xxexit.o [3]
  .near_func.text  ro code  0x0095bb    0x13  stm8s_clk.o [1]
  .near_func.text  ro code  0x0095ce    0x13  cstartup.o [4]
  .near_func.text  ro code  0x0095e1     0xf  stm8s_uart1.o [1]
  .near_func.text  ro code  0x0095f0     0xd  stm8s_uart1.o [1]
  .near_func.text  ro code  0x0095fd     0xd  move.o [4]
  .near_func.text  ro code  0x00960a     0xd  short.o [4]
  .near_func.text  ro code  0x009617     0xb  stm8s_exti.o [1]
  .near_func.text  ro code  0x009622     0xb  stm8s_flash.o [1]
  .near.rodata     const    0x00962d     0xa  drv_SI4438.o [1]
  .near.rodata     const    0x009637     0x8  drv_SI4438.o [1]
  .near.rodata     const    0x00963f     0x7  drv_SI4438.o [1]
  .near_func.text  ro code  0x009646     0x7  stm8s_flash.o [1]
  .near_func.text  ro code  0x00964d     0x7  stm8s_gpio.o [1]
  .near_func.text  ro code  0x009654     0x6  char.o [4]
  .near.rodata     const    0x00965a     0x5  drv_SI4438.o [1]
  .near.rodata     const    0x00965f     0x5  drv_SI4438.o [1]
  .near_func.text  ro code  0x009664     0x5  stm8s_flash.o [1]
  .near_func.text  ro code  0x009669     0x5  stm8s_gpio.o [1]
  .near_func.text  ro code  0x00966e     0x5  cexit.o [4]
  .near.rodata     const    0x009673     0x4  drv_SI4438.o [1]
  .near.rodata     const    0x009677     0x4  stm8s_clk.o [1]
  .near_func.text  ro code  0x00967b     0x4  stm8s_flash.o [1]
  .near_func.text  ro code  0x00967f     0x4  stm8s_flash.o [1]
  .near_func.text  ro code  0x009683     0x4  stm8s_gpio.o [1]
  .near.rodata     const    0x009687     0x3  drv_SI4438.o [1]
  .near_func.text  ro code  0x00968a     0x3  interrupt.o [4]
  .near_func.text  ro code  0x00968d     0x3  low_level_init.o [4]
  .near_func.text  ro code  0x009690     0x3  exit.o [4]
  .near_func.text  ro code  0x009693     0x3  unhandled_exception.o [4]
  .near.rodata     const    0x009696     0x2  drv_SI4438.o [1]
  .near.rodata     const    0x009698     0x2  drv_SI4438.o [1]
  .near.rodata     const    0x00969a     0x2  drv_SI4438.o [1]
  .near.rodata     const    0x00969c     0x1  drv_SI4438.o [1]
  .near_func.text  ro code  0x00969d     0x1  stm8s_it.o [1]
  .near_func.text  ro code  0x00969e     0x1  stm8s_it.o [1]
  .near_func.text  ro code  0x00969f     0x1  stm8s_it.o [1]
  .near_func.text  ro code  0x0096a0     0x1  stm8s_it.o [1]
  .near_func.text  ro code  0x0096a1     0x1  stm8s_it.o [1]
  .near_func.text  ro code  0x0096a2     0x1  stm8s_it.o [1]
  .near_func.text  ro code  0x0096a3     0x1  stm8s_it.o [1]
  .near_func.text  ro code  0x0096a4     0x1  stm8s_it.o [1]
  .near_func.text  ro code  0x0096a5     0x1  stm8s_it.o [1]
  .near_func.text  ro code  0x0096a6     0x1  stm8s_it.o [1]
  .near_func.text  ro code  0x0096a7     0x1  stm8s_it.o [1]
  .near_func.text  ro code  0x0096a8     0x1  stm8s_it.o [1]
  .near_func.text  ro code  0x0096a9     0x1  stm8s_it.o [1]
  .near_func.text  ro code  0x0096aa     0x1  stm8s_it.o [1]
  .near_func.text  ro code  0x0096ab     0x1  stm8s_it.o [1]
  .near_func.text  ro code  0x0096ac     0x1  stm8s_it.o [1]
  .near_func.text  ro code  0x0096ad     0x1  stm8s_it.o [1]
  .near_func.text  ro code  0x0096ae     0x1  stm8s_it.o [1]
  .near_func.text  ro code  0x0096af     0x1  __dbg_break.o [3]
                          - 0x0096b0  0x1630


*******************************************************************************
*** INIT TABLE
***

          Address   Size
          -------   ----
Zero (__iar_zero_init2)
    2 destination ranges, total size 0x27c:
          0x000010  0x203
          0x000213   0x79



*******************************************************************************
*** MODULE SUMMARY
***

    Module                 ro code  ro data  rw data
    ------                 -------  -------  -------
C:\Users\SHUQUEE8006\Desktop\zhao_cube_study\si4463-stm8s103p6-¿âº¯Êý\user\Debug\Obj: [1]
    drv_SI4438.o             1 048      415
    drv_delay.o                 75
    drv_io.o                    27
    drv_spi.o                  167
    drv_uart.o                  79
    main.o                     696               620
    modbus_crc.o                80      512
    stm8s_clk.o                194        4
    stm8s_exti.o               120
    stm8s_flash.o               53
    stm8s_gpio.o               191
    stm8s_it.o                 205                16
    stm8s_spi.o                118
    stm8s_uart1.o              672
    user_flash.o               110
    ------------------------------------------------
    Total:                   3 835      931      636

command line: [2]
    ------------------------------------------------
    Total:

dbgstm8smd.a: [3]
    __dbg_break.o                1
    __dbg_xxexit.o              20
    ------------------------------------------------
    Total:                      21

dlstm8smn.a: [4]
    cexit.o                      5
    char.o                       6
    cstartup.o                  19
    dc_util.o                   37
    exit.o                       3
    init.o                      23
    init_small.o                30
    interrupt.o                  3      128
    long.o                     324
    long_util.o                 71
    low_level_init.o             3
    memcpy.o                    37
    memset.o                    23
    move.o                      13
    short.o                     13
    unhandled_exception.o        3
    vreg_util.o                268
    vregs.o                                       16
    ------------------------------------------------
    Total:                     881      128       16

    Linker created                       12      256
----------------------------------------------------
    Grand Total:             4 737    1 071      908


*******************************************************************************
*** ENTRY LIST
***

Entry                    Address   Size  Type      Object
-----                    -------   ----  ----      ------
.iar.init_table$$Base   0x009478          --   Gb  - Linker created -
.iar.init_table$$Limit  0x009484          --   Gb  - Linker created -
?b0                     0x000000         Data  Gb  vregs.o [4]
?b1                     0x000001         Data  Gb  vregs.o [4]
?b10                    0x00000a         Data  Gb  vregs.o [4]
?b11                    0x00000b         Data  Gb  vregs.o [4]
?b12                    0x00000c         Data  Gb  vregs.o [4]
?b13                    0x00000d         Data  Gb  vregs.o [4]
?b14                    0x00000e         Data  Gb  vregs.o [4]
?b15                    0x00000f         Data  Gb  vregs.o [4]
?b2                     0x000002         Data  Gb  vregs.o [4]
?b3                     0x000003         Data  Gb  vregs.o [4]
?b4                     0x000004         Data  Gb  vregs.o [4]
?b5                     0x000005         Data  Gb  vregs.o [4]
?b6                     0x000006         Data  Gb  vregs.o [4]
?b7                     0x000007         Data  Gb  vregs.o [4]
?b8                     0x000008         Data  Gb  vregs.o [4]
?b9                     0x000009         Data  Gb  vregs.o [4]
?dc32_l0                0x009453         Code  Gb  dc_util.o [4]
?dc32_l1                0x009460         Code  Gb  dc_util.o [4]
?dc32_px                0x00946d         Code  Gb  dc_util.o [4]
?dec32_0x_0x            0x0081f3         Code  Gb  long.o [4]
?dec32_l0_l0            0x0081ee         Code  Gb  long.o [4]
?e0                     0x000001         Data  Gb  vregs.o [4]
?e1                     0x000005         Data  Gb  vregs.o [4]
?e2                     0x000009         Data  Gb  vregs.o [4]
?e3                     0x00000d         Data  Gb  vregs.o [4]
?epilogue_l2            0x00861d         Code  Gb  vreg_util.o [4]
?epilogue_l2_l3         0x00861a         Code  Gb  vreg_util.o [4]
?epilogue_l2_w6         0x008621         Code  Gb  vreg_util.o [4]
?epilogue_w4            0x008628         Code  Gb  vreg_util.o [4]
?l0                     0x000000         Data  Gb  vregs.o [4]
?l1                     0x000004         Data  Gb  vregs.o [4]
?l2                     0x000008         Data  Gb  vregs.o [4]
?l3                     0x00000c         Data  Gb  vregs.o [4]
?load32_0x_l0           0x0090ba         Code  Gb  long_util.o [4]
?load32_asp_l0          0x0090ae         Code  Gb  long_util.o [4]
?load32_dbsp_l0         0x0090a9         Code  Gb  long_util.o [4]
?load32_l0_0x           0x009091         Code  Gb  long_util.o [4]
?load32_l0_asp          0x009086         Code  Gb  long_util.o [4]
?load32_l0_dbsp         0x009081         Code  Gb  long_util.o [4]
?load32_l0_xsp          0x009088         Code  Gb  long_util.o [4]
?load32_l1_0x           0x00909d         Code  Gb  long_util.o [4]
?load32_xsp_l0          0x0090b0         Code  Gb  long_util.o [4]
?mov_e0_e1              0x008636         Code  Gb  vreg_util.o [4]
?mov_e0_e2              0x008643         Code  Gb  vreg_util.o [4]
?mov_e0_e3              0x008650         Code  Gb  vreg_util.o [4]
?mov_e1_e0              0x00865d         Code  Gb  vreg_util.o [4]
?mov_e1_e2              0x00866a         Code  Gb  vreg_util.o [4]
?mov_e2_e0              0x008677         Code  Gb  vreg_util.o [4]
?mov_e3_e0              0x008684         Code  Gb  vreg_util.o [4]
?mov_l0_l1              0x008633         Code  Gb  vreg_util.o [4]
?mov_l0_l2              0x008640         Code  Gb  vreg_util.o [4]
?mov_l0_l3              0x00864d         Code  Gb  vreg_util.o [4]
?mov_l1_l0              0x00865a         Code  Gb  vreg_util.o [4]
?mov_l1_l2              0x008667         Code  Gb  vreg_util.o [4]
?mov_l2_l0              0x008674         Code  Gb  vreg_util.o [4]
?mov_l3_l0              0x008681         Code  Gb  vreg_util.o [4]
?mov_w1_w3              0x008639         Code  Gb  vreg_util.o [4]
?mov_w1_w5              0x008646         Code  Gb  vreg_util.o [4]
?mov_w1_w7              0x008653         Code  Gb  vreg_util.o [4]
?mov_w2_w1              0x00862c         Code  Gb  vreg_util.o [4]
?mov_w3_w1              0x008660         Code  Gb  vreg_util.o [4]
?mov_w3_w5              0x00866d         Code  Gb  vreg_util.o [4]
?mov_w5_w1              0x00867a         Code  Gb  vreg_util.o [4]
?mov_w7_w1              0x008687         Code  Gb  vreg_util.o [4]
?move1616_v_x_y_a       0x0095fd         Code  Gb  move.o [4]
?mul32_l0_l0_0x         0x008225         Code  Gb  long.o [4]
?mul32_l0_l0_dl         0x008222         Code  Gb  long.o [4]
?mul32_l0_l0_l1         0x00822e         Code  Gb  long.o [4]
?pop_l0                 0x0085e6         Code  Gb  vreg_util.o [4]
?pop_l1                 0x0085f1         Code  Gb  vreg_util.o [4]
?pop_l2                 0x0085fc         Code  Gb  vreg_util.o [4]
?pop_l3                 0x008607         Code  Gb  vreg_util.o [4]
?pop_w4                 0x00859f         Code  Gb  vreg_util.o [4]
?pop_w6                 0x0085a6         Code  Gb  vreg_util.o [4]
?push_l0                0x0085b5         Code  Gb  vreg_util.o [4]
?push_l1                0x0085ba         Code  Gb  vreg_util.o [4]
?push_l2                0x0085bf         Code  Gb  vreg_util.o [4]
?push_l3                0x0085c4         Code  Gb  vreg_util.o [4]
?push_w4                0x008582         Code  Gb  vreg_util.o [4]
?push_w6                0x008587         Code  Gb  vreg_util.o [4]
?sll16_x_x_a            0x00960a         Code  Gb  short.o [4]
?sll32_0x_0x_a          0x008324         Code  Gb  long.o [4]
?sll32_l0_l0_a          0x008321         Code  Gb  long.o [4]
?sll8_a_a_5             0x009655         Code  Gb  char.o [4]
?sll8_a_a_6             0x009654         Code  Gb  char.o [4]
?srl16_x_x_4            0x009612         Code  Gb  short.o [4]
?sub32_l0_l0_0x         0x00820a         Code  Gb  long.o [4]
?sub32_l0_l0_l1         0x008207         Code  Gb  long.o [4]
?udiv32_l0_dl_l1        0x0082ac         Code  Gb  long.o [4]
?udiv32_l0_l0_dl        0x0082b1         Code  Gb  long.o [4]
?udiv32_l0_l0_l1        0x0082b4         Code  Gb  long.o [4]
?umod32_l1_l0_l1        0x0082b4         Code  Gb  long.o [4]
?w0                     0x000000         Data  Gb  vregs.o [4]
?w1                     0x000002         Data  Gb  vregs.o [4]
?w2                     0x000004         Data  Gb  vregs.o [4]
?w3                     0x000006         Data  Gb  vregs.o [4]
?w4                     0x000008         Data  Gb  vregs.o [4]
?w5                     0x00000a         Data  Gb  vregs.o [4]
?w6                     0x00000c         Data  Gb  vregs.o [4]
?w7                     0x00000e         Data  Gb  vregs.o [4]
ADC1_IRQHandler         0x0096ac    0x1  Code  Gb  stm8s_it.o [1]
AWU_IRQHandler          0x00969f    0x1  Code  Gb  stm8s_it.o [1]
CLK_GetClockFreq        0x008e5a   0x57  Code  Gb  stm8s_clk.o [1]
CLK_HSIPrescalerConfig  0x0095bb   0x13  Code  Gb  stm8s_clk.o [1]
CLK_IRQHandler          0x0096a0    0x1  Code  Gb  stm8s_it.o [1]
CLK_PeripheralClockConfig
                        0x008e02   0x58  Code  Gb  stm8s_clk.o [1]
CSTACK$$Base            0x000300          --   Gb  - Linker created -
CSTACK$$Limit           0x000400          --   Gb  - Linker created -
EEPROM_EEC_IRQHandler   0x0096ae    0x1  Code  Gb  stm8s_it.o [1]
EXTI_PORTA_IRQHandler   0x0096a1    0x1  Code  Gb  stm8s_it.o [1]
EXTI_PORTB_IRQHandler   0x0096a2    0x1  Code  Gb  stm8s_it.o [1]
EXTI_PORTC_IRQHandler   0x0096a3    0x1  Code  Gb  stm8s_it.o [1]
EXTI_PORTD_IRQHandler   0x0092bd   0x2e  Code  Gb  stm8s_it.o [1]
EXTI_PORTE_IRQHandler   0x0096a4    0x1  Code  Gb  stm8s_it.o [1]
EXTI_SetExtIntSensitivity
                        0x008c6f   0x6d  Code  Gb  stm8s_exti.o [1]
EXTI_SetTLISensitivity  0x009617    0xb  Code  Gb  stm8s_exti.o [1]
FLASH_EraseByte         0x009664    0x5  Code  Gb  stm8s_flash.o [1]
FLASH_Lock              0x009646    0x7  Code  Gb  stm8s_flash.o [1]
FLASH_ProgramByte       0x00967b    0x4  Code  Gb  stm8s_flash.o [1]
FLASH_ReadByte          0x00967f    0x4  Code  Gb  stm8s_flash.o [1]
FLASH_SetProgrammingTime
                        0x009622    0xb  Code  Gb  stm8s_flash.o [1]
FLASH_Unlock            0x00953e   0x16  Code  Gb  stm8s_flash.o [1]
GPIO_Config             0x0094dd   0x1b  Code  Gb  drv_io.o [1]
GPIO_Init               0x00888e   0xaf  Code  Gb  stm8s_gpio.o [1]
GPIO_ReadInputData      0x009669    0x5  Code  Gb  stm8s_gpio.o [1]
GPIO_WriteHigh          0x00964d    0x7  Code  Gb  stm8s_gpio.o [1]
GPIO_WriteLow           0x009683    0x4  Code  Gb  stm8s_gpio.o [1]
HSIDivFactor            0x009677    0x4  Data  Gb  stm8s_clk.o [1]
I2C_IRQHandler          0x0096ab    0x1  Code  Gb  stm8s_it.o [1]
INTVEC$$Base            0x008000          --   Gb  - Linker created -
INTVEC$$Limit           0x008080          --   Gb  - Linker created -
LongPacketData          0x00027a    0x4  Data  Gb  main.o [1]
PacketTxData            0x000010  0x203  Data  Gb  main.o [1]
RXB8                    0x000284    0x2  Data  Lc  stm8s_it.o [1]
Region$$Table$$Base     0x009478          --   Gb  - Linker created -
Region$$Table$$Limit    0x009484          --   Gb  - Linker created -
SI446x_Change_Status    0x009396   0x27  Code  Gb  drv_SI4438.o [1]
SI446x_Config_Gpio      0x008ff2   0x48  Code  Gb  drv_SI4438.o [1]
SI446x_Config_Init      0x008eb1   0x54  Code  Gb  drv_SI4438.o [1]
SI446x_Get_Device_Status
                        0x00928f   0x2e  Code  Gb  drv_SI4438.o [1]
SI446x_Gpio_Init        0x009484   0x20  Code  Gb  drv_SI4438.o [1]
SI446x_Init             0x00936e   0x28  Code  Gb  drv_SI4438.o [1]
SI446x_Interrupt_Status
                        0x0091c0   0x38  Code  Gb  drv_SI4438.o [1]
SI446x_Modem_Status     0x009260   0x2f  Code  Gb  drv_SI4438.o [1]
SI446x_Power_Up         0x009188   0x38  Code  Gb  drv_SI4438.o [1]
SI446x_Read_Response    0x0090c8   0x46  Code  Gb  drv_SI4438.o [1]
SI446x_Reset            0x009554   0x15  Code  Gb  drv_SI4438.o [1]
SI446x_Reset_RxFifo     0x0093e4   0x25  Code  Gb  drv_SI4438.o [1]
SI446x_Reset_TxFifo     0x009409   0x25  Code  Gb  drv_SI4438.o [1]
SI446x_Send_Packet      0x008b80   0x79  Code  Gb  drv_SI4438.o [1]
SI446x_Set_Power        0x009182    0x6  Code  Gb  drv_SI4438.o [1]
SI446x_Set_Property_1   0x00914d   0x35  Code  Gb  drv_SI4438.o [1]
SI446x_Start_Rx         0x008d48   0x61  Code  Gb  drv_SI4438.o [1]
SI446x_Wait_Cts         0x00903a   0x47  Code  Gb  drv_SI4438.o [1]
SI446x_Write_Cmds       0x00910e   0x3f  Code  Gb  drv_SI4438.o [1]
SPI_Cmd                 0x00957e    0xd  Code  Gb  stm8s_spi.o [1]
SPI_DeInit              0x009569   0x15  Code  Gb  stm8s_spi.o [1]
SPI_GetFlagStatus       0x009593   0x14  Code  Gb  stm8s_spi.o [1]
SPI_IRQHandler          0x0096a5    0x1  Code  Gb  stm8s_it.o [1]
SPI_Init                0x0091f8   0x38  Code  Gb  stm8s_spi.o [1]
SPI_ReceiveData         0x00958f    0x4  Code  Gb  stm8s_spi.o [1]
SPI_SendData            0x00958b    0x4  Code  Gb  stm8s_spi.o [1]
TIM1_CAP_COM_IRQHandler
                        0x0096a7    0x1  Code  Gb  stm8s_it.o [1]
TIM1_UPD_OVF_TRG_BRK_IRQHandler
                        0x0096a6    0x1  Code  Gb  stm8s_it.o [1]
TIM2_CAP_COM_IRQHandler
                        0x0096a9    0x1  Code  Gb  stm8s_it.o [1]
TIM2_UPD_OVF_BRK_IRQHandler
                        0x0096a8    0x1  Code  Gb  stm8s_it.o [1]
TIM4_UPD_OVF_IRQHandler
                        0x0096ad    0x1  Code  Gb  stm8s_it.o [1]
TLI_IRQHandler          0x00969e    0x1  Code  Gb  stm8s_it.o [1]
TRAP_IRQHandler         0x00969d    0x1  Code  Gb  stm8s_it.o [1]
UART1_ClearITPendingBit
                        0x0095e1    0xf  Code  Gb  stm8s_uart1.o [1]
UART1_Cmd               0x0095f0    0xd  Code  Gb  stm8s_uart1.o [1]
UART1_DeInit            0x0092eb   0x2d  Code  Gb  stm8s_uart1.o [1]
UART1_GetITStatus       0x0089e2   0x90  Code  Gb  stm8s_uart1.o [1]
UART1_ITConfig          0x008cdc   0x6c  Code  Gb  stm8s_uart1.o [1]
UART1_Init              0x008332  0x134  Code  Gb  stm8s_uart1.o [1]
UART1_RX_IRQHandler     0x008a72   0x8d  Code  Gb  stm8s_it.o [1]
UART1_ReceiveData9      0x0093bd   0x27  Code  Gb  stm8s_uart1.o [1]
UART1_TX_IRQHandler     0x0096aa    0x1  Code  Gb  stm8s_it.o [1]
UDR                     0x000282    0x2  Data  Lc  stm8s_it.o [1]
__DebugBreak            0x0096af    0x1  Code  Gb  __dbg_break.o [3]
__exit                  0x0095a7   0x14  Code  Gb  __dbg_xxexit.o [3]
__iar_data_init2        0x009527   0x17  Code  Gb  init.o [4]
__iar_program_start     0x0095ce         Code  Gb  cstartup.o [4]
__iar_unhandled_exception
                        0x009693         Code  Gb  unhandled_exception.o [4]
__iar_zero_init2        0x0094a4         Code  Gb  init_small.o [4]
__intvec                0x008000         Data  Gb  interrupt.o [4]
__low_level_init        0x00968d    0x3  Code  Gb  low_level_init.o [4]
_exit                   0x00966e         Code  Gb  cexit.o [4]
_interrupt_1            0x00969d         Code  Gb  stm8s_it.o [1]
_interrupt_12           0x0096a5         Code  Gb  stm8s_it.o [1]
_interrupt_13           0x0096a6         Code  Gb  stm8s_it.o [1]
_interrupt_14           0x0096a7         Code  Gb  stm8s_it.o [1]
_interrupt_15           0x0096a8         Code  Gb  stm8s_it.o [1]
_interrupt_16           0x0096a9         Code  Gb  stm8s_it.o [1]
_interrupt_19           0x0096aa         Code  Gb  stm8s_it.o [1]
_interrupt_2            0x00969e         Code  Gb  stm8s_it.o [1]
_interrupt_20           0x008a72         Code  Gb  stm8s_it.o [1]
_interrupt_21           0x0096ab         Code  Gb  stm8s_it.o [1]
_interrupt_24           0x0096ac         Code  Gb  stm8s_it.o [1]
_interrupt_25           0x0096ad         Code  Gb  stm8s_it.o [1]
_interrupt_26           0x0096ae         Code  Gb  stm8s_it.o [1]
_interrupt_3            0x00969f         Code  Gb  stm8s_it.o [1]
_interrupt_4            0x0096a0         Code  Gb  stm8s_it.o [1]
_interrupt_5            0x0096a1         Code  Gb  stm8s_it.o [1]
_interrupt_6            0x0096a2         Code  Gb  stm8s_it.o [1]
_interrupt_7            0x0096a3         Code  Gb  stm8s_it.o [1]
_interrupt_8            0x0092bd         Code  Gb  stm8s_it.o [1]
_interrupt_9            0x0096a4         Code  Gb  stm8s_it.o [1]
auch_crc_high           0x00868e  0x100  Data  Lc  modbus_crc.o [1]
auch_crc_low            0x00878e  0x100  Data  Lc  modbus_crc.o [1]
avr_counter             0x00028a    0x1  Data  Lc  main.o [1]
channel                 0x000288    0x1  Data  Gb  main.o [1]
check_for_route         0x00893d   0xa5  Code  Gb  main.o [1]
config_table            0x008080  0x16e  Data  Lc  drv_SI4438.o [1]
crc16                   0x008f05   0x50  Code  Gb  modbus_crc.o [1]
drv_delay_1ms           0x009230   0x30  Code  Lc  drv_delay.o [1]
drv_delay_ms            0x0094c2   0x1b  Code  Gb  drv_delay.o [1]
drv_spi_init            0x008da9   0x59  Code  Gb  drv_spi.o [1]
drv_spi_read_write_byte
                        0x008fa4   0x4e  Code  Gb  drv_spi.o [1]
drv_uart_init           0x008f55   0x4f  Code  Gb  drv_uart.o [1]
exit                    0x009690    0x3  Code  Gb  exit.o [4]
fDMX_buf_right          0x00028b    0x1  Data  Lc  stm8s_it.o [1]
flash_channel           0x0094f8   0x18  Code  Gb  user_flash.o [1]
main                    0x008aff   0x81  Code  Gb  main.o [1]
memcpy                  0x00942e   0x25  Code  Gb  memcpy.o [4]
memset                  0x009510   0x17  Code  Gb  memset.o [4]
pDMX_buf                0x000286    0x2  Data  Lc  stm8s_it.o [1]
pre_channel             0x000289    0x1  Data  Gb  main.o [1]
rssi_SI4463ItStatus     0x000268    0x9  Data  Gb  main.o [1]
rssi_letch              0x000253   0x15  Data  Gb  main.o [1]
set_channel_ifo         0x008bf9   0x76  Code  Gb  main.o [1]
set_packages            0x008466  0x11c  Code  Gb  main.o [1]
si4463_tx_buff          0x000213   0x40  Data  Gb  main.o [1]
sum_rssi                0x000280    0x2  Data  Gb  main.o [1]
t_SI4463ItStatus        0x000271    0x9  Data  Gb  stm8s_it.o [1]
timer_cnt_ms            0x00027e    0x2  Data  Lc  main.o [1]
user_read_flash         0x009345   0x29  Code  Gb  user_flash.o [1]
user_write_flash        0x009318   0x2d  Code  Gb  user_flash.o [1]


[1] = C:\Users\SHUQUEE8006\Desktop\zhao_cube_study\si4463-stm8s103p6-¿âº¯Êý\user\Debug\Obj
[2] = command line
[3] = dbgstm8smd.a
[4] = dlstm8smn.a

  4 737 bytes of readonly  code memory
  1 071 bytes of readonly  data memory
    908 bytes of readwrite data memory

Errors: none
Warnings: none
