###############################################################################
#
# IAR ELF Linker V2.20.1.176 for STM8                     13/Feb/2019  17:56:13
# Copyright 2010-2015 IAR Systems AB.
#
#    Output file  =  
#        C:\Users\SHUQUEE8006\Desktop\zhao_cube_study\si4463-stm8s103p6-¿âº¯Êý\user\Debug\Exe\si4463-stm8s.out
#    Map file     =  
#        C:\Users\SHUQUEE8006\Desktop\zhao_cube_study\si4463-stm8s103p6-¿âº¯Êý\user\Debug\List\si4463-stm8s.map
#    Command line =  
#        C:\Users\SHUQUEE8006\Desktop\zhao_cube_study\si4463-stm8s103p6-¿âº¯Êý\user\Debug\Obj\drv_delay.o
#        C:\Users\SHUQUEE8006\Desktop\zhao_cube_study\si4463-stm8s103p6-¿âº¯Êý\user\Debug\Obj\drv_io.o
#        C:\Users\SHUQUEE8006\Desktop\zhao_cube_study\si4463-stm8s103p6-¿âº¯Êý\user\Debug\Obj\drv_SI4438.o
#        C:\Users\SHUQUEE8006\Desktop\zhao_cube_study\si4463-stm8s103p6-¿âº¯Êý\user\Debug\Obj\drv_spi.o
#        C:\Users\SHUQUEE8006\Desktop\zhao_cube_study\si4463-stm8s103p6-¿âº¯Êý\user\Debug\Obj\drv_uart.o
#        C:\Users\SHUQUEE8006\Desktop\zhao_cube_study\si4463-stm8s103p6-¿âº¯Êý\user\Debug\Obj\main.o
#        C:\Users\SHUQUEE8006\Desktop\zhao_cube_study\si4463-stm8s103p6-¿âº¯Êý\user\Debug\Obj\modbus_crc.o
#        C:\Users\SHUQUEE8006\Desktop\zhao_cube_study\si4463-stm8s103p6-¿âº¯Êý\user\Debug\Obj\stm8s_clk.o
#        C:\Users\SHUQUEE8006\Desktop\zhao_cube_study\si4463-stm8s103p6-¿âº¯Êý\user\Debug\Obj\stm8s_exti.o
#        C:\Users\SHUQUEE8006\Desktop\zhao_cube_study\si4463-stm8s103p6-¿âº¯Êý\user\Debug\Obj\stm8s_flash.o
#        C:\Users\SHUQUEE8006\Desktop\zhao_cube_study\si4463-stm8s103p6-¿âº¯Êý\user\Debug\Obj\stm8s_gpio.o
#        C:\Users\SHUQUEE8006\Desktop\zhao_cube_study\si4463-stm8s103p6-¿âº¯Êý\user\Debug\Obj\stm8s_it.o
#        C:\Users\SHUQUEE8006\Desktop\zhao_cube_study\si4463-stm8s103p6-¿âº¯Êý\user\Debug\Obj\stm8s_spi.o
#        C:\Users\SHUQUEE8006\Desktop\zhao_cube_study\si4463-stm8s103p6-¿âº¯Êý\user\Debug\Obj\stm8s_uart1.o
#        C:\Users\SHUQUEE8006\Desktop\zhao_cube_study\si4463-stm8s103p6-¿âº¯Êý\user\Debug\Obj\user_flash.o
#        --redirect _Printf=_PrintfSmall --redirect _Scanf=_ScanfSmall -o
#        C:\Users\SHUQUEE8006\Desktop\zhao_cube_study\si4463-stm8s103p6-¿âº¯Êý\user\Debug\Exe\si4463-stm8s.out
#        --map
#        C:\Users\SHUQUEE8006\Desktop\zhao_cube_study\si4463-stm8s103p6-¿âº¯Êý\user\Debug\List\si4463-stm8s.map
#        --config "C:\Program Files (x86)\IAR Systems\Embedded Workbench
#        7.3\stm8\config\lnkstm8s103f3.icf" --config_def _CSTACK_SIZE=0x100
#        --config_def _HEAP_SIZE=0x100 --entry __iar_program_start --debug_lib
#
###############################################################################

*******************************************************************************
*** RUNTIME MODEL ATTRIBUTES
***

__SystemLibrary            = DLib
__code_model               = small
__core                     = stm8
__data_model               = medium
__dlib_file_descriptor     = 0
__dlib_full_locale_support = 0
__rt_version               = 4


*******************************************************************************
*** PLACEMENT SUMMARY
***

"A1":  place at start of [0x000000-0x0000ff] { rw section .vregs };
"A2":  place at end of [0x000000-0x0003ff] { block CSTACK };
"P2":  place in [from 0x000000 to 0x0003ff] {
          block HEAP, rw section __DLIB_PERTHREAD, rw section .far.bss,
          rw section .far.data, rw section .far.noinit,
          rw section .far_func.textrw, rw section .huge.bss,
          rw section .huge.data, rw section .huge.noinit,
          rw section .huge_func.textrw, rw section .iar.dynexit,
          rw section .near.bss, rw section .near.data, rw section .near.noinit,
          rw section .near_func.textrw };
"A3":  place at start of [0x008000-0x009fff] { block INTVEC };
"P3":  place in [from 0x008000 to 0x009fff] {
          ro section __DLIB_PERTHREAD_init, ro section .far.data_init,
          ro section .far_func.textrw_init, ro section .huge.data_init,
          ro section .huge_func.textrw_init, ro section .iar.init_table,
          ro section .init_array, ro section .near.data_init,
          ro section .near.rodata, ro section .near_func.text,
          ro section .near_func.textrw_init, ro section .tiny.data_init,
          ro section .tiny.rodata_init };

  Section          Kind      Address    Size  Object
  -------          ----      -------    ----  ------
"A1":                                   0x10
  .vregs           uninit   0x000000    0x10  vregs.o [4]
                          - 0x000010    0x10

"P2", part 1 of 2:                     0x203
  .near.bss        zero     0x000010   0x203  main.o [1]
                          - 0x000213   0x203

"P2", part 2 of 2:                      0x5e
  .near.bss        zero     0x000213    0x40  main.o [1]
  .near.bss        zero     0x000253     0x9  main.o [1]
  .near.bss        zero     0x00025c     0x9  stm8s_it.o [1]
  .near.bss        zero     0x000265     0x4  main.o [1]
  .near.bss        zero     0x000269     0x2  stm8s_it.o [1]
  .near.bss        zero     0x00026b     0x2  stm8s_it.o [1]
  .near.bss        zero     0x00026d     0x2  stm8s_it.o [1]
  .near.bss        zero     0x00026f     0x1  main.o [1]
  .near.bss        zero     0x000270     0x1  stm8s_it.o [1]
                          - 0x000271    0x5e

"A2":                                  0x100
  CSTACK                    0x000300   0x100  <Block>
    CSTACK         uninit   0x000300   0x100  <Block tail>
                          - 0x000400   0x100

"A3":                                   0x80
  INTVEC                    0x008000    0x80  <Block>
    .intvec        const    0x008000    0x80  interrupt.o [4]
                          - 0x008080    0x80

"P3":                                 0x141f
  .near.rodata     const    0x008080   0x16e  drv_SI4438.o [1]
  .near_func.text  ro code  0x0081ee   0x144  long.o [4]
  .near_func.text  ro code  0x008332   0x134  stm8s_uart1.o [1]
  .near_func.text  ro code  0x008466   0x10c  vreg_util.o [4]
  .near.rodata     const    0x008572   0x100  modbus_crc.o [1]
  .near.rodata     const    0x008672   0x100  modbus_crc.o [1]
  .near_func.text  ro code  0x008772    0xfc  main.o [1]
  .near_func.text  ro code  0x00886e    0xaf  stm8s_gpio.o [1]
  .near_func.text  ro code  0x00891d    0x90  stm8s_uart1.o [1]
  .near_func.text  ro code  0x0089ad    0x8d  stm8s_it.o [1]
  .near_func.text  ro code  0x008a3a    0x79  drv_SI4438.o [1]
  .near_func.text  ro code  0x008ab3    0x6d  stm8s_exti.o [1]
  .near_func.text  ro code  0x008b20    0x6c  stm8s_uart1.o [1]
  .near_func.text  ro code  0x008b8c    0x59  drv_spi.o [1]
  .near_func.text  ro code  0x008be5    0x58  stm8s_clk.o [1]
  .near_func.text  ro code  0x008c3d    0x57  stm8s_clk.o [1]
  .near_func.text  ro code  0x008c94    0x54  drv_SI4438.o [1]
  .near_func.text  ro code  0x008ce8    0x50  modbus_crc.o [1]
  .near_func.text  ro code  0x008d38    0x4f  drv_uart.o [1]
  .near_func.text  ro code  0x008d87    0x4e  drv_spi.o [1]
  .near_func.text  ro code  0x008dd5    0x48  drv_SI4438.o [1]
  .near_func.text  ro code  0x008e1d    0x48  main.o [1]
  .near_func.text  ro code  0x008e65    0x47  drv_SI4438.o [1]
  .near_func.text  ro code  0x008eac    0x47  long_util.o [4]
  .near_func.text  ro code  0x008ef3    0x46  drv_SI4438.o [1]
  .near_func.text  ro code  0x008f39    0x3f  drv_SI4438.o [1]
  .near_func.text  ro code  0x008f78    0x3b  drv_SI4438.o [1]
  .near_func.text  ro code  0x008fb3    0x38  drv_SI4438.o [1]
  .near_func.text  ro code  0x008feb    0x38  drv_SI4438.o [1]
  .near_func.text  ro code  0x009023    0x38  stm8s_spi.o [1]
  .near_func.text  ro code  0x00905b    0x30  drv_delay.o [1]
  .near_func.text  ro code  0x00908b    0x2f  drv_SI4438.o [1]
  .near_func.text  ro code  0x0090ba    0x2e  drv_SI4438.o [1]
  .near_func.text  ro code  0x0090e8    0x2e  stm8s_it.o [1]
  .near_func.text  ro code  0x009116    0x2d  stm8s_uart1.o [1]
  .near_func.text  ro code  0x009143    0x2d  user_flash.o [1]
  .near_func.text  ro code  0x009170    0x29  user_flash.o [1]
  .near_func.text  ro code  0x009199    0x28  drv_SI4438.o [1]
  .near_func.text  ro code  0x0091c1    0x27  drv_SI4438.o [1]
  .near_func.text  ro code  0x0091e8    0x27  stm8s_uart1.o [1]
  .near_func.text  ro code  0x00920f    0x25  drv_SI4438.o [1]
  .near_func.text  ro code  0x009234    0x25  memcpy.o [4]
  .near_func.text  ro code  0x009259    0x25  dc_util.o [4]
  .near_func.text  ro code  0x00927e    0x22  user_flash.o [1]
  .iar.init_table  const    0x0092a0     0xc  - Linker created -
  .near_func.text  ro code  0x0092ac    0x20  drv_SI4438.o [1]
  .near_func.text  ro code  0x0092cc    0x1e  init_small.o [4]
  .near_func.text  ro code  0x0092ea    0x1b  drv_delay.o [1]
  .near_func.text  ro code  0x009305    0x1b  drv_io.o [1]
  .near_func.text  ro code  0x009320    0x17  init.o [4]
  .near_func.text  ro code  0x009337    0x16  stm8s_flash.o [1]
  .near_func.text  ro code  0x00934d    0x15  drv_SI4438.o [1]
  .near_func.text  ro code  0x009362    0x15  stm8s_spi.o [1]
  .near_func.text  ro code  0x009377    0x15  stm8s_spi.o [1]
  .near_func.text  ro code  0x00938c    0x14  stm8s_spi.o [1]
  .near_func.text  ro code  0x0093a0    0x14  __dbg_xxexit.o [3]
  .near_func.text  ro code  0x0093b4    0x13  stm8s_clk.o [1]
  .near_func.text  ro code  0x0093c7    0x13  cstartup.o [4]
  .near_func.text  ro code  0x0093da     0xf  stm8s_uart1.o [1]
  .near_func.text  ro code  0x0093e9     0xd  stm8s_uart1.o [1]
  .near_func.text  ro code  0x0093f6     0xd  move.o [4]
  .near_func.text  ro code  0x009403     0xd  short.o [4]
  .near_func.text  ro code  0x009410     0xb  stm8s_exti.o [1]
  .near_func.text  ro code  0x00941b     0xb  stm8s_flash.o [1]
  .near.rodata     const    0x009426     0xa  drv_SI4438.o [1]
  .near.rodata     const    0x009430     0x7  drv_SI4438.o [1]
  .near_func.text  ro code  0x009437     0x7  stm8s_flash.o [1]
  .near_func.text  ro code  0x00943e     0x7  stm8s_gpio.o [1]
  .near_func.text  ro code  0x009445     0x6  char.o [4]
  .near.rodata     const    0x00944b     0x5  drv_SI4438.o [1]
  .near.rodata     const    0x009450     0x5  drv_SI4438.o [1]
  .near_func.text  ro code  0x009455     0x5  stm8s_flash.o [1]
  .near_func.text  ro code  0x00945a     0x5  stm8s_gpio.o [1]
  .near_func.text  ro code  0x00945f     0x5  cexit.o [4]
  .near.rodata     const    0x009464     0x4  drv_SI4438.o [1]
  .near.rodata     const    0x009468     0x4  stm8s_clk.o [1]
  .near_func.text  ro code  0x00946c     0x4  stm8s_flash.o [1]
  .near_func.text  ro code  0x009470     0x4  stm8s_flash.o [1]
  .near_func.text  ro code  0x009474     0x4  stm8s_gpio.o [1]
  .near.rodata     const    0x009478     0x3  drv_SI4438.o [1]
  .near_func.text  ro code  0x00947b     0x3  interrupt.o [4]
  .near_func.text  ro code  0x00947e     0x3  low_level_init.o [4]
  .near_func.text  ro code  0x009481     0x3  exit.o [4]
  .near_func.text  ro code  0x009484     0x3  unhandled_exception.o [4]
  .near.rodata     const    0x009487     0x2  drv_SI4438.o [1]
  .near.rodata     const    0x009489     0x2  drv_SI4438.o [1]
  .near.rodata     const    0x00948b     0x1  drv_SI4438.o [1]
  .near_func.text  ro code  0x00948c     0x1  stm8s_it.o [1]
  .near_func.text  ro code  0x00948d     0x1  stm8s_it.o [1]
  .near_func.text  ro code  0x00948e     0x1  stm8s_it.o [1]
  .near_func.text  ro code  0x00948f     0x1  stm8s_it.o [1]
  .near_func.text  ro code  0x009490     0x1  stm8s_it.o [1]
  .near_func.text  ro code  0x009491     0x1  stm8s_it.o [1]
  .near_func.text  ro code  0x009492     0x1  stm8s_it.o [1]
  .near_func.text  ro code  0x009493     0x1  stm8s_it.o [1]
  .near_func.text  ro code  0x009494     0x1  stm8s_it.o [1]
  .near_func.text  ro code  0x009495     0x1  stm8s_it.o [1]
  .near_func.text  ro code  0x009496     0x1  stm8s_it.o [1]
  .near_func.text  ro code  0x009497     0x1  stm8s_it.o [1]
  .near_func.text  ro code  0x009498     0x1  stm8s_it.o [1]
  .near_func.text  ro code  0x009499     0x1  stm8s_it.o [1]
  .near_func.text  ro code  0x00949a     0x1  stm8s_it.o [1]
  .near_func.text  ro code  0x00949b     0x1  stm8s_it.o [1]
  .near_func.text  ro code  0x00949c     0x1  stm8s_it.o [1]
  .near_func.text  ro code  0x00949d     0x1  stm8s_it.o [1]
  .near_func.text  ro code  0x00949e     0x1  __dbg_break.o [3]
                          - 0x00949f  0x141f


*******************************************************************************
*** INIT TABLE
***

          Address   Size
          -------   ----
Zero (__iar_zero_init2)
    2 destination ranges, total size 0x261:
          0x000010  0x203
          0x000213   0x5e



*******************************************************************************
*** MODULE SUMMARY
***

    Module                 ro code  ro data  rw data
    ------                 -------  -------  -------
C:\Users\SHUQUEE8006\Desktop\zhao_cube_study\si4463-stm8s103p6-¿âº¯Êý\user\Debug\Obj: [1]
    drv_SI4438.o               914      405
    drv_delay.o                 75
    drv_io.o                    27
    drv_spi.o                  167
    drv_uart.o                  79
    main.o                     324               593
    modbus_crc.o                80      512
    stm8s_clk.o                194        4
    stm8s_exti.o               120
    stm8s_flash.o               53
    stm8s_gpio.o               191
    stm8s_it.o                 205                16
    stm8s_spi.o                118
    stm8s_uart1.o              672
    user_flash.o               120
    ------------------------------------------------
    Total:                   3 339      921      609

command line: [2]
    ------------------------------------------------
    Total:

dbgstm8smd.a: [3]
    __dbg_break.o                1
    __dbg_xxexit.o              20
    ------------------------------------------------
    Total:                      21

dlstm8smn.a: [4]
    cexit.o                      5
    char.o                       6
    cstartup.o                  19
    dc_util.o                   37
    exit.o                       3
    init.o                      23
    init_small.o                30
    interrupt.o                  3      128
    long.o                     324
    long_util.o                 71
    low_level_init.o             3
    memcpy.o                    37
    move.o                      13
    short.o                     13
    unhandled_exception.o        3
    vreg_util.o                268
    vregs.o                                       16
    ------------------------------------------------
    Total:                     858      128       16

    Linker created                       12      256
----------------------------------------------------
    Grand Total:             4 218    1 061      881


*******************************************************************************
*** ENTRY LIST
***

Entry                    Address   Size  Type      Object
-----                    -------   ----  ----      ------
.iar.init_table$$Base   0x0092a0          --   Gb  - Linker created -
.iar.init_table$$Limit  0x0092ac          --   Gb  - Linker created -
?b0                     0x000000         Data  Gb  vregs.o [4]
?b1                     0x000001         Data  Gb  vregs.o [4]
?b10                    0x00000a         Data  Gb  vregs.o [4]
?b11                    0x00000b         Data  Gb  vregs.o [4]
?b12                    0x00000c         Data  Gb  vregs.o [4]
?b13                    0x00000d         Data  Gb  vregs.o [4]
?b14                    0x00000e         Data  Gb  vregs.o [4]
?b15                    0x00000f         Data  Gb  vregs.o [4]
?b2                     0x000002         Data  Gb  vregs.o [4]
?b3                     0x000003         Data  Gb  vregs.o [4]
?b4                     0x000004         Data  Gb  vregs.o [4]
?b5                     0x000005         Data  Gb  vregs.o [4]
?b6                     0x000006         Data  Gb  vregs.o [4]
?b7                     0x000007         Data  Gb  vregs.o [4]
?b8                     0x000008         Data  Gb  vregs.o [4]
?b9                     0x000009         Data  Gb  vregs.o [4]
?dc32_l0                0x009259         Code  Gb  dc_util.o [4]
?dc32_l1                0x009266         Code  Gb  dc_util.o [4]
?dc32_px                0x009273         Code  Gb  dc_util.o [4]
?dec32_0x_0x            0x0081f3         Code  Gb  long.o [4]
?dec32_l0_l0            0x0081ee         Code  Gb  long.o [4]
?e0                     0x000001         Data  Gb  vregs.o [4]
?e1                     0x000005         Data  Gb  vregs.o [4]
?e2                     0x000009         Data  Gb  vregs.o [4]
?e3                     0x00000d         Data  Gb  vregs.o [4]
?epilogue_l2            0x008501         Code  Gb  vreg_util.o [4]
?epilogue_l2_l3         0x0084fe         Code  Gb  vreg_util.o [4]
?epilogue_l2_w6         0x008505         Code  Gb  vreg_util.o [4]
?epilogue_w4            0x00850c         Code  Gb  vreg_util.o [4]
?l0                     0x000000         Data  Gb  vregs.o [4]
?l1                     0x000004         Data  Gb  vregs.o [4]
?l2                     0x000008         Data  Gb  vregs.o [4]
?l3                     0x00000c         Data  Gb  vregs.o [4]
?load32_0x_l0           0x008ee5         Code  Gb  long_util.o [4]
?load32_asp_l0          0x008ed9         Code  Gb  long_util.o [4]
?load32_dbsp_l0         0x008ed4         Code  Gb  long_util.o [4]
?load32_l0_0x           0x008ebc         Code  Gb  long_util.o [4]
?load32_l0_asp          0x008eb1         Code  Gb  long_util.o [4]
?load32_l0_dbsp         0x008eac         Code  Gb  long_util.o [4]
?load32_l0_xsp          0x008eb3         Code  Gb  long_util.o [4]
?load32_l1_0x           0x008ec8         Code  Gb  long_util.o [4]
?load32_xsp_l0          0x008edb         Code  Gb  long_util.o [4]
?mov_e0_e1              0x00851a         Code  Gb  vreg_util.o [4]
?mov_e0_e2              0x008527         Code  Gb  vreg_util.o [4]
?mov_e0_e3              0x008534         Code  Gb  vreg_util.o [4]
?mov_e1_e0              0x008541         Code  Gb  vreg_util.o [4]
?mov_e1_e2              0x00854e         Code  Gb  vreg_util.o [4]
?mov_e2_e0              0x00855b         Code  Gb  vreg_util.o [4]
?mov_e3_e0              0x008568         Code  Gb  vreg_util.o [4]
?mov_l0_l1              0x008517         Code  Gb  vreg_util.o [4]
?mov_l0_l2              0x008524         Code  Gb  vreg_util.o [4]
?mov_l0_l3              0x008531         Code  Gb  vreg_util.o [4]
?mov_l1_l0              0x00853e         Code  Gb  vreg_util.o [4]
?mov_l1_l2              0x00854b         Code  Gb  vreg_util.o [4]
?mov_l2_l0              0x008558         Code  Gb  vreg_util.o [4]
?mov_l3_l0              0x008565         Code  Gb  vreg_util.o [4]
?mov_w1_w3              0x00851d         Code  Gb  vreg_util.o [4]
?mov_w1_w5              0x00852a         Code  Gb  vreg_util.o [4]
?mov_w1_w7              0x008537         Code  Gb  vreg_util.o [4]
?mov_w2_w1              0x008510         Code  Gb  vreg_util.o [4]
?mov_w3_w1              0x008544         Code  Gb  vreg_util.o [4]
?mov_w3_w5              0x008551         Code  Gb  vreg_util.o [4]
?mov_w5_w1              0x00855e         Code  Gb  vreg_util.o [4]
?mov_w7_w1              0x00856b         Code  Gb  vreg_util.o [4]
?move1616_v_x_y_a       0x0093f6         Code  Gb  move.o [4]
?mul32_l0_l0_0x         0x008225         Code  Gb  long.o [4]
?mul32_l0_l0_dl         0x008222         Code  Gb  long.o [4]
?mul32_l0_l0_l1         0x00822e         Code  Gb  long.o [4]
?pop_l0                 0x0084ca         Code  Gb  vreg_util.o [4]
?pop_l1                 0x0084d5         Code  Gb  vreg_util.o [4]
?pop_l2                 0x0084e0         Code  Gb  vreg_util.o [4]
?pop_l3                 0x0084eb         Code  Gb  vreg_util.o [4]
?pop_w4                 0x008483         Code  Gb  vreg_util.o [4]
?pop_w6                 0x00848a         Code  Gb  vreg_util.o [4]
?push_l0                0x008499         Code  Gb  vreg_util.o [4]
?push_l1                0x00849e         Code  Gb  vreg_util.o [4]
?push_l2                0x0084a3         Code  Gb  vreg_util.o [4]
?push_l3                0x0084a8         Code  Gb  vreg_util.o [4]
?push_w4                0x008466         Code  Gb  vreg_util.o [4]
?push_w6                0x00846b         Code  Gb  vreg_util.o [4]
?sll16_x_x_a            0x009403         Code  Gb  short.o [4]
?sll32_0x_0x_a          0x008324         Code  Gb  long.o [4]
?sll32_l0_l0_a          0x008321         Code  Gb  long.o [4]
?sll8_a_a_5             0x009446         Code  Gb  char.o [4]
?sll8_a_a_6             0x009445         Code  Gb  char.o [4]
?srl16_x_x_4            0x00940b         Code  Gb  short.o [4]
?sub32_l0_l0_0x         0x00820a         Code  Gb  long.o [4]
?sub32_l0_l0_l1         0x008207         Code  Gb  long.o [4]
?udiv32_l0_dl_l1        0x0082ac         Code  Gb  long.o [4]
?udiv32_l0_l0_dl        0x0082b1         Code  Gb  long.o [4]
?udiv32_l0_l0_l1        0x0082b4         Code  Gb  long.o [4]
?umod32_l1_l0_l1        0x0082b4         Code  Gb  long.o [4]
?w0                     0x000000         Data  Gb  vregs.o [4]
?w1                     0x000002         Data  Gb  vregs.o [4]
?w2                     0x000004         Data  Gb  vregs.o [4]
?w3                     0x000006         Data  Gb  vregs.o [4]
?w4                     0x000008         Data  Gb  vregs.o [4]
?w5                     0x00000a         Data  Gb  vregs.o [4]
?w6                     0x00000c         Data  Gb  vregs.o [4]
?w7                     0x00000e         Data  Gb  vregs.o [4]
ADC1_IRQHandler         0x00949b    0x1  Code  Gb  stm8s_it.o [1]
AWU_IRQHandler          0x00948e    0x1  Code  Gb  stm8s_it.o [1]
CLK_GetClockFreq        0x008c3d   0x57  Code  Gb  stm8s_clk.o [1]
CLK_HSIPrescalerConfig  0x0093b4   0x13  Code  Gb  stm8s_clk.o [1]
CLK_IRQHandler          0x00948f    0x1  Code  Gb  stm8s_it.o [1]
CLK_PeripheralClockConfig
                        0x008be5   0x58  Code  Gb  stm8s_clk.o [1]
CSTACK$$Base            0x000300          --   Gb  - Linker created -
CSTACK$$Limit           0x000400          --   Gb  - Linker created -
EEPROM_EEC_IRQHandler   0x00949d    0x1  Code  Gb  stm8s_it.o [1]
EXTI_PORTA_IRQHandler   0x009490    0x1  Code  Gb  stm8s_it.o [1]
EXTI_PORTB_IRQHandler   0x009491    0x1  Code  Gb  stm8s_it.o [1]
EXTI_PORTC_IRQHandler   0x009492    0x1  Code  Gb  stm8s_it.o [1]
EXTI_PORTD_IRQHandler   0x0090e8   0x2e  Code  Gb  stm8s_it.o [1]
EXTI_PORTE_IRQHandler   0x009493    0x1  Code  Gb  stm8s_it.o [1]
EXTI_SetExtIntSensitivity
                        0x008ab3   0x6d  Code  Gb  stm8s_exti.o [1]
EXTI_SetTLISensitivity  0x009410    0xb  Code  Gb  stm8s_exti.o [1]
FLASH_EraseByte         0x009455    0x5  Code  Gb  stm8s_flash.o [1]
FLASH_Lock              0x009437    0x7  Code  Gb  stm8s_flash.o [1]
FLASH_ProgramByte       0x00946c    0x4  Code  Gb  stm8s_flash.o [1]
FLASH_ReadByte          0x009470    0x4  Code  Gb  stm8s_flash.o [1]
FLASH_SetProgrammingTime
                        0x00941b    0xb  Code  Gb  stm8s_flash.o [1]
FLASH_Unlock            0x009337   0x16  Code  Gb  stm8s_flash.o [1]
GPIO_Config             0x009305   0x1b  Code  Gb  drv_io.o [1]
GPIO_Init               0x00886e   0xaf  Code  Gb  stm8s_gpio.o [1]
GPIO_ReadInputData      0x00945a    0x5  Code  Gb  stm8s_gpio.o [1]
GPIO_WriteHigh          0x00943e    0x7  Code  Gb  stm8s_gpio.o [1]
GPIO_WriteLow           0x009474    0x4  Code  Gb  stm8s_gpio.o [1]
HSIDivFactor            0x009468    0x4  Data  Gb  stm8s_clk.o [1]
I2C_IRQHandler          0x00949a    0x1  Code  Gb  stm8s_it.o [1]
INTVEC$$Base            0x008000          --   Gb  - Linker created -
INTVEC$$Limit           0x008080          --   Gb  - Linker created -
LongPacketData          0x000265    0x4  Data  Gb  main.o [1]
PacketTxData            0x000010  0x203  Data  Gb  main.o [1]
RXB8                    0x00026b    0x2  Data  Lc  stm8s_it.o [1]
Region$$Table$$Base     0x0092a0          --   Gb  - Linker created -
Region$$Table$$Limit    0x0092ac          --   Gb  - Linker created -
SI446x_Change_Status    0x0091c1   0x27  Code  Gb  drv_SI4438.o [1]
SI446x_Config_Gpio      0x008dd5   0x48  Code  Gb  drv_SI4438.o [1]
SI446x_Config_Init      0x008c94   0x54  Code  Gb  drv_SI4438.o [1]
SI446x_Get_Device_Status
                        0x0090ba   0x2e  Code  Gb  drv_SI4438.o [1]
SI446x_Gpio_Init        0x0092ac   0x20  Code  Gb  drv_SI4438.o [1]
SI446x_Init             0x009199   0x28  Code  Gb  drv_SI4438.o [1]
SI446x_Interrupt_Status
                        0x008feb   0x38  Code  Gb  drv_SI4438.o [1]
SI446x_Modem_Status     0x00908b   0x2f  Code  Gb  drv_SI4438.o [1]
SI446x_Power_Up         0x008fb3   0x38  Code  Gb  drv_SI4438.o [1]
SI446x_Read_Response    0x008ef3   0x46  Code  Gb  drv_SI4438.o [1]
SI446x_Reset            0x00934d   0x15  Code  Gb  drv_SI4438.o [1]
SI446x_Reset_TxFifo     0x00920f   0x25  Code  Gb  drv_SI4438.o [1]
SI446x_Send_Packet      0x008a3a   0x79  Code  Gb  drv_SI4438.o [1]
SI446x_Set_Power        0x008fad    0x6  Code  Gb  drv_SI4438.o [1]
SI446x_Set_Property_1   0x008f78   0x35  Code  Gb  drv_SI4438.o [1]
SI446x_Wait_Cts         0x008e65   0x47  Code  Gb  drv_SI4438.o [1]
SI446x_Write_Cmds       0x008f39   0x3f  Code  Gb  drv_SI4438.o [1]
SPI_Cmd                 0x009377    0xd  Code  Gb  stm8s_spi.o [1]
SPI_DeInit              0x009362   0x15  Code  Gb  stm8s_spi.o [1]
SPI_GetFlagStatus       0x00938c   0x14  Code  Gb  stm8s_spi.o [1]
SPI_IRQHandler          0x009494    0x1  Code  Gb  stm8s_it.o [1]
SPI_Init                0x009023   0x38  Code  Gb  stm8s_spi.o [1]
SPI_ReceiveData         0x009388    0x4  Code  Gb  stm8s_spi.o [1]
SPI_SendData            0x009384    0x4  Code  Gb  stm8s_spi.o [1]
TIM1_CAP_COM_IRQHandler
                        0x009496    0x1  Code  Gb  stm8s_it.o [1]
TIM1_UPD_OVF_TRG_BRK_IRQHandler
                        0x009495    0x1  Code  Gb  stm8s_it.o [1]
TIM2_CAP_COM_IRQHandler
                        0x009498    0x1  Code  Gb  stm8s_it.o [1]
TIM2_UPD_OVF_BRK_IRQHandler
                        0x009497    0x1  Code  Gb  stm8s_it.o [1]
TIM4_UPD_OVF_IRQHandler
                        0x00949c    0x1  Code  Gb  stm8s_it.o [1]
TLI_IRQHandler          0x00948d    0x1  Code  Gb  stm8s_it.o [1]
TRAP_IRQHandler         0x00948c    0x1  Code  Gb  stm8s_it.o [1]
UART1_ClearITPendingBit
                        0x0093da    0xf  Code  Gb  stm8s_uart1.o [1]
UART1_Cmd               0x0093e9    0xd  Code  Gb  stm8s_uart1.o [1]
UART1_DeInit            0x009116   0x2d  Code  Gb  stm8s_uart1.o [1]
UART1_GetITStatus       0x00891d   0x90  Code  Gb  stm8s_uart1.o [1]
UART1_ITConfig          0x008b20   0x6c  Code  Gb  stm8s_uart1.o [1]
UART1_Init              0x008332  0x134  Code  Gb  stm8s_uart1.o [1]
UART1_RX_IRQHandler     0x0089ad   0x8d  Code  Gb  stm8s_it.o [1]
UART1_ReceiveData9      0x0091e8   0x27  Code  Gb  stm8s_uart1.o [1]
UART1_TX_IRQHandler     0x009499    0x1  Code  Gb  stm8s_it.o [1]
UDR                     0x000269    0x2  Data  Lc  stm8s_it.o [1]
__DebugBreak            0x00949e    0x1  Code  Gb  __dbg_break.o [3]
__exit                  0x0093a0   0x14  Code  Gb  __dbg_xxexit.o [3]
__iar_data_init2        0x009320   0x17  Code  Gb  init.o [4]
__iar_program_start     0x0093c7         Code  Gb  cstartup.o [4]
__iar_unhandled_exception
                        0x009484         Code  Gb  unhandled_exception.o [4]
__iar_zero_init2        0x0092cc         Code  Gb  init_small.o [4]
__intvec                0x008000         Data  Gb  interrupt.o [4]
__low_level_init        0x00947e    0x3  Code  Gb  low_level_init.o [4]
_exit                   0x00945f         Code  Gb  cexit.o [4]
_interrupt_1            0x00948c         Code  Gb  stm8s_it.o [1]
_interrupt_12           0x009494         Code  Gb  stm8s_it.o [1]
_interrupt_13           0x009495         Code  Gb  stm8s_it.o [1]
_interrupt_14           0x009496         Code  Gb  stm8s_it.o [1]
_interrupt_15           0x009497         Code  Gb  stm8s_it.o [1]
_interrupt_16           0x009498         Code  Gb  stm8s_it.o [1]
_interrupt_19           0x009499         Code  Gb  stm8s_it.o [1]
_interrupt_2            0x00948d         Code  Gb  stm8s_it.o [1]
_interrupt_20           0x0089ad         Code  Gb  stm8s_it.o [1]
_interrupt_21           0x00949a         Code  Gb  stm8s_it.o [1]
_interrupt_24           0x00949b         Code  Gb  stm8s_it.o [1]
_interrupt_25           0x00949c         Code  Gb  stm8s_it.o [1]
_interrupt_26           0x00949d         Code  Gb  stm8s_it.o [1]
_interrupt_3            0x00948e         Code  Gb  stm8s_it.o [1]
_interrupt_4            0x00948f         Code  Gb  stm8s_it.o [1]
_interrupt_5            0x009490         Code  Gb  stm8s_it.o [1]
_interrupt_6            0x009491         Code  Gb  stm8s_it.o [1]
_interrupt_7            0x009492         Code  Gb  stm8s_it.o [1]
_interrupt_8            0x0090e8         Code  Gb  stm8s_it.o [1]
_interrupt_9            0x009493         Code  Gb  stm8s_it.o [1]
auch_crc_high           0x008572  0x100  Data  Lc  modbus_crc.o [1]
auch_crc_low            0x008672  0x100  Data  Lc  modbus_crc.o [1]
channel                 0x00026f    0x1  Data  Gb  main.o [1]
config_table            0x008080  0x16e  Data  Lc  drv_SI4438.o [1]
crc16                   0x008ce8   0x50  Code  Gb  modbus_crc.o [1]
drv_delay_1ms           0x00905b   0x30  Code  Lc  drv_delay.o [1]
drv_delay_ms            0x0092ea   0x1b  Code  Gb  drv_delay.o [1]
drv_spi_init            0x008b8c   0x59  Code  Gb  drv_spi.o [1]
drv_spi_read_write_byte
                        0x008d87   0x4e  Code  Gb  drv_spi.o [1]
drv_uart_init           0x008d38   0x4f  Code  Gb  drv_uart.o [1]
exit                    0x009481    0x3  Code  Gb  exit.o [4]
fDMX_buf_right          0x000270    0x1  Data  Lc  stm8s_it.o [1]
flash_channel           0x00927e   0x22  Code  Gb  user_flash.o [1]
main                    0x008e1d   0x48  Code  Gb  main.o [1]
memcpy                  0x009234   0x25  Code  Gb  memcpy.o [4]
pDMX_buf                0x00026d    0x2  Data  Lc  stm8s_it.o [1]
rssi_SI4463ItStatus     0x000253    0x9  Data  Gb  main.o [1]
set_packages            0x008772   0xfc  Code  Gb  main.o [1]
si4463_tx_buff          0x000213   0x40  Data  Gb  main.o [1]
t_SI4463ItStatus        0x00025c    0x9  Data  Gb  stm8s_it.o [1]
user_read_flash         0x009170   0x29  Code  Gb  user_flash.o [1]
user_write_flash        0x009143   0x2d  Code  Gb  user_flash.o [1]


[1] = C:\Users\SHUQUEE8006\Desktop\zhao_cube_study\si4463-stm8s103p6-¿âº¯Êý\user\Debug\Obj
[2] = command line
[3] = dbgstm8smd.a
[4] = dlstm8smn.a

  4 218 bytes of readonly  code memory
  1 061 bytes of readonly  data memory
    881 bytes of readwrite data memory

Errors: none
Warnings: none
