###############################################################################
#
# IAR ELF Linker V2.20.1.176 for STM8                     03/Jan/2019  09:07:13
# Copyright 2010-2015 IAR Systems AB.
#
#    Output file  =  
#        C:\Users\SHUQUEE8006\Desktop\zhao_cube_study\si4463-stm8s103p6-¿âº¯Êý\user\Debug\Exe\si4463-stm8s.out
#    Map file     =  
#        C:\Users\SHUQUEE8006\Desktop\zhao_cube_study\si4463-stm8s103p6-¿âº¯Êý\user\Debug\List\si4463-stm8s.map
#    Command line =  
#        C:\Users\SHUQUEE8006\Desktop\zhao_cube_study\si4463-stm8s103p6-¿âº¯Êý\user\Debug\Obj\drv_delay.o
#        C:\Users\SHUQUEE8006\Desktop\zhao_cube_study\si4463-stm8s103p6-¿âº¯Êý\user\Debug\Obj\drv_io.o
#        C:\Users\SHUQUEE8006\Desktop\zhao_cube_study\si4463-stm8s103p6-¿âº¯Êý\user\Debug\Obj\drv_SI4438.o
#        C:\Users\SHUQUEE8006\Desktop\zhao_cube_study\si4463-stm8s103p6-¿âº¯Êý\user\Debug\Obj\drv_spi.o
#        C:\Users\SHUQUEE8006\Desktop\zhao_cube_study\si4463-stm8s103p6-¿âº¯Êý\user\Debug\Obj\drv_uart.o
#        C:\Users\SHUQUEE8006\Desktop\zhao_cube_study\si4463-stm8s103p6-¿âº¯Êý\user\Debug\Obj\main.o
#        C:\Users\SHUQUEE8006\Desktop\zhao_cube_study\si4463-stm8s103p6-¿âº¯Êý\user\Debug\Obj\stm8s_clk.o
#        C:\Users\SHUQUEE8006\Desktop\zhao_cube_study\si4463-stm8s103p6-¿âº¯Êý\user\Debug\Obj\stm8s_exti.o
#        C:\Users\SHUQUEE8006\Desktop\zhao_cube_study\si4463-stm8s103p6-¿âº¯Êý\user\Debug\Obj\stm8s_flash.o
#        C:\Users\SHUQUEE8006\Desktop\zhao_cube_study\si4463-stm8s103p6-¿âº¯Êý\user\Debug\Obj\stm8s_gpio.o
#        C:\Users\SHUQUEE8006\Desktop\zhao_cube_study\si4463-stm8s103p6-¿âº¯Êý\user\Debug\Obj\stm8s_it.o
#        C:\Users\SHUQUEE8006\Desktop\zhao_cube_study\si4463-stm8s103p6-¿âº¯Êý\user\Debug\Obj\stm8s_spi.o
#        C:\Users\SHUQUEE8006\Desktop\zhao_cube_study\si4463-stm8s103p6-¿âº¯Êý\user\Debug\Obj\stm8s_uart1.o
#        C:\Users\SHUQUEE8006\Desktop\zhao_cube_study\si4463-stm8s103p6-¿âº¯Êý\user\Debug\Obj\user_flash.o
#        --redirect _Printf=_PrintfSmall --redirect _Scanf=_ScanfSmall -o
#        C:\Users\SHUQUEE8006\Desktop\zhao_cube_study\si4463-stm8s103p6-¿âº¯Êý\user\Debug\Exe\si4463-stm8s.out
#        --map
#        C:\Users\SHUQUEE8006\Desktop\zhao_cube_study\si4463-stm8s103p6-¿âº¯Êý\user\Debug\List\si4463-stm8s.map
#        --config "C:\Program Files (x86)\IAR Systems\Embedded Workbench
#        7.3\stm8\config\lnkstm8s103f3.icf" --config_def _CSTACK_SIZE=0x100
#        --config_def _HEAP_SIZE=0x100 --entry __iar_program_start --debug_lib
#
###############################################################################

*******************************************************************************
*** RUNTIME MODEL ATTRIBUTES
***

__SystemLibrary            = DLib
__code_model               = small
__core                     = stm8
__data_model               = medium
__dlib_file_descriptor     = 0
__dlib_full_locale_support = 0
__rt_version               = 4


*******************************************************************************
*** PLACEMENT SUMMARY
***

"A1":  place at start of [0x000000-0x0000ff] { rw section .vregs };
"A2":  place at end of [0x000000-0x0003ff] { block CSTACK };
"P2":  place in [from 0x000000 to 0x0003ff] {
          block HEAP, rw section __DLIB_PERTHREAD, rw section .far.bss,
          rw section .far.data, rw section .far.noinit,
          rw section .far_func.textrw, rw section .huge.bss,
          rw section .huge.data, rw section .huge.noinit,
          rw section .huge_func.textrw, rw section .iar.dynexit,
          rw section .near.bss, rw section .near.data, rw section .near.noinit,
          rw section .near_func.textrw };
"A3":  place at start of [0x008000-0x009fff] { block INTVEC };
"P3":  place in [from 0x008000 to 0x009fff] {
          ro section __DLIB_PERTHREAD_init, ro section .far.data_init,
          ro section .far_func.textrw_init, ro section .huge.data_init,
          ro section .huge_func.textrw_init, ro section .iar.init_table,
          ro section .init_array, ro section .near.data_init,
          ro section .near.rodata, ro section .near_func.text,
          ro section .near_func.textrw_init, ro section .tiny.data_init,
          ro section .tiny.rodata_init };

  Section            Kind      Address    Size  Object
  -------            ----      -------    ----  ------
"A1":                                     0x10
  .vregs             uninit   0x000000    0x10  vregs.o [4]
                            - 0x000010    0x10

"P2", part 1 of 2:                         0x2
  P2-1                        0x000010     0x2  <Init block>
    .near.data       inited   0x000010     0x2  main.o [1]
                            - 0x000012     0x2

"P2", part 2 of 2:                        0x4f
  .near.bss          zero     0x000012    0x40  main.o [1]
  .near.bss          zero     0x000052     0x9  stm8s_it.o [1]
  .near.bss          zero     0x00005b     0x2  main.o [1]
  .near.bss          zero     0x00005d     0x2  stm8s_it.o [1]
  .near.bss          zero     0x00005f     0x1  main.o [1]
  .near.bss          zero     0x000060     0x1  main.o [1]
                            - 0x000061    0x4f

"A2":                                    0x100
  CSTACK                      0x000300   0x100  <Block>
    CSTACK           uninit   0x000300   0x100  <Block tail>
                            - 0x000400   0x100

"A3":                                     0x80
  INTVEC                      0x008000    0x80  <Block>
    .intvec          const    0x008000    0x80  interrupt.o [4]
                            - 0x008080    0x80

"P3":                                   0x118f
  .near_func.text    ro code  0x008080   0x2a1  drv_SI4438.o [1]
  .near.rodata       const    0x008321   0x165  drv_SI4438.o [1]
  .near_func.text    ro code  0x008486   0x144  long.o [4]
  .near_func.text    ro code  0x0085ca   0x134  stm8s_uart1.o [1]
  .near_func.text    ro code  0x0086fe   0x105  vreg_util.o [4]
  .near_func.text    ro code  0x008803    0xaf  stm8s_gpio.o [1]
  .near_func.text    ro code  0x0088b2    0xa8  stm8s_it.o [1]
  .near_func.text    ro code  0x00895a    0x84  drv_SI4438.o [1]
  .near.rodata       const    0x0089de    0x80  main.o [1]
  .near_func.text    ro code  0x008a5e    0x78  main.o [1]
  .near_func.text    ro code  0x008ad6    0x6d  stm8s_exti.o [1]
  .near_func.text    ro code  0x008b43    0x59  drv_spi.o [1]
  .near_func.text    ro code  0x008b9c    0x58  stm8s_clk.o [1]
  .near_func.text    ro code  0x008bf4    0x57  stm8s_clk.o [1]
  .near_func.text    ro code  0x008c4b    0x4e  drv_spi.o [1]
  .near_func.text    ro code  0x008c99    0x4c  drv_uart.o [1]
  .near_func.text    ro code  0x008ce5    0x47  drv_SI4438.o [1]
  .near_func.text    ro code  0x008d2c    0x47  long_util.o [4]
  .near_func.text    ro code  0x008d73    0x45  drv_uart.o [1]
  .near_func.text    ro code  0x008db8    0x3f  drv_SI4438.o [1]
  .near_func.text    ro code  0x008df7    0x38  drv_SI4438.o [1]
  .near_func.text    ro code  0x008e2f    0x38  stm8s_spi.o [1]
  .near_func.text    ro code  0x008e67    0x32  stm8s_uart1.o [1]
  .near_func.text    ro code  0x008e99    0x30  drv_delay.o [1]
  .near_func.text    ro code  0x008ec9    0x2e  drv_SI4438.o [1]
  .near_func.text    ro code  0x008ef7    0x2d  stm8s_uart1.o [1]
  .near_func.text    ro code  0x008f24    0x2d  user_flash.o [1]
  .near_func.text    ro code  0x008f51    0x2b  short.o [4]
  .near_func.text    ro code  0x008f7c    0x29  user_flash.o [1]
  .near_func.text    ro code  0x008fa5    0x28  init_small.o [4]
  .near_func.text    ro code  0x008fcd    0x25  drv_SI4438.o [1]
  .near_func.text    ro code  0x008ff2    0x25  drv_SI4438.o [1]
  .near_func.text    ro code  0x009017    0x25  dc_util.o [4]
  .near_func.text    ro code  0x00903c    0x22  user_flash.o [1]
  .iar.init_table    const    0x00905e    0x12  - Linker created -
  .near_func.text    ro code  0x009070    0x1e  init_small.o [4]
  .near_func.text    ro code  0x00908e    0x1b  drv_delay.o [1]
  .near_func.text    ro code  0x0090a9    0x1b  drv_io.o [1]
  .near_func.text    ro code  0x0090c4    0x17  init.o [4]
  .near_func.text    ro code  0x0090db    0x16  stm8s_flash.o [1]
  .near_func.text    ro code  0x0090f1    0x15  stm8s_spi.o [1]
  .near_func.text    ro code  0x009106    0x15  stm8s_spi.o [1]
  .near_func.text    ro code  0x00911b    0x14  stm8s_spi.o [1]
  .near_func.text    ro code  0x00912f    0x14  __dbg_xxexit.o [3]
  .near_func.text    ro code  0x009143    0x13  cstartup.o [4]
  .near_func.text    ro code  0x009156     0xd  stm8s_uart1.o [1]
  .near_func.text    ro code  0x009163     0xd  move.o [4]
  .near_func.text    ro code  0x009170     0xb  stm8s_exti.o [1]
  .near_func.text    ro code  0x00917b     0xb  stm8s_flash.o [1]
  .near.rodata       const    0x009186     0xa  drv_SI4438.o [1]
  .near.rodata       const    0x009190     0x8  drv_SI4438.o [1]
  .near.rodata       const    0x009198     0x7  drv_SI4438.o [1]
  .near_func.text    ro code  0x00919f     0x7  stm8s_flash.o [1]
  .near_func.text    ro code  0x0091a6     0x7  stm8s_gpio.o [1]
  .near_func.text    ro code  0x0091ad     0x6  char.o [4]
  .near.rodata       const    0x0091b3     0x5  drv_SI4438.o [1]
  .near.rodata       const    0x0091b8     0x5  drv_SI4438.o [1]
  .near_func.text    ro code  0x0091bd     0x5  stm8s_flash.o [1]
  .near_func.text    ro code  0x0091c2     0x5  stm8s_gpio.o [1]
  .near_func.text    ro code  0x0091c7     0x5  cexit.o [4]
  .near.rodata       const    0x0091cc     0x4  drv_SI4438.o [1]
  .near.rodata       const    0x0091d0     0x4  stm8s_clk.o [1]
  .near_func.text    ro code  0x0091d4     0x4  stm8s_flash.o [1]
  .near_func.text    ro code  0x0091d8     0x4  stm8s_flash.o [1]
  .near_func.text    ro code  0x0091dc     0x4  stm8s_gpio.o [1]
  .near_func.text    ro code  0x0091e0     0x4  stm8s_uart1.o [1]
  .near.rodata       const    0x0091e4     0x3  drv_SI4438.o [1]
  .near_func.text    ro code  0x0091e7     0x3  interrupt.o [4]
  .near_func.text    ro code  0x0091ea     0x3  low_level_init.o [4]
  .near_func.text    ro code  0x0091ed     0x3  exit.o [4]
  .near_func.text    ro code  0x0091f0     0x3  unhandled_exception.o [4]
  .near.rodata       const    0x0091f3     0x2  drv_SI4438.o [1]
  .near.rodata       const    0x0091f5     0x2  drv_SI4438.o [1]
  .near.rodata       const    0x0091f7     0x2  drv_SI4438.o [1]
  Initializer bytes  const    0x0091f9     0x2  <for P2-1>
  .near_func.text    ro code  0x0091fb     0x1  stm8s_it.o [1]
  .near_func.text    ro code  0x0091fc     0x1  stm8s_it.o [1]
  .near_func.text    ro code  0x0091fd     0x1  stm8s_it.o [1]
  .near_func.text    ro code  0x0091fe     0x1  stm8s_it.o [1]
  .near_func.text    ro code  0x0091ff     0x1  stm8s_it.o [1]
  .near_func.text    ro code  0x009200     0x1  stm8s_it.o [1]
  .near_func.text    ro code  0x009201     0x1  stm8s_it.o [1]
  .near_func.text    ro code  0x009202     0x1  stm8s_it.o [1]
  .near_func.text    ro code  0x009203     0x1  stm8s_it.o [1]
  .near_func.text    ro code  0x009204     0x1  stm8s_it.o [1]
  .near_func.text    ro code  0x009205     0x1  stm8s_it.o [1]
  .near_func.text    ro code  0x009206     0x1  stm8s_it.o [1]
  .near_func.text    ro code  0x009207     0x1  stm8s_it.o [1]
  .near_func.text    ro code  0x009208     0x1  stm8s_it.o [1]
  .near_func.text    ro code  0x009209     0x1  stm8s_it.o [1]
  .near_func.text    ro code  0x00920a     0x1  stm8s_it.o [1]
  .near_func.text    ro code  0x00920b     0x1  stm8s_it.o [1]
  .near_func.text    ro code  0x00920c     0x1  stm8s_it.o [1]
  .near_func.text    ro code  0x00920d     0x1  stm8s_it.o [1]
  .near_func.text    ro code  0x00920e     0x1  __dbg_break.o [3]
                            - 0x00920f  0x118f


*******************************************************************************
*** INIT TABLE
***

          Address   Size
          -------   ----
Zero (__iar_zero_init2)
    1 destination range, total size 0x4f:
          0x000012  0x4f

Copy (__iar_copy_init2)
    1 source range, total size 0x2:
          0x0091f9   0x2
    1 destination range, total size 0x2:
          0x000010   0x2



*******************************************************************************
*** MODULE SUMMARY
***

    Module                 ro code  ro data  rw data
    ------                 -------  -------  -------
C:\Users\SHUQUEE8006\Desktop\zhao_cube_study\si4463-stm8s103p6-¿âº¯Êý\user\Debug\Obj: [1]
    drv_SI4438.o             1 115      405
    drv_delay.o                 75
    drv_io.o                    27
    drv_spi.o                  167
    drv_uart.o                 145
    main.o                     120      130       70
    stm8s_clk.o                175        4
    stm8s_exti.o               120
    stm8s_flash.o               53
    stm8s_gpio.o               191
    stm8s_it.o                 187                11
    stm8s_spi.o                118
    stm8s_uart1.o              420
    user_flash.o               120
    ------------------------------------------------
    Total:                   3 033      539       81

command line: [2]
    ------------------------------------------------
    Total:

dbgstm8smd.a: [3]
    __dbg_break.o                1
    __dbg_xxexit.o              20
    ------------------------------------------------
    Total:                      21

dlstm8smn.a: [4]
    cexit.o                      5
    char.o                       6
    cstartup.o                  19
    dc_util.o                   37
    exit.o                       3
    init.o                      23
    init_small.o                70
    interrupt.o                  3      128
    long.o                     324
    long_util.o                 71
    low_level_init.o             3
    move.o                      13
    short.o                     43
    unhandled_exception.o        3
    vreg_util.o                261
    vregs.o                                       16
    ------------------------------------------------
    Total:                     884      128       16

    Linker created                       18      256
----------------------------------------------------
    Grand Total:             3 938      685      353


*******************************************************************************
*** ENTRY LIST
***

Entry                    Address   Size  Type      Object
-----                    -------   ----  ----      ------
.iar.init_table$$Base   0x00905e          --   Gb  - Linker created -
.iar.init_table$$Limit  0x009070          --   Gb  - Linker created -
?b0                     0x000000         Data  Gb  vregs.o [4]
?b1                     0x000001         Data  Gb  vregs.o [4]
?b10                    0x00000a         Data  Gb  vregs.o [4]
?b11                    0x00000b         Data  Gb  vregs.o [4]
?b12                    0x00000c         Data  Gb  vregs.o [4]
?b13                    0x00000d         Data  Gb  vregs.o [4]
?b14                    0x00000e         Data  Gb  vregs.o [4]
?b15                    0x00000f         Data  Gb  vregs.o [4]
?b2                     0x000002         Data  Gb  vregs.o [4]
?b3                     0x000003         Data  Gb  vregs.o [4]
?b4                     0x000004         Data  Gb  vregs.o [4]
?b5                     0x000005         Data  Gb  vregs.o [4]
?b6                     0x000006         Data  Gb  vregs.o [4]
?b7                     0x000007         Data  Gb  vregs.o [4]
?b8                     0x000008         Data  Gb  vregs.o [4]
?b9                     0x000009         Data  Gb  vregs.o [4]
?dc32_l0                0x009017         Code  Gb  dc_util.o [4]
?dc32_l1                0x009024         Code  Gb  dc_util.o [4]
?dc32_px                0x009031         Code  Gb  dc_util.o [4]
?dec32_0x_0x            0x00848b         Code  Gb  long.o [4]
?dec32_l0_l0            0x008486         Code  Gb  long.o [4]
?e0                     0x000001         Data  Gb  vregs.o [4]
?e1                     0x000005         Data  Gb  vregs.o [4]
?e2                     0x000009         Data  Gb  vregs.o [4]
?e3                     0x00000d         Data  Gb  vregs.o [4]
?epilogue_l2            0x008799         Code  Gb  vreg_util.o [4]
?epilogue_l2_l3         0x008796         Code  Gb  vreg_util.o [4]
?epilogue_l2_w6         0x00879d         Code  Gb  vreg_util.o [4]
?epilogue_w4            0x0087a4         Code  Gb  vreg_util.o [4]
?l0                     0x000000         Data  Gb  vregs.o [4]
?l1                     0x000004         Data  Gb  vregs.o [4]
?l2                     0x000008         Data  Gb  vregs.o [4]
?l3                     0x00000c         Data  Gb  vregs.o [4]
?load32_0x_l0           0x008d65         Code  Gb  long_util.o [4]
?load32_asp_l0          0x008d59         Code  Gb  long_util.o [4]
?load32_dbsp_l0         0x008d54         Code  Gb  long_util.o [4]
?load32_l0_0x           0x008d3c         Code  Gb  long_util.o [4]
?load32_l0_asp          0x008d31         Code  Gb  long_util.o [4]
?load32_l0_dbsp         0x008d2c         Code  Gb  long_util.o [4]
?load32_l0_xsp          0x008d33         Code  Gb  long_util.o [4]
?load32_l1_0x           0x008d48         Code  Gb  long_util.o [4]
?load32_xsp_l0          0x008d5b         Code  Gb  long_util.o [4]
?mov_e0_e1              0x0087ab         Code  Gb  vreg_util.o [4]
?mov_e0_e2              0x0087b8         Code  Gb  vreg_util.o [4]
?mov_e0_e3              0x0087c5         Code  Gb  vreg_util.o [4]
?mov_e1_e0              0x0087d2         Code  Gb  vreg_util.o [4]
?mov_e1_e2              0x0087df         Code  Gb  vreg_util.o [4]
?mov_e2_e0              0x0087ec         Code  Gb  vreg_util.o [4]
?mov_e3_e0              0x0087f9         Code  Gb  vreg_util.o [4]
?mov_l0_l1              0x0087a8         Code  Gb  vreg_util.o [4]
?mov_l0_l2              0x0087b5         Code  Gb  vreg_util.o [4]
?mov_l0_l3              0x0087c2         Code  Gb  vreg_util.o [4]
?mov_l1_l0              0x0087cf         Code  Gb  vreg_util.o [4]
?mov_l1_l2              0x0087dc         Code  Gb  vreg_util.o [4]
?mov_l2_l0              0x0087e9         Code  Gb  vreg_util.o [4]
?mov_l3_l0              0x0087f6         Code  Gb  vreg_util.o [4]
?mov_w1_w3              0x0087ae         Code  Gb  vreg_util.o [4]
?mov_w1_w5              0x0087bb         Code  Gb  vreg_util.o [4]
?mov_w1_w7              0x0087c8         Code  Gb  vreg_util.o [4]
?mov_w3_w1              0x0087d5         Code  Gb  vreg_util.o [4]
?mov_w3_w5              0x0087e2         Code  Gb  vreg_util.o [4]
?mov_w5_w1              0x0087ef         Code  Gb  vreg_util.o [4]
?mov_w7_w1              0x0087fc         Code  Gb  vreg_util.o [4]
?move1616_v_x_y_a       0x009163         Code  Gb  move.o [4]
?mul16_x_x_w0           0x008f51         Code  Gb  short.o [4]
?mul32_l0_l0_0x         0x0084bd         Code  Gb  long.o [4]
?mul32_l0_l0_dl         0x0084ba         Code  Gb  long.o [4]
?mul32_l0_l0_l1         0x0084c6         Code  Gb  long.o [4]
?pop_l0                 0x008762         Code  Gb  vreg_util.o [4]
?pop_l1                 0x00876d         Code  Gb  vreg_util.o [4]
?pop_l2                 0x008778         Code  Gb  vreg_util.o [4]
?pop_l3                 0x008783         Code  Gb  vreg_util.o [4]
?pop_w4                 0x00871b         Code  Gb  vreg_util.o [4]
?pop_w6                 0x008722         Code  Gb  vreg_util.o [4]
?push_l0                0x008731         Code  Gb  vreg_util.o [4]
?push_l1                0x008736         Code  Gb  vreg_util.o [4]
?push_l2                0x00873b         Code  Gb  vreg_util.o [4]
?push_l3                0x008740         Code  Gb  vreg_util.o [4]
?push_w4                0x0086fe         Code  Gb  vreg_util.o [4]
?push_w6                0x008703         Code  Gb  vreg_util.o [4]
?sll16_x_x_a            0x008f6f         Code  Gb  short.o [4]
?sll32_0x_0x_a          0x0085bc         Code  Gb  long.o [4]
?sll32_l0_l0_a          0x0085b9         Code  Gb  long.o [4]
?sll8_a_a_5             0x0091ae         Code  Gb  char.o [4]
?sll8_a_a_6             0x0091ad         Code  Gb  char.o [4]
?srl16_x_x_4            0x008f77         Code  Gb  short.o [4]
?sub32_l0_l0_0x         0x0084a2         Code  Gb  long.o [4]
?sub32_l0_l0_l1         0x00849f         Code  Gb  long.o [4]
?udiv32_l0_dl_l1        0x008544         Code  Gb  long.o [4]
?udiv32_l0_l0_dl        0x008549         Code  Gb  long.o [4]
?udiv32_l0_l0_l1        0x00854c         Code  Gb  long.o [4]
?umod32_l1_l0_l1        0x00854c         Code  Gb  long.o [4]
?w0                     0x000000         Data  Gb  vregs.o [4]
?w1                     0x000002         Data  Gb  vregs.o [4]
?w2                     0x000004         Data  Gb  vregs.o [4]
?w3                     0x000006         Data  Gb  vregs.o [4]
?w4                     0x000008         Data  Gb  vregs.o [4]
?w5                     0x00000a         Data  Gb  vregs.o [4]
?w6                     0x00000c         Data  Gb  vregs.o [4]
?w7                     0x00000e         Data  Gb  vregs.o [4]
ADC1_IRQHandler         0x00920b    0x1  Code  Gb  stm8s_it.o [1]
AWU_IRQHandler          0x0091fd    0x1  Code  Gb  stm8s_it.o [1]
CLK_GetClockFreq        0x008bf4   0x57  Code  Gb  stm8s_clk.o [1]
CLK_IRQHandler          0x0091fe    0x1  Code  Gb  stm8s_it.o [1]
CLK_PeripheralClockConfig
                        0x008b9c   0x58  Code  Gb  stm8s_clk.o [1]
CSTACK$$Base            0x000300          --   Gb  - Linker created -
CSTACK$$Limit           0x000400          --   Gb  - Linker created -
EEPROM_EEC_IRQHandler   0x00920d    0x1  Code  Gb  stm8s_it.o [1]
EXTI_PORTA_IRQHandler   0x0091ff    0x1  Code  Gb  stm8s_it.o [1]
EXTI_PORTB_IRQHandler   0x009200    0x1  Code  Gb  stm8s_it.o [1]
EXTI_PORTC_IRQHandler   0x009201    0x1  Code  Gb  stm8s_it.o [1]
EXTI_PORTD_IRQHandler   0x0088b2   0xa8  Code  Gb  stm8s_it.o [1]
EXTI_PORTE_IRQHandler   0x009202    0x1  Code  Gb  stm8s_it.o [1]
EXTI_SetExtIntSensitivity
                        0x008ad6   0x6d  Code  Gb  stm8s_exti.o [1]
EXTI_SetTLISensitivity  0x009170    0xb  Code  Gb  stm8s_exti.o [1]
FLASH_EraseByte         0x0091bd    0x5  Code  Gb  stm8s_flash.o [1]
FLASH_Lock              0x00919f    0x7  Code  Gb  stm8s_flash.o [1]
FLASH_ProgramByte       0x0091d4    0x4  Code  Gb  stm8s_flash.o [1]
FLASH_ReadByte          0x0091d8    0x4  Code  Gb  stm8s_flash.o [1]
FLASH_SetProgrammingTime
                        0x00917b    0xb  Code  Gb  stm8s_flash.o [1]
FLASH_Unlock            0x0090db   0x16  Code  Gb  stm8s_flash.o [1]
GPIO_Config             0x0090a9   0x1b  Code  Gb  drv_io.o [1]
GPIO_Init               0x008803   0xaf  Code  Gb  stm8s_gpio.o [1]
GPIO_ReadInputData      0x0091c2    0x5  Code  Gb  stm8s_gpio.o [1]
GPIO_WriteHigh          0x0091a6    0x7  Code  Gb  stm8s_gpio.o [1]
GPIO_WriteLow           0x0091dc    0x4  Code  Gb  stm8s_gpio.o [1]
HSIDivFactor            0x0091d0    0x4  Data  Gb  stm8s_clk.o [1]
I2C_IRQHandler          0x00920a    0x1  Code  Gb  stm8s_it.o [1]
INTVEC$$Base            0x008000          --   Gb  - Linker created -
INTVEC$$Limit           0x008080          --   Gb  - Linker created -
Region$$Table$$Base     0x00905e          --   Gb  - Linker created -
Region$$Table$$Limit    0x009070          --   Gb  - Linker created -
SI446x_Change_Status    0x0080e1   0x27  Code  Gb  drv_SI4438.o [1]
SI446x_Config_Gpio      0x008189   0x48  Code  Gb  drv_SI4438.o [1]
SI446x_Config_Init      0x0081d1   0xab  Code  Gb  drv_SI4438.o [1]
SI446x_Get_Device_Status
                        0x008ec9   0x2e  Code  Gb  drv_SI4438.o [1]
SI446x_Gpio_Init        0x0082c9   0x20  Code  Gb  drv_SI4438.o [1]
SI446x_Init             0x0082e9   0x38  Code  Gb  drv_SI4438.o [1]
SI446x_Interrupt_Status
                        0x008df7   0x38  Code  Gb  drv_SI4438.o [1]
SI446x_Power_Up         0x00827c   0x38  Code  Gb  drv_SI4438.o [1]
SI446x_Read_Response    0x008143   0x46  Code  Gb  drv_SI4438.o [1]
SI446x_Reset            0x0082b4   0x15  Code  Gb  drv_SI4438.o [1]
SI446x_Reset_RxFifo     0x008fcd   0x25  Code  Gb  drv_SI4438.o [1]
SI446x_Reset_TxFifo     0x008ff2   0x25  Code  Gb  drv_SI4438.o [1]
SI446x_Send_Packet      0x00895a   0x84  Code  Gb  drv_SI4438.o [1]
SI446x_Set_Power        0x00813d    0x6  Code  Gb  drv_SI4438.o [1]
SI446x_Set_Property_1   0x008108   0x35  Code  Gb  drv_SI4438.o [1]
SI446x_Start_Rx         0x008080   0x61  Code  Gb  drv_SI4438.o [1]
SI446x_Wait_Cts         0x008ce5   0x47  Code  Gb  drv_SI4438.o [1]
SI446x_Write_Cmds       0x008db8   0x3f  Code  Gb  drv_SI4438.o [1]
SPI_Cmd                 0x009106    0xd  Code  Gb  stm8s_spi.o [1]
SPI_DeInit              0x0090f1   0x15  Code  Gb  stm8s_spi.o [1]
SPI_GetFlagStatus       0x00911b   0x14  Code  Gb  stm8s_spi.o [1]
SPI_IRQHandler          0x009203    0x1  Code  Gb  stm8s_it.o [1]
SPI_Init                0x008e2f   0x38  Code  Gb  stm8s_spi.o [1]
SPI_ReceiveData         0x009117    0x4  Code  Gb  stm8s_spi.o [1]
SPI_SendData            0x009113    0x4  Code  Gb  stm8s_spi.o [1]
TIM1_CAP_COM_IRQHandler
                        0x009205    0x1  Code  Gb  stm8s_it.o [1]
TIM1_UPD_OVF_TRG_BRK_IRQHandler
                        0x009204    0x1  Code  Gb  stm8s_it.o [1]
TIM2_CAP_COM_IRQHandler
                        0x009207    0x1  Code  Gb  stm8s_it.o [1]
TIM2_UPD_OVF_BRK_IRQHandler
                        0x009206    0x1  Code  Gb  stm8s_it.o [1]
TIM4_UPD_OVF_IRQHandler
                        0x00920c    0x1  Code  Gb  stm8s_it.o [1]
TLI_IRQHandler          0x0091fc    0x1  Code  Gb  stm8s_it.o [1]
TRAP_IRQHandler         0x0091fb    0x1  Code  Gb  stm8s_it.o [1]
UART1_Cmd               0x009156    0xd  Code  Gb  stm8s_uart1.o [1]
UART1_DeInit            0x008ef7   0x2d  Code  Gb  stm8s_uart1.o [1]
UART1_GetFlagStatus     0x008e67   0x32  Code  Gb  stm8s_uart1.o [1]
UART1_Init              0x0085ca  0x134  Code  Gb  stm8s_uart1.o [1]
UART1_RX_IRQHandler     0x009209    0x1  Code  Gb  stm8s_it.o [1]
UART1_ReceiveData8      0x0091e0    0x4  Code  Gb  stm8s_uart1.o [1]
UART1_TX_IRQHandler     0x009208    0x1  Code  Gb  stm8s_it.o [1]
__DebugBreak            0x00920e    0x1  Code  Gb  __dbg_break.o [3]
__exit                  0x00912f   0x14  Code  Gb  __dbg_xxexit.o [3]
__iar_copy_init2        0x008fa5         Code  Gb  init_small.o [4]
__iar_data_init2        0x0090c4   0x17  Code  Gb  init.o [4]
__iar_program_start     0x009143         Code  Gb  cstartup.o [4]
__iar_unhandled_exception
                        0x0091f0         Code  Gb  unhandled_exception.o [4]
__iar_zero_init2        0x009070         Code  Gb  init_small.o [4]
__intvec                0x008000         Data  Gb  interrupt.o [4]
__low_level_init        0x0091ea    0x3  Code  Gb  low_level_init.o [4]
_exit                   0x0091c7         Code  Gb  cexit.o [4]
_interrupt_1            0x0091fb         Code  Gb  stm8s_it.o [1]
_interrupt_12           0x009203         Code  Gb  stm8s_it.o [1]
_interrupt_13           0x009204         Code  Gb  stm8s_it.o [1]
_interrupt_14           0x009205         Code  Gb  stm8s_it.o [1]
_interrupt_15           0x009206         Code  Gb  stm8s_it.o [1]
_interrupt_16           0x009207         Code  Gb  stm8s_it.o [1]
_interrupt_19           0x009208         Code  Gb  stm8s_it.o [1]
_interrupt_2            0x0091fc         Code  Gb  stm8s_it.o [1]
_interrupt_20           0x009209         Code  Gb  stm8s_it.o [1]
_interrupt_21           0x00920a         Code  Gb  stm8s_it.o [1]
_interrupt_24           0x00920b         Code  Gb  stm8s_it.o [1]
_interrupt_25           0x00920c         Code  Gb  stm8s_it.o [1]
_interrupt_26           0x00920d         Code  Gb  stm8s_it.o [1]
_interrupt_3            0x0091fd         Code  Gb  stm8s_it.o [1]
_interrupt_4            0x0091fe         Code  Gb  stm8s_it.o [1]
_interrupt_5            0x0091ff         Code  Gb  stm8s_it.o [1]
_interrupt_6            0x009200         Code  Gb  stm8s_it.o [1]
_interrupt_7            0x009201         Code  Gb  stm8s_it.o [1]
_interrupt_8            0x0088b2         Code  Gb  stm8s_it.o [1]
_interrupt_9            0x009202         Code  Gb  stm8s_it.o [1]
arrary_table            0x00005b    0x2  Data  Gb  main.o [1]
channel                 0x000060    0x1  Data  Gb  main.o [1]
config_table            0x008321  0x165  Data  Lc  drv_SI4438.o [1]
drv_delay_1ms           0x008e99   0x30  Code  Lc  drv_delay.o [1]
drv_delay_ms            0x00908e   0x1b  Code  Gb  drv_delay.o [1]
drv_spi_init            0x008b43   0x59  Code  Gb  drv_spi.o [1]
drv_spi_read_write_byte
                        0x008c4b   0x4e  Code  Gb  drv_spi.o [1]
drv_uart_init           0x008d73   0x45  Code  Gb  drv_uart.o [1]
drv_uart_rx_bytes       0x008c99   0x4c  Code  Gb  drv_uart.o [1]
exit                    0x0091ed    0x3  Code  Gb  exit.o [4]
flash_channel           0x00903c   0x22  Code  Gb  user_flash.o [1]
g_TxMode                0x00005f    0x1  Data  Gb  main.o [1]
g_UartRxBuffer          0x000012   0x40  Data  Gb  main.o [1]
leave_load              0x00005d    0x2  Data  Gb  stm8s_it.o [1]
main                    0x008a5e   0x78  Code  Gb  main.o [1]
send_load               0x000010    0x2  Data  Gb  main.o [1]
t_SI4463ItStatus        0x000052    0x9  Data  Gb  stm8s_it.o [1]
tx_packet               0x0089de   0x80  Data  Gb  main.o [1]
user_read_flash         0x008f7c   0x29  Code  Gb  user_flash.o [1]
user_write_flash        0x008f24   0x2d  Code  Gb  user_flash.o [1]


[1] = C:\Users\SHUQUEE8006\Desktop\zhao_cube_study\si4463-stm8s103p6-¿âº¯Êý\user\Debug\Obj
[2] = command line
[3] = dbgstm8smd.a
[4] = dlstm8smn.a

  3 938 bytes of readonly  code memory
    685 bytes of readonly  data memory
    353 bytes of readwrite data memory

Errors: none
Warnings: none
