Component: ARM Compiler 5.05 update 1 (build 106) Tool: armlink [4d0efa]

==============================================================================

Section Cross References

    stm32f1xx_hal.o(i.HAL_DeInit) refers to stm32f1xx_hal.o(i.HAL_MspDeInit) for HAL_MspDeInit
    stm32f1xx_hal.o(i.HAL_Delay) refers to stm32f1xx_hal.o(i.HAL_GetTick) for HAL_GetTick
    stm32f1xx_hal.o(i.HAL_GetTick) refers to stm32f1xx_hal.o(.data) for .data
    stm32f1xx_hal.o(i.HAL_IncTick) refers to stm32f1xx_hal.o(.data) for .data
    stm32f1xx_hal.o(i.HAL_Init) refers to stm32f1xx_hal_cortex.o(i.HAL_NVIC_SetPriorityGrouping) for HAL_NVIC_SetPriorityGrouping
    stm32f1xx_hal.o(i.HAL_Init) refers to stm32f1xx_hal.o(i.HAL_InitTick) for HAL_InitTick
    stm32f1xx_hal.o(i.HAL_Init) refers to stm32f1xx_hal_msp.o(i.HAL_MspInit) for HAL_MspInit
    stm32f1xx_hal.o(i.HAL_InitTick) refers to stm32f1xx_hal_cortex.o(i.HAL_SYSTICK_Config) for HAL_SYSTICK_Config
    stm32f1xx_hal.o(i.HAL_InitTick) refers to stm32f1xx_hal_cortex.o(i.HAL_NVIC_SetPriority) for HAL_NVIC_SetPriority
    stm32f1xx_hal.o(i.HAL_InitTick) refers to system_stm32f1xx.o(.data) for SystemCoreClock
    stm32f1xx_hal_pwr.o(i.HAL_PWR_EnterSTOPMode) refers to stm32f1xx_hal_pwr.o(i.PWR_OverloadWfe) for PWR_OverloadWfe
    stm32f1xx_hal_pwr.o(i.HAL_PWR_PVD_IRQHandler) refers to stm32f1xx_hal_pwr.o(i.HAL_PWR_PVDCallback) for HAL_PWR_PVDCallback
    stm32f1xx_hal_rcc_ex.o(i.HAL_RCCEx_DisablePLL2) refers to stm32f1xx_hal.o(i.HAL_GetTick) for HAL_GetTick
    stm32f1xx_hal_rcc_ex.o(i.HAL_RCCEx_DisablePLLI2S) refers to stm32f1xx_hal.o(i.HAL_GetTick) for HAL_GetTick
    stm32f1xx_hal_rcc_ex.o(i.HAL_RCCEx_EnablePLL2) refers to stm32f1xx_hal.o(i.HAL_GetTick) for HAL_GetTick
    stm32f1xx_hal_rcc_ex.o(i.HAL_RCCEx_EnablePLLI2S) refers to stm32f1xx_hal.o(i.HAL_GetTick) for HAL_GetTick
    stm32f1xx_hal_rcc_ex.o(i.HAL_RCCEx_GetPeriphCLKFreq) refers to stm32f1xx_hal_rcc.o(i.HAL_RCC_GetPCLK2Freq) for HAL_RCC_GetPCLK2Freq
    stm32f1xx_hal_rcc_ex.o(i.HAL_RCCEx_GetPeriphCLKFreq) refers to stm32f1xx_hal_rcc.o(i.HAL_RCC_GetSysClockFreq) for HAL_RCC_GetSysClockFreq
    stm32f1xx_hal_rcc_ex.o(i.HAL_RCCEx_PeriphCLKConfig) refers to stm32f1xx_hal.o(i.HAL_GetTick) for HAL_GetTick
    stm32f1xx_hal_rcc.o(i.HAL_RCC_ClockConfig) refers to stm32f1xx_hal.o(i.HAL_GetTick) for HAL_GetTick
    stm32f1xx_hal_rcc.o(i.HAL_RCC_ClockConfig) refers to stm32f1xx_hal_rcc.o(i.HAL_RCC_GetSysClockFreq) for HAL_RCC_GetSysClockFreq
    stm32f1xx_hal_rcc.o(i.HAL_RCC_ClockConfig) refers to stm32f1xx_hal.o(i.HAL_InitTick) for HAL_InitTick
    stm32f1xx_hal_rcc.o(i.HAL_RCC_ClockConfig) refers to system_stm32f1xx.o(.constdata) for AHBPrescTable
    stm32f1xx_hal_rcc.o(i.HAL_RCC_ClockConfig) refers to system_stm32f1xx.o(.data) for SystemCoreClock
    stm32f1xx_hal_rcc.o(i.HAL_RCC_DeInit) refers to system_stm32f1xx.o(.data) for SystemCoreClock
    stm32f1xx_hal_rcc.o(i.HAL_RCC_GetHCLKFreq) refers to system_stm32f1xx.o(.data) for SystemCoreClock
    stm32f1xx_hal_rcc.o(i.HAL_RCC_GetPCLK1Freq) refers to system_stm32f1xx.o(.data) for SystemCoreClock
    stm32f1xx_hal_rcc.o(i.HAL_RCC_GetPCLK1Freq) refers to system_stm32f1xx.o(.constdata) for APBPrescTable
    stm32f1xx_hal_rcc.o(i.HAL_RCC_GetPCLK2Freq) refers to system_stm32f1xx.o(.data) for SystemCoreClock
    stm32f1xx_hal_rcc.o(i.HAL_RCC_GetPCLK2Freq) refers to system_stm32f1xx.o(.constdata) for APBPrescTable
    stm32f1xx_hal_rcc.o(i.HAL_RCC_MCOConfig) refers to stm32f1xx_hal_gpio.o(i.HAL_GPIO_Init) for HAL_GPIO_Init
    stm32f1xx_hal_rcc.o(i.HAL_RCC_NMI_IRQHandler) refers to stm32f1xx_hal_rcc.o(i.HAL_RCC_CSSCallback) for HAL_RCC_CSSCallback
    stm32f1xx_hal_rcc.o(i.HAL_RCC_OscConfig) refers to stm32f1xx_hal.o(i.HAL_GetTick) for HAL_GetTick
    stm32f1xx_hal_rcc.o(i.HAL_RCC_OscConfig) refers to system_stm32f1xx.o(.data) for SystemCoreClock
    stm32f1xx_hal_flash_ex.o(i.FLASH_MassErase) refers to stm32f1xx_hal_flash.o(.bss) for pFlash
    stm32f1xx_hal_flash_ex.o(i.FLASH_OB_DisableWRP) refers to stm32f1xx_hal_flash.o(i.FLASH_WaitForLastOperation) for FLASH_WaitForLastOperation
    stm32f1xx_hal_flash_ex.o(i.FLASH_OB_DisableWRP) refers to stm32f1xx_hal_flash_ex.o(i.HAL_FLASHEx_OBErase) for HAL_FLASHEx_OBErase
    stm32f1xx_hal_flash_ex.o(i.FLASH_OB_DisableWRP) refers to stm32f1xx_hal_flash.o(.bss) for pFlash
    stm32f1xx_hal_flash_ex.o(i.FLASH_OB_EnableWRP) refers to stm32f1xx_hal_flash.o(i.FLASH_WaitForLastOperation) for FLASH_WaitForLastOperation
    stm32f1xx_hal_flash_ex.o(i.FLASH_OB_EnableWRP) refers to stm32f1xx_hal_flash_ex.o(i.HAL_FLASHEx_OBErase) for HAL_FLASHEx_OBErase
    stm32f1xx_hal_flash_ex.o(i.FLASH_OB_EnableWRP) refers to stm32f1xx_hal_flash.o(.bss) for pFlash
    stm32f1xx_hal_flash_ex.o(i.FLASH_OB_RDP_LevelConfig) refers to stm32f1xx_hal_flash.o(i.FLASH_WaitForLastOperation) for FLASH_WaitForLastOperation
    stm32f1xx_hal_flash_ex.o(i.FLASH_OB_RDP_LevelConfig) refers to stm32f1xx_hal_flash.o(.bss) for pFlash
[...]
    i.dhcp_set_state                         0x08002374   Section        0  dhcp.o(i.dhcp_set_state)
    dhcp_set_state                           0x08002375   Thumb Code    16  dhcp.o(i.dhcp_set_state)
    i.dhcp_start                             0x08002384   Section        0  dhcp.o(i.dhcp_start)
    i.dhcp_stop                              0x080023e4   Section        0  dhcp.o(i.dhcp_stop)
    i.dhcp_supplied_address                  0x08002408   Section        0  dhcp.o(i.dhcp_supplied_address)
    i.dhcp_timeout                           0x08002420   Section        0  dhcp.o(i.dhcp_timeout)
    dhcp_timeout                             0x08002421   Thumb Code   102  dhcp.o(i.dhcp_timeout)
    i.do_memp_free_pool                      0x08002486   Section        0  memp.o(i.do_memp_free_pool)
    do_memp_free_pool                        0x08002487   Thumb Code    12  memp.o(i.do_memp_free_pool)
    i.do_memp_malloc_pool                    0x08002492   Section        0  memp.o(i.do_memp_malloc_pool)
    do_memp_malloc_pool                      0x08002493   Thumb Code    14  memp.o(i.do_memp_malloc_pool)
    i.etharp_cleanup_netif                   0x080024a0   Section        0  etharp.o(i.etharp_cleanup_netif)
    i.etharp_find_entry                      0x080024d0   Section        0  etharp.o(i.etharp_find_entry)
    etharp_find_entry                        0x080024d1   Thumb Code   216  etharp.o(i.etharp_find_entry)
    i.etharp_free_entry                      0x080025ac   Section        0  etharp.o(i.etharp_free_entry)
    etharp_free_entry                        0x080025ad   Thumb Code    32  etharp.o(i.etharp_free_entry)
    i.etharp_input                           0x080025d0   Section        0  etharp.o(i.etharp_input)
    i.etharp_output                          0x08002684   Section        0  etharp.o(i.etharp_output)
    i.etharp_output_to_arp_index             0x08002770   Section        0  etharp.o(i.etharp_output_to_arp_index)
    etharp_output_to_arp_index               0x08002771   Thumb Code    92  etharp.o(i.etharp_output_to_arp_index)
    i.etharp_query                           0x080027d0   Section        0  etharp.o(i.etharp_query)
    i.etharp_raw                             0x080028c0   Section        0  etharp.o(i.etharp_raw)
    etharp_raw                               0x080028c1   Thumb Code   136  etharp.o(i.etharp_raw)
    i.etharp_request                         0x08002948   Section        0  etharp.o(i.etharp_request)
    i.etharp_request_dst                     0x08002954   Section        0  etharp.o(i.etharp_request_dst)
    etharp_request_dst                       0x08002955   Thumb Code    28  etharp.o(i.etharp_request_dst)
    i.etharp_tmr                             0x08002974   Section        0  etharp.o(i.etharp_tmr)
    i.etharp_update_arp_entry                0x080029d4   Section        0  etharp.o(i.etharp_update_arp_entry)
    etharp_update_arp_entry                  0x080029d5   Thumb Code   124  etharp.o(i.etharp_update_arp_entry)
    i.ethernet_input                         0x08002a54   Section        0  ethernet.o(i.ethernet_input)
    i.ethernet_output                        0x08002af4   Section        0  ethernet.o(i.ethernet_output)
    i.ethernetif_init                        0x08002b40   Section        0  ethernetif.o(i.ethernetif_init)
    i.ethernetif_input                       0x08002b68   Section        0  ethernetif.o(i.ethernetif_input)
    i.icmp_dest_unreach                      0x08002b8a   Section        0  icmp.o(i.icmp_dest_unreach)
    i.icmp_input                             0x08002b94   Section        0  icmp.o(i.icmp_input)
    i.icmp_send_response                     0x08002c88   Section        0  icmp.o(i.icmp_send_response)
    icmp_send_response                       0x08002c89   Thumb Code   108  icmp.o(i.icmp_send_response)
    i.icmp_time_exceeded                     0x08002cf4   Section        0  icmp.o(i.icmp_time_exceeded)
    i.ip4_addr_isbroadcast_u32               0x08002cfc   Section        0  ip4_addr.o(i.ip4_addr_isbroadcast_u32)
    i.ip4_frag                               0x08002d2c   Section        0  ip4_frag.o(i.ip4_frag)
    i.ip4_input                              0x08002e88   Section        0  ip4.o(i.ip4_input)
    i.ip4_output_if                          0x08003040   Section        0  ip4.o(i.ip4_output_if)
    i.ip4_output_if_src                      0x08003060   Section        0  ip4.o(i.ip4_output_if_src)
    i.ip4_reass                              0x08003108   Section        0  ip4_frag.o(i.ip4_reass)
    i.ip4_route                              0x08003298   Section        0  ip4.o(i.ip4_route)
    i.ip_frag_free_pbuf_custom_ref           0x080032f4   Section        0  ip4_frag.o(i.ip_frag_free_pbuf_custom_ref)
    ip_frag_free_pbuf_custom_ref             0x080032f5   Thumb Code     8  ip4_frag.o(i.ip_frag_free_pbuf_custom_ref)
    i.ip_reass_chain_frag_into_datagram_and_validate 0x080032fc   Section        0  ip4_frag.o(i.ip_reass_chain_frag_into_datagram_and_validate)
    ip_reass_chain_frag_into_datagram_and_validate 0x080032fd   Thumb Code   230  ip4_frag.o(i.ip_reass_chain_frag_into_datagram_and_validate)
    i.ip_reass_dequeue_datagram              0x080033e8   Section        0  ip4_frag.o(i.ip_reass_dequeue_datagram)
    ip_reass_dequeue_datagram                0x080033e9   Thumb Code    30  ip4_frag.o(i.ip_reass_dequeue_datagram)
    i.ip_reass_free_complete_datagram        0x0800340c   Section        0  ip4_frag.o(i.ip_reass_free_complete_datagram)
    ip_reass_free_complete_datagram          0x0800340d   Thumb Code   108  ip4_frag.o(i.ip_reass_free_complete_datagram)
    i.ip_reass_remove_oldest_datagram        0x0800347c   Section        0  ip4_frag.o(i.ip_reass_remove_oldest_datagram)
    ip_reass_remove_oldest_datagram          0x0800347d   Thumb Code   122  ip4_frag.o(i.ip_reass_remove_oldest_datagram)
    i.ip_reass_tmr                           0x080034fc   Section        0  ip4_frag.o(i.ip_reass_tmr)
    i.ipfrag_free_pbuf_custom                0x08003528   Section        0  ip4_frag.o(i.ipfrag_free_pbuf_custom)
    ipfrag_free_pbuf_custom                  0x08003529   Thumb Code    22  ip4_frag.o(i.ipfrag_free_pbuf_custom)
    i.low_level_init                         0x08003540   Section        0  ethernetif.o(i.low_level_init)
    low_level_init                           0x08003541   Thumb Code   224  ethernetif.o(i.low_level_init)
    i.low_level_input                        0x08003630   Section        0  ethernetif.o(i.low_level_input)
    low_level_input                          0x08003631   Thumb Code   182  ethernetif.o(i.low_level_input)
    i.low_level_output                       0x080036ec   Section        0  ethernetif.o(i.low_level_output)
    low_level_output                         0x080036ed   Thumb Code   162  ethernetif.o(i.low_level_output)
    i.lwip_htonl                             0x08003794   Section        0  def.o(i.lwip_htonl)
    i.lwip_htons                             0x08003798   Section        0  def.o(i.lwip_htons)
    i.lwip_init                              0x0800379c   Section        0  init.o(i.lwip_init)
    i.main                                   0x080037bc   Section        0  main.o(i.main)
    i.mem_free                               0x08003828   Section        0  mem.o(i.mem_free)
    i.mem_init                               0x08003854   Section        0  mem.o(i.mem_init)
    i.mem_malloc                             0x08003888   Section        0  mem.o(i.mem_malloc)
    i.mem_trim                               0x08003930   Section        0  mem.o(i.mem_trim)
    i.memp_free                              0x080039fc   Section        0  memp.o(i.memp_free)
    i.memp_init                              0x08003a14   Section        0  memp.o(i.memp_init)
    i.memp_init_pool                         0x08003a34   Section        0  memp.o(i.memp_init_pool)
    i.memp_malloc                            0x08003a60   Section        0  memp.o(i.memp_malloc)
    i.netif_add                              0x08003a78   Section        0  netif.o(i.netif_add)
    i.netif_init                             0x08003ac8   Section        0  netif.o(i.netif_init)
    i.netif_issue_reports                    0x08003aca   Section        0  netif.o(i.netif_issue_reports)
    netif_issue_reports                      0x08003acb   Thumb Code    26  netif.o(i.netif_issue_reports)
    i.netif_set_addr                         0x08003ae4   Section        0  netif.o(i.netif_set_addr)
    i.netif_set_default                      0x08003b2c   Section        0  netif.o(i.netif_set_default)
    i.netif_set_down                         0x08003b38   Section        0  netif.o(i.netif_set_down)
    i.netif_set_gw                           0x08003b52   Section        0  netif.o(i.netif_set_gw)
    i.netif_set_ipaddr                       0x08003b5c   Section        0  netif.o(i.netif_set_ipaddr)
    i.netif_set_netmask                      0x08003b9c   Section        0  netif.o(i.netif_set_netmask)
    i.netif_set_up                           0x08003ba4   Section        0  netif.o(i.netif_set_up)
    i.pbuf_alloc                             0x08003bc0   Section        0  pbuf.o(i.pbuf_alloc)
    i.pbuf_alloced_custom                    0x08003ce8   Section        0  pbuf.o(i.pbuf_alloced_custom)
    i.pbuf_cat                               0x08003d3a   Section        0  pbuf.o(i.pbuf_cat)
    i.pbuf_chain                             0x08003d62   Section        0  pbuf.o(i.pbuf_chain)
    i.pbuf_clen                              0x08003d74   Section        0  pbuf.o(i.pbuf_clen)
    i.pbuf_copy                              0x08003d86   Section        0  pbuf.o(i.pbuf_copy)
    i.pbuf_copy_partial                      0x08003e20   Section        0  pbuf.o(i.pbuf_copy_partial)
    i.pbuf_free                              0x08003e88   Section        0  pbuf.o(i.pbuf_free)
    i.pbuf_free_ooseq                        0x08003ed8   Section        0  pbuf.o(i.pbuf_free_ooseq)
    i.pbuf_header                            0x08003f04   Section        0  pbuf.o(i.pbuf_header)
    i.pbuf_header_force                      0x08003f0a   Section        0  pbuf.o(i.pbuf_header_force)
    i.pbuf_header_impl                       0x08003f10   Section        0  pbuf.o(i.pbuf_header_impl)
    pbuf_header_impl                         0x08003f11   Thumb Code   100  pbuf.o(i.pbuf_header_impl)
    i.pbuf_realloc                           0x08003f74   Section        0  pbuf.o(i.pbuf_realloc)
    i.pbuf_ref                               0x08003fc8   Section        0  pbuf.o(i.pbuf_ref)
    i.plug_holes                             0x08003fd4   Section        0  mem.o(i.plug_holes)
    plug_holes                               0x08003fd5   Thumb Code    78  mem.o(i.plug_holes)
    i.sys_check_timeouts                     0x08004028   Section        0  timeouts.o(i.sys_check_timeouts)
    i.sys_now                                0x08004080   Section        0  ethernetif.o(i.sys_now)
    i.sys_timeout                            0x08004084   Section        0  timeouts.o(i.sys_timeout)
    i.sys_timeouts_init                      0x08004114   Section        0  timeouts.o(i.sys_timeouts_init)
    i.tcp_abandon                            0x08004148   Section        0  tcp.o(i.tcp_abandon)
    i.tcp_abort                              0x0800421c   Section        0  tcp.o(i.tcp_abort)
    i.tcp_alloc                              0x08004224   Section        0  tcp.o(i.tcp_alloc)
    i.tcp_close                              0x0800432c   Section        0  tcp.o(i.tcp_close)
    i.tcp_close_shutdown                     0x08004340   Section        0  tcp.o(i.tcp_close_shutdown)
    tcp_close_shutdown                       0x08004341   Thumb Code   342  tcp.o(i.tcp_close_shutdown)
    i.tcp_create_segment                     0x080044a4   Section        0  tcp_out.o(i.tcp_create_segment)
    tcp_create_segment                       0x080044a5   Thumb Code   152  tcp_out.o(i.tcp_create_segment)
    i.tcp_eff_send_mss_impl                  0x0800453c   Section        0  tcp.o(i.tcp_eff_send_mss_impl)
    i.tcp_enqueue_flags                      0x0800455e   Section        0  tcp_out.o(i.tcp_enqueue_flags)
    i.tcp_fasttmr                            0x080045f0   Section        0  tcp.o(i.tcp_fasttmr)
    i.tcp_getoptbyte                         0x08004648   Section        0  tcp_in.o(i.tcp_getoptbyte)
    tcp_getoptbyte                           0x08004649   Thumb Code    42  tcp_in.o(i.tcp_getoptbyte)
    i.tcp_init                               0x08004678   Section        0  tcp.o(i.tcp_init)
    i.tcp_input                              0x0800467c   Section        0  tcp_in.o(i.tcp_input)
    i.tcp_keepalive                          0x080049e8   Section        0  tcp_out.o(i.tcp_keepalive)
    i.tcp_kill_state                         0x08004a3c   Section        0  tcp.o(i.tcp_kill_state)
    tcp_kill_state                           0x08004a3d   Thumb Code    56  tcp.o(i.tcp_kill_state)
    i.tcp_listen_input                       0x08004a78   Section        0  tcp_in.o(i.tcp_listen_input)
    tcp_listen_input                         0x08004a79   Thumb Code   220  tcp_in.o(i.tcp_listen_input)
    i.tcp_netif_ip_addr_changed              0x08004b64   Section        0  tcp.o(i.tcp_netif_ip_addr_changed)
    i.tcp_netif_ip_addr_changed_pcblist      0x08004bb0   Section        0  tcp.o(i.tcp_netif_ip_addr_changed_pcblist)
    tcp_netif_ip_addr_changed_pcblist        0x08004bb1   Thumb Code    34  tcp.o(i.tcp_netif_ip_addr_changed_pcblist)
    i.tcp_next_iss                           0x08004bd4   Section        0  tcp.o(i.tcp_next_iss)
    i.tcp_oos_insert_segment                 0x08004be4   Section        0  tcp_in.o(i.tcp_oos_insert_segment)
    tcp_oos_insert_segment                   0x08004be5   Thumb Code   114  tcp_in.o(i.tcp_oos_insert_segment)
    i.tcp_output                             0x08004c5c   Section        0  tcp_out.o(i.tcp_output)
    i.tcp_output_alloc_header                0x08004e24   Section        0  tcp_out.o(i.tcp_output_alloc_header)
    tcp_output_alloc_header                  0x08004e25   Thumb Code   106  tcp_out.o(i.tcp_output_alloc_header)
    i.tcp_output_segment                     0x08004e90   Section        0  tcp_out.o(i.tcp_output_segment)
    tcp_output_segment                       0x08004e91   Thumb Code   164  tcp_out.o(i.tcp_output_segment)
    i.tcp_parseopt                           0x08004f38   Section        0  tcp_in.o(i.tcp_parseopt)
    tcp_parseopt                             0x08004f39   Thumb Code   110  tcp_in.o(i.tcp_parseopt)
    i.tcp_pcb_purge                          0x08004fac   Section        0  tcp.o(i.tcp_pcb_purge)
    i.tcp_pcb_remove                         0x08004fee   Section        0  tcp.o(i.tcp_pcb_remove)
    i.tcp_process                            0x08005040   Section        0  tcp_in.o(i.tcp_process)
    tcp_process                              0x08005041   Thumb Code   854  tcp_in.o(i.tcp_process)
    i.tcp_process_refused_data               0x080053b0   Section        0  tcp.o(i.tcp_process_refused_data)
    i.tcp_receive                            0x0800541c   Section        0  tcp_in.o(i.tcp_receive)
    tcp_receive                              0x0800541d   Thumb Code  1726  tcp_in.o(i.tcp_receive)
    i.tcp_recv_null                          0x08005ae0   Section        0  tcp.o(i.tcp_recv_null)
    i.tcp_recved                             0x08005b04   Section        0  tcp.o(i.tcp_recved)
    i.tcp_rexmit                             0x08005b46   Section        0  tcp_out.o(i.tcp_rexmit)
    i.tcp_rexmit_fast                        0x08005b98   Section        0  tcp_out.o(i.tcp_rexmit_fast)
    i.tcp_rexmit_rto                         0x08005bf4   Section        0  tcp_out.o(i.tcp_rexmit_rto)
    i.tcp_rst                                0x08005c22   Section        0  tcp_out.o(i.tcp_rst)
    i.tcp_seg_copy                           0x08005ca2   Section        0  tcp.o(i.tcp_seg_copy)
    i.tcp_seg_free                           0x08005cca   Section        0  tcp.o(i.tcp_seg_free)
    i.tcp_segs_free                          0x08005ce6   Section        0  tcp.o(i.tcp_segs_free)
    i.tcp_send_empty_ack                     0x08005cf8   Section        0  tcp_out.o(i.tcp_send_empty_ack)
    i.tcp_send_fin                           0x08005d6a   Section        0  tcp_out.o(i.tcp_send_fin)
    i.tcp_slowtmr                            0x08005db0   Section        0  tcp.o(i.tcp_slowtmr)
    i.tcp_timer_needed                       0x08006030   Section        0  timeouts.o(i.tcp_timer_needed)
    i.tcp_timewait_input                     0x08006064   Section        0  tcp_in.o(i.tcp_timewait_input)
    tcp_timewait_input                       0x08006065   Thumb Code    90  tcp_in.o(i.tcp_timewait_input)
    i.tcp_tmr                                0x080060cc   Section        0  tcp.o(i.tcp_tmr)
    i.tcp_trigger_input_pcb_close            0x080060ec   Section        0  tcp_in.o(i.tcp_trigger_input_pcb_close)
    i.tcp_update_rcv_ann_wnd                 0x080060fc   Section        0  tcp.o(i.tcp_update_rcv_ann_wnd)
    i.tcp_zero_window_probe                  0x08006130   Section        0  tcp_out.o(i.tcp_zero_window_probe)
    i.tcpip_tcp_timer                        0x080061e4   Section        0  timeouts.o(i.tcpip_tcp_timer)
    tcpip_tcp_timer                          0x080061e5   Thumb Code    40  timeouts.o(i.tcpip_tcp_timer)
    i.udp_bind                               0x0800621c   Section        0  udp.o(i.udp_bind)
    i.udp_connect                            0x080062c8   Section        0  udp.o(i.udp_connect)
    i.udp_disconnect                         0x08006318   Section        0  udp.o(i.udp_disconnect)
    i.udp_echoserver_init                    0x08006328   Section        0  udp_echoserver.o(i.udp_echoserver_init)
    i.udp_echoserver_receive_callback        0x08006358   Section        0  udp_echoserver.o(i.udp_echoserver_receive_callback)
    i.udp_init                               0x08006380   Section        0  udp.o(i.udp_init)
    i.udp_input                              0x08006384   Section        0  udp.o(i.udp_input)
    i.udp_netif_ip_addr_changed              0x080064a8   Section        0  udp.o(i.udp_netif_ip_addr_changed)
    i.udp_new                                0x080064dc   Section        0  udp.o(i.udp_new)
    i.udp_recv                               0x080064f6   Section        0  udp.o(i.udp_recv)
    i.udp_remove                             0x080064fc   Section        0  udp.o(i.udp_remove)
    i.udp_send                               0x0800652c   Section        0  udp.o(i.udp_send)
    i.udp_sendto                             0x0800653c   Section        0  udp.o(i.udp_sendto)
    i.udp_sendto_if                          0x0800656e   Section        0  udp.o(i.udp_sendto_if)
    i.udp_sendto_if_src                      0x080065a4   Section        0  udp.o(i.udp_sendto_if_src)
    .constdata                               0x0800664c   Section       12  memp.o(.constdata)
    .constdata                               0x08006658   Section       12  memp.o(.constdata)
    .constdata                               0x08006664   Section       12  memp.o(.constdata)
    .constdata                               0x08006670   Section       12  memp.o(.constdata)
    .constdata                               0x0800667c   Section       12  memp.o(.constdata)
    .constdata                               0x08006688   Section       12  memp.o(.constdata)
    .constdata                               0x08006694   Section       12  memp.o(.constdata)
    .constdata                               0x080066a0   Section       12  memp.o(.constdata)
    .constdata                               0x080066ac   Section       12  memp.o(.constdata)
    .constdata                               0x080066b8   Section       36  memp.o(.constdata)
    .constdata                               0x080066dc   Section       40  timeouts.o(.constdata)
    .constdata                               0x08006704   Section       84  tcp.o(.constdata)
    tcp_persist_backoff                      0x08006704   Data           7  tcp.o(.constdata)
    tcp_state_str                            0x0800670c   Data          44  tcp.o(.constdata)
    tcp_backoff                              0x08006738   Data          13  tcp.o(.constdata)
    .constdata                               0x08006758   Section        4  ip4_addr.o(.constdata)
    .constdata                               0x0800675c   Section        4  ip4_addr.o(.constdata)
    .constdata                               0x08006760   Section        6  ethernet.o(.constdata)
    .constdata                               0x08006766   Section        6  ethernet.o(.constdata)
    .constdata                               0x0800676c   Section       16  system_stm32f1xx.o(.constdata)
    .conststring                             0x0800677c   Section      117  tcp.o(.conststring)
    .data                                    0x20000000   Section        4  stm32f1xx_hal.o(.data)
    .data                                    0x20000004   Section       12  lwip.o(.data)
    .data                                    0x20000010   Section        8  ip4_frag.o(.data)
    ip_reass_pbufcount                       0x20000010   Data           2  ip4_frag.o(.data)
    reassdatagrams                           0x20000014   Data           4  ip4_frag.o(.data)
    .data                                    0x20000018   Section       12  netif.o(.data)
    netif_num                                0x20000018   Data           1  netif.o(.data)
    .data                                    0x20000024   Section        4  memp.o(.data)
    memp_tab_UDP_PCB                         0x20000024   Data           4  memp.o(.data)
    .data                                    0x20000028   Section        4  memp.o(.data)
    memp_tab_TCP_PCB                         0x20000028   Data           4  memp.o(.data)
    .data                                    0x2000002c   Section        4  memp.o(.data)
    memp_tab_TCP_PCB_LISTEN                  0x2000002c   Data           4  memp.o(.data)
    .data                                    0x20000030   Section        4  memp.o(.data)
    memp_tab_TCP_SEG                         0x20000030   Data           4  memp.o(.data)
    .data                                    0x20000034   Section        4  memp.o(.data)
    memp_tab_REASSDATA                       0x20000034   Data           4  memp.o(.data)
    .data                                    0x20000038   Section        4  memp.o(.data)
    memp_tab_FRAG_PBUF                       0x20000038   Data           4  memp.o(.data)
    .data                                    0x2000003c   Section        4  memp.o(.data)
    memp_tab_SYS_TIMEOUT                     0x2000003c   Data           4  memp.o(.data)
    .data                                    0x20000040   Section        4  memp.o(.data)
    memp_tab_PBUF                            0x20000040   Data           4  memp.o(.data)
    .data                                    0x20000044   Section        4  memp.o(.data)
    memp_tab_PBUF_POOL                       0x20000044   Data           4  memp.o(.data)
    .data                                    0x20000048   Section       12  mem.o(.data)
    ram                                      0x20000048   Data           4  mem.o(.data)
    ram_end                                  0x2000004c   Data           4  mem.o(.data)
    lfree                                    0x20000050   Data           4  mem.o(.data)
    .data                                    0x20000054   Section       16  dhcp.o(.data)
    dhcp_pcb_refcount                        0x20000054   Data           1  dhcp.o(.data)
    dhcp_discover_request_options            0x20000055   Data           4  dhcp.o(.data)
    xid                                      0x2000005c   Data           4  dhcp.o(.data)
    dhcp_pcb                                 0x20000060   Data           4  dhcp.o(.data)
    .data                                    0x20000064   Section        1  pbuf.o(.data)
    .data                                    0x20000068   Section        8  udp.o(.data)
    udp_port                                 0x20000068   Data           2  udp.o(.data)
    .data                                    0x20000070   Section       12  timeouts.o(.data)
    next_timeout                             0x20000070   Data           4  timeouts.o(.data)
    timeouts_last_time                       0x20000074   Data           4  timeouts.o(.data)
    tcpip_tcp_timer_active                   0x20000078   Data           4  timeouts.o(.data)
    .data                                    0x2000007c   Section       32  tcp.o(.data)
    tcp_timer                                0x2000007d   Data           1  tcp.o(.data)
    tcp_timer_ctr                            0x2000007e   Data           1  tcp.o(.data)
    tcp_port                                 0x20000080   Data           2  tcp.o(.data)
    iss                                      0x20000084   Data           4  tcp.o(.data)
    .data                                    0x2000009c   Section       36  tcp_in.o(.data)
    flags                                    0x2000009c   Data           1  tcp_in.o(.data)
    recv_flags                               0x2000009d   Data           1  tcp_in.o(.data)
    tcphdr_optlen                            0x2000009e   Data           2  tcp_in.o(.data)
    tcphdr_opt1len                           0x200000a0   Data           2  tcp_in.o(.data)
    tcp_optidx                               0x200000a2   Data           2  tcp_in.o(.data)
    recv_acked                               0x200000a4   Data           2  tcp_in.o(.data)
    tcplen                                   0x200000a6   Data           2  tcp_in.o(.data)
    tcphdr                                   0x200000a8   Data           4  tcp_in.o(.data)
    tcphdr_opt2                              0x200000ac   Data           4  tcp_in.o(.data)
    seqno                                    0x200000b0   Data           4  tcp_in.o(.data)
    ackno                                    0x200000b4   Data           4  tcp_in.o(.data)
    recv_data                                0x200000b8   Data           4  tcp_in.o(.data)
    .data                                    0x200000c0   Section        1  etharp.o(.data)
    etharp_cached_entry                      0x200000c0   Data           1  etharp.o(.data)
    .data                                    0x200000c2   Section        2  ip4.o(.data)
    ip_id                                    0x200000c2   Data           2  ip4.o(.data)
    .data                                    0x200000c4   Section        4  system_stm32f1xx.o(.data)
    .data                                    0x200000c8   Section        4  rand.o(.data)
    _rand_state                              0x200000c8   Data           4  rand.o(.data)
    .bss                                     0x200000cc   Section       52  lwip.o(.bss)
    .bss                                     0x20000100   Section    18552  ethernetif.o(.bss)
    .bss                                     0x20004978   Section      131  memp.o(.bss)
    .bss                                     0x200049fb   Section      763  memp.o(.bss)
    .bss                                     0x20004cf6   Section      227  memp.o(.bss)
    .bss                                     0x20004dd9   Section      259  memp.o(.bss)
    .bss                                     0x20004edc   Section      163  memp.o(.bss)
    .bss                                     0x20004f7f   Section      363  memp.o(.bss)
    .bss                                     0x200050ea   Section       83  memp.o(.bss)
    .bss                                     0x2000513d   Section      259  memp.o(.bss)
    .bss                                     0x20005240   Section     9731  memp.o(.bss)
    .bss                                     0x20007843   Section     1619  mem.o(.bss)
    .bss                                     0x20007e98   Section       50  dhcp.o(.bss)
    .bss                                     0x20007ecc   Section       16  tcp_in.o(.bss)
    inseg                                    0x20007ecc   Data          16  tcp_in.o(.bss)
    .bss                                     0x20007edc   Section       24  ip.o(.bss)
    .bss                                     0x20007ef4   Section      240  etharp.o(.bss)
    arp_table                                0x20007ef4   Data         240  etharp.o(.bss)
    STACK                                    0x20007fe8   Section     1024  startup_stm32f107xc.o(STACK)

    Global Symbols

    Symbol Name                              Value     Ov Type        Size  Object(Section)

    BuildAttributes$$THM_ISAv4$P$D$K$B$S$PE$A:L22UL41UL21$X:L11$S22US41US21$IEEE1$IW$USESV6$~STKCKD$USESV7$~SHL$OSPACE$EBA8$MICROLIB$REQ8$PRES8$EABIv2 0x00000000   Number         0  anon$$obj.o ABSOLUTE
    __ARM_use_no_argv                        0x00000000   Number         0  main.o ABSOLUTE
    __cpp_initialize__aeabi_                  - Undefined Weak Reference
    __cxa_finalize                            - Undefined Weak Reference
    __decompress                              - Undefined Weak Reference
    _clock_init                               - Undefined Weak Reference
    _microlib_exit                            - Undefined Weak Reference
    __Vectors_Size                           0x00000150   Number         0  startup_stm32f107xc.o ABSOLUTE
    __Vectors                                0x08000000   Data           4  startup_stm32f107xc.o(RESET)
    __Vectors_End                            0x08000150   Data           0  startup_stm32f107xc.o(RESET)
    __main                                   0x08000151   Thumb Code     0  entry.o(.ARM.Collect$$$$00000000)
    _main_stk                                0x08000151   Thumb Code     0  entry2.o(.ARM.Collect$$$$00000001)
    _main_scatterload                        0x08000155   Thumb Code     0  entry5.o(.ARM.Collect$$$$00000004)
    __main_after_scatterload                 0x08000159   Thumb Code     0  entry5.o(.ARM.Collect$$$$00000004)
    _main_clock                              0x08000159   Thumb Code     0  entry7b.o(.ARM.Collect$$$$00000008)
    _main_cpp_init                           0x08000159   Thumb Code     0  entry8b.o(.ARM.Collect$$$$0000000A)
    _main_init                               0x08000159   Thumb Code     0  entry9a.o(.ARM.Collect$$$$0000000B)
    __rt_final_cpp                           0x08000161   Thumb Code     0  entry10a.o(.ARM.Collect$$$$0000000D)
    __rt_final_exit                          0x08000161   Thumb Code     0  entry11a.o(.ARM.Collect$$$$0000000F)
    Reset_Handler                            0x08000165   Thumb Code     8  startup_stm32f107xc.o(.text)
    ADC1_2_IRQHandler                        0x0800017f   Thumb Code     0  startup_stm32f107xc.o(.text)
    CAN1_RX0_IRQHandler                      0x0800017f   Thumb Code     0  startup_stm32f107xc.o(.text)
    CAN1_RX1_IRQHandler                      0x0800017f   Thumb Code     0  startup_stm32f107xc.o(.text)
    CAN1_SCE_IRQHandler                      0x0800017f   Thumb Code     0  startup_stm32f107xc.o(.text)
    CAN1_TX_IRQHandler                       0x0800017f   Thumb Code     0  startup_stm32f107xc.o(.text)
    CAN2_RX0_IRQHandler                      0x0800017f   Thumb Code     0  startup_stm32f107xc.o(.text)
    CAN2_RX1_IRQHandler                      0x0800017f   Thumb Code     0  startup_stm32f107xc.o(.text)
    CAN2_SCE_IRQHandler                      0x0800017f   Thumb Code     0  startup_stm32f107xc.o(.text)
    CAN2_TX_IRQHandler                       0x0800017f   Thumb Code     0  startup_stm32f107xc.o(.text)
    DMA1_Channel1_IRQHandler                 0x0800017f   Thumb Code     0  startup_stm32f107xc.o(.text)
    DMA1_Channel2_IRQHandler                 0x0800017f   Thumb Code     0  startup_stm32f107xc.o(.text)
    DMA1_Channel3_IRQHandler                 0x0800017f   Thumb Code     0  startup_stm32f107xc.o(.text)
    DMA1_Channel4_IRQHandler                 0x0800017f   Thumb Code     0  startup_stm32f107xc.o(.text)
    DMA1_Channel5_IRQHandler                 0x0800017f   Thumb Code     0  startup_stm32f107xc.o(.text)
    DMA1_Channel6_IRQHandler                 0x0800017f   Thumb Code     0  startup_stm32f107xc.o(.text)
    DMA1_Channel7_IRQHandler                 0x0800017f   Thumb Code     0  startup_stm32f107xc.o(.text)
    DMA2_Channel1_IRQHandler                 0x0800017f   Thumb Code     0  startup_stm32f107xc.o(.text)
    DMA2_Channel2_IRQHandler                 0x0800017f   Thumb Code     0  startup_stm32f107xc.o(.text)
    DMA2_Channel3_IRQHandler                 0x0800017f   Thumb Code     0  startup_stm32f107xc.o(.text)
    DMA2_Channel4_IRQHandler                 0x0800017f   Thumb Code     0  startup_stm32f107xc.o(.text)
    DMA2_Channel5_IRQHandler                 0x0800017f   Thumb Code     0  startup_stm32f107xc.o(.text)
    ETH_WKUP_IRQHandler                      0x0800017f   Thumb Code     0  startup_stm32f107xc.o(.text)
    EXTI0_IRQHandler                         0x0800017f   Thumb Code     0  startup_stm32f107xc.o(.text)
    EXTI15_10_IRQHandler                     0x0800017f   Thumb Code     0  startup_stm32f107xc.o(.text)
    EXTI1_IRQHandler                         0x0800017f   Thumb Code     0  startup_stm32f107xc.o(.text)
    EXTI2_IRQHandler                         0x0800017f   Thumb Code     0  startup_stm32f107xc.o(.text)
    EXTI3_IRQHandler                         0x0800017f   Thumb Code     0  startup_stm32f107xc.o(.text)
    EXTI4_IRQHandler                         0x0800017f   Thumb Code     0  startup_stm32f107xc.o(.text)
    EXTI9_5_IRQHandler                       0x0800017f   Thumb Code     0  startup_stm32f107xc.o(.text)
    FLASH_IRQHandler                         0x0800017f   Thumb Code     0  startup_stm32f107xc.o(.text)
    I2C1_ER_IRQHandler                       0x0800017f   Thumb Code     0  startup_stm32f107xc.o(.text)
    I2C1_EV_IRQHandler                       0x0800017f   Thumb Code     0  startup_stm32f107xc.o(.text)
    I2C2_ER_IRQHandler                       0x0800017f   Thumb Code     0  startup_stm32f107xc.o(.text)
    I2C2_EV_IRQHandler                       0x0800017f   Thumb Code     0  startup_stm32f107xc.o(.text)
    OTG_FS_IRQHandler                        0x0800017f   Thumb Code     0  startup_stm32f107xc.o(.text)
    OTG_FS_WKUP_IRQHandler                   0x0800017f   Thumb Code     0  startup_stm32f107xc.o(.text)
    PVD_IRQHandler                           0x0800017f   Thumb Code     0  startup_stm32f107xc.o(.text)
    RCC_IRQHandler                           0x0800017f   Thumb Code     0  startup_stm32f107xc.o(.text)
    RTC_Alarm_IRQHandler                     0x0800017f   Thumb Code     0  startup_stm32f107xc.o(.text)
    RTC_IRQHandler                           0x0800017f   Thumb Code     0  startup_stm32f107xc.o(.text)
    SPI1_IRQHandler                          0x0800017f   Thumb Code     0  startup_stm32f107xc.o(.text)
    SPI2_IRQHandler                          0x0800017f   Thumb Code     0  startup_stm32f107xc.o(.text)
    SPI3_IRQHandler                          0x0800017f   Thumb Code     0  startup_stm32f107xc.o(.text)
    TAMPER_IRQHandler                        0x0800017f   Thumb Code     0  startup_stm32f107xc.o(.text)
    TIM1_BRK_IRQHandler                      0x0800017f   Thumb Code     0  startup_stm32f107xc.o(.text)
    TIM1_CC_IRQHandler                       0x0800017f   Thumb Code     0  startup_stm32f107xc.o(.text)
    TIM1_TRG_COM_IRQHandler                  0x0800017f   Thumb Code     0  startup_stm32f107xc.o(.text)
    TIM1_UP_IRQHandler                       0x0800017f   Thumb Code     0  startup_stm32f107xc.o(.text)
    TIM2_IRQHandler                          0x0800017f   Thumb Code     0  startup_stm32f107xc.o(.text)
    TIM3_IRQHandler                          0x0800017f   Thumb Code     0  startup_stm32f107xc.o(.text)
    TIM4_IRQHandler                          0x0800017f   Thumb Code     0  startup_stm32f107xc.o(.text)
    TIM5_IRQHandler                          0x0800017f   Thumb Code     0  startup_stm32f107xc.o(.text)
    TIM6_IRQHandler                          0x0800017f   Thumb Code     0  startup_stm32f107xc.o(.text)
    TIM7_IRQHandler                          0x0800017f   Thumb Code     0  startup_stm32f107xc.o(.text)
    UART4_IRQHandler                         0x0800017f   Thumb Code     0  startup_stm32f107xc.o(.text)
    UART5_IRQHandler                         0x0800017f   Thumb Code     0  startup_stm32f107xc.o(.text)
    USART1_IRQHandler                        0x0800017f   Thumb Code     0  startup_stm32f107xc.o(.text)
    USART2_IRQHandler                        0x0800017f   Thumb Code     0  startup_stm32f107xc.o(.text)
    USART3_IRQHandler                        0x0800017f   Thumb Code     0  startup_stm32f107xc.o(.text)
    WWDG_IRQHandler                          0x0800017f   Thumb Code     0  startup_stm32f107xc.o(.text)
    rand                                     0x08000189   Thumb Code    20  rand.o(.text)
    srand                                    0x0800019d   Thumb Code     6  rand.o(.text)
    __aeabi_memcpy                           0x080001ad   Thumb Code    36  memcpya.o(.text)
    __aeabi_memcpy4                          0x080001ad   Thumb Code     0  memcpya.o(.text)
    __aeabi_memcpy8                          0x080001ad   Thumb Code     0  memcpya.o(.text)
    __aeabi_memset                           0x080001d1   Thumb Code    14  memseta.o(.text)
    __aeabi_memset4                          0x080001d1   Thumb Code     0  memseta.o(.text)
    __aeabi_memset8                          0x080001d1   Thumb Code     0  memseta.o(.text)
    __aeabi_memclr                           0x080001df   Thumb Code     4  memseta.o(.text)
    __aeabi_memclr4                          0x080001df   Thumb Code     0  memseta.o(.text)
    __aeabi_memclr8                          0x080001df   Thumb Code     0  memseta.o(.text)
    _memset$wrapper                          0x080001e3   Thumb Code    18  memseta.o(.text)
    memcmp                                   0x080001f5   Thumb Code    26  memcmp.o(.text)
    __scatterload                            0x08000211   Thumb Code    28  init.o(.text)
    __scatterload_rt2                        0x08000211   Thumb Code     0  init.o(.text)
    BusFault_Handler                         0x08000235   Thumb Code     2  stm32f1xx_it.o(i.BusFault_Handler)
    DebugMon_Handler                         0x08000237   Thumb Code     2  stm32f1xx_it.o(i.DebugMon_Handler)
    ETH_IRQHandler                           0x08000289   Thumb Code     6  stm32f1xx_it.o(i.ETH_IRQHandler)
    HAL_Delay                                0x080003b9   Thumb Code    28  stm32f1xx_hal.o(i.HAL_Delay)
    HAL_ETH_DMARxDescListInit                0x080003d5   Thumb Code   116  stm32f1xx_hal_eth.o(i.HAL_ETH_DMARxDescListInit)
    HAL_ETH_DMATxDescListInit                0x08000449   Thumb Code   120  stm32f1xx_hal_eth.o(i.HAL_ETH_DMATxDescListInit)
    HAL_ETH_ErrorCallback                    0x080004c1   Thumb Code     2  stm32f1xx_hal_eth.o(i.HAL_ETH_ErrorCallback)
    HAL_ETH_GetReceivedFrame                 0x080004c3   Thumb Code   122  stm32f1xx_hal_eth.o(i.HAL_ETH_GetReceivedFrame)
    HAL_ETH_IRQHandler                       0x0800053d   Thumb Code   122  stm32f1xx_hal_eth.o(i.HAL_ETH_IRQHandler)
    HAL_ETH_Init                             0x080005b9   Thumb Code   398  stm32f1xx_hal_eth.o(i.HAL_ETH_Init)
    HAL_ETH_MspInit                          0x0800075d   Thumb Code   178  ethernetif.o(i.HAL_ETH_MspInit)
    HAL_ETH_ReadPHYRegister                  0x08000825   Thumb Code   132  stm32f1xx_hal_eth.o(i.HAL_ETH_ReadPHYRegister)
    HAL_ETH_RxCpltCallback                   0x080008a9   Thumb Code     2  stm32f1xx_hal_eth.o(i.HAL_ETH_RxCpltCallback)
    HAL_ETH_Start                            0x080008ab   Thumb Code   132  stm32f1xx_hal_eth.o(i.HAL_ETH_Start)
    HAL_ETH_TransmitFrame                    0x0800092f   Thumb Code   264  stm32f1xx_hal_eth.o(i.HAL_ETH_TransmitFrame)
    HAL_ETH_TxCpltCallback                   0x08000a37   Thumb Code     2  stm32f1xx_hal_eth.o(i.HAL_ETH_TxCpltCallback)
    HAL_ETH_WritePHYRegister                 0x08000a39   Thumb Code   120  stm32f1xx_hal_eth.o(i.HAL_ETH_WritePHYRegister)
    HAL_GPIO_Init                            0x08000ab1   Thumb Code   408  stm32f1xx_hal_gpio.o(i.HAL_GPIO_Init)
    HAL_GetTick                              0x08000c6d   Thumb Code     6  stm32f1xx_hal.o(i.HAL_GetTick)
    HAL_IncTick                              0x08000c79   Thumb Code    10  stm32f1xx_hal.o(i.HAL_IncTick)
    HAL_Init                                 0x08000c89   Thumb Code    32  stm32f1xx_hal.o(i.HAL_Init)
    HAL_InitTick                             0x08000cad   Thumb Code    34  stm32f1xx_hal.o(i.HAL_InitTick)
    HAL_MspInit                              0x08000cd5   Thumb Code   122  stm32f1xx_hal_msp.o(i.HAL_MspInit)
    HAL_NVIC_EnableIRQ                       0x08000d59   Thumb Code    22  stm32f1xx_hal_cortex.o(i.HAL_NVIC_EnableIRQ)
    HAL_NVIC_SetPriority                     0x08000d71   Thumb Code    60  stm32f1xx_hal_cortex.o(i.HAL_NVIC_SetPriority)
    HAL_NVIC_SetPriorityGrouping             0x08000db1   Thumb Code    26  stm32f1xx_hal_cortex.o(i.HAL_NVIC_SetPriorityGrouping)
    HAL_RCC_ClockConfig                      0x08000dd5   Thumb Code   322  stm32f1xx_hal_rcc.o(i.HAL_RCC_ClockConfig)
    HAL_RCC_GetHCLKFreq                      0x08000f29   Thumb Code     6  stm32f1xx_hal_rcc.o(i.HAL_RCC_GetHCLKFreq)
    HAL_RCC_GetSysClockFreq                  0x08000f35   Thumb Code   120  stm32f1xx_hal_rcc.o(i.HAL_RCC_GetSysClockFreq)
    HAL_RCC_MCOConfig                        0x08000fdd   Thumb Code    64  stm32f1xx_hal_rcc.o(i.HAL_RCC_MCOConfig)
    HAL_RCC_OscConfig                        0x08001025   Thumb Code   946  stm32f1xx_hal_rcc.o(i.HAL_RCC_OscConfig)
    HAL_SYSTICK_CLKSourceConfig              0x080013ed   Thumb Code    24  stm32f1xx_hal_cortex.o(i.HAL_SYSTICK_CLKSourceConfig)
    HAL_SYSTICK_Callback                     0x08001405   Thumb Code     2  stm32f1xx_hal_cortex.o(i.HAL_SYSTICK_Callback)
    HAL_SYSTICK_Config                       0x08001407   Thumb Code    40  stm32f1xx_hal_cortex.o(i.HAL_SYSTICK_Config)
    HAL_SYSTICK_IRQHandler                   0x0800142f   Thumb Code     8  stm32f1xx_hal_cortex.o(i.HAL_SYSTICK_IRQHandler)
    HardFault_Handler                        0x08001437   Thumb Code     2  stm32f1xx_it.o(i.HardFault_Handler)
    MX_LWIP_Init                             0x08001439   Thumb Code    82  lwip.o(i.MX_LWIP_Init)
    MX_LWIP_Process                          0x0800149d   Thumb Code    16  lwip.o(i.MX_LWIP_Process)
    MemManage_Handler                        0x080014b1   Thumb Code     2  stm32f1xx_it.o(i.MemManage_Handler)
    NMI_Handler                              0x080014b3   Thumb Code     2  stm32f1xx_it.o(i.NMI_Handler)
    PendSV_Handler                           0x080014d5   Thumb Code     2  stm32f1xx_it.o(i.PendSV_Handler)
    SVC_Handler                              0x080014d7   Thumb Code     2  stm32f1xx_it.o(i.SVC_Handler)
    SysTick_Handler                          0x080014d9   Thumb Code    14  stm32f1xx_it.o(i.SysTick_Handler)
    SystemClock_Config                       0x080014e9   Thumb Code   162  main.o(i.SystemClock_Config)
    SystemInit                               0x08001595   Thumb Code    68  system_stm32f1xx.o(i.SystemInit)
    UsageFault_Handler                       0x080015e9   Thumb Code     2  stm32f1xx_it.o(i.UsageFault_Handler)
    __scatterload_copy                       0x080015eb   Thumb Code    14  handlers.o(i.__scatterload_copy)
    __scatterload_null                       0x080015f9   Thumb Code     2  handlers.o(i.__scatterload_null)
    __scatterload_zeroinit                   0x080015fb   Thumb Code    14  handlers.o(i.__scatterload_zeroinit)
    dhcp_arp_reply                           0x08001625   Thumb Code    30  dhcp.o(i.dhcp_arp_reply)
    dhcp_coarse_tmr                          0x08001751   Thumb Code   168  dhcp.o(i.dhcp_coarse_tmr)
    dhcp_fine_tmr                            0x08001ab9   Thumb Code    46  dhcp.o(i.dhcp_fine_tmr)
    dhcp_release                             0x08002121   Thumb Code   160  dhcp.o(i.dhcp_release)
    dhcp_renew                               0x080021c9   Thumb Code   176  dhcp.o(i.dhcp_renew)
    dhcp_start                               0x08002385   Thumb Code    96  dhcp.o(i.dhcp_start)
    dhcp_stop                                0x080023e5   Thumb Code    36  dhcp.o(i.dhcp_stop)
    dhcp_supplied_address                    0x08002409   Thumb Code    24  dhcp.o(i.dhcp_supplied_address)
    etharp_cleanup_netif                     0x080024a1   Thumb Code    42  etharp.o(i.etharp_cleanup_netif)
    etharp_input                             0x080025d1   Thumb Code   178  etharp.o(i.etharp_input)
    etharp_output                            0x08002685   Thumb Code   224  etharp.o(i.etharp_output)
    etharp_query                             0x080027d1   Thumb Code   232  etharp.o(i.etharp_query)
    etharp_request                           0x08002949   Thumb Code     6  etharp.o(i.etharp_request)
    etharp_tmr                               0x08002975   Thumb Code    92  etharp.o(i.etharp_tmr)
    ethernet_input                           0x08002a55   Thumb Code   154  ethernet.o(i.ethernet_input)
    ethernet_output                          0x08002af5   Thumb Code    74  ethernet.o(i.ethernet_output)
    ethernetif_init                          0x08002b41   Thumb Code    30  ethernetif.o(i.ethernetif_init)
    ethernetif_input                         0x08002b69   Thumb Code    34  ethernetif.o(i.ethernetif_input)
    icmp_dest_unreach                        0x08002b8b   Thumb Code     8  icmp.o(i.icmp_dest_unreach)
    icmp_input                               0x08002b95   Thumb Code   240  icmp.o(i.icmp_input)
    icmp_time_exceeded                       0x08002cf5   Thumb Code     8  icmp.o(i.icmp_time_exceeded)
    ip4_addr_isbroadcast_u32                 0x08002cfd   Thumb Code    46  ip4_addr.o(i.ip4_addr_isbroadcast_u32)
    ip4_frag                                 0x08002d2d   Thumb Code   342  ip4_frag.o(i.ip4_frag)
    ip4_input                                0x08002e89   Thumb Code   430  ip4.o(i.ip4_input)
    ip4_output_if                            0x08003041   Thumb Code    30  ip4.o(i.ip4_output_if)
    ip4_output_if_src                        0x08003061   Thumb Code   160  ip4.o(i.ip4_output_if_src)
    ip4_reass                                0x08003109   Thumb Code   396  ip4_frag.o(i.ip4_reass)
    ip4_route                                0x08003299   Thumb Code    82  ip4.o(i.ip4_route)
    ip_reass_tmr                             0x080034fd   Thumb Code    40  ip4_frag.o(i.ip_reass_tmr)
    lwip_htonl                               0x08003795   Thumb Code     4  def.o(i.lwip_htonl)
    lwip_htons                               0x08003799   Thumb Code     4  def.o(i.lwip_htons)
    lwip_init                                0x0800379d   Thumb Code    30  init.o(i.lwip_init)
    main                                     0x080037bd   Thumb Code    98  main.o(i.main)
    mem_free                                 0x08003829   Thumb Code    40  mem.o(i.mem_free)
    mem_init                                 0x08003855   Thumb Code    42  mem.o(i.mem_init)
    mem_malloc                               0x08003889   Thumb Code   162  mem.o(i.mem_malloc)
    mem_trim                                 0x08003931   Thumb Code   200  mem.o(i.mem_trim)
    memp_free                                0x080039fd   Thumb Code    20  memp.o(i.memp_free)
    memp_init                                0x08003a15   Thumb Code    26  memp.o(i.memp_init)
    memp_init_pool                           0x08003a35   Thumb Code    42  memp.o(i.memp_init_pool)
    memp_malloc                              0x08003a61   Thumb Code    18  memp.o(i.memp_malloc)
    netif_add                                0x08003a79   Thumb Code    76  netif.o(i.netif_add)
    netif_init                               0x08003ac9   Thumb Code     2  netif.o(i.netif_init)
    netif_set_addr                           0x08003ae5   Thumb Code    72  netif.o(i.netif_set_addr)
    netif_set_default                        0x08003b2d   Thumb Code     6  netif.o(i.netif_set_default)
    netif_set_down                           0x08003b39   Thumb Code    26  netif.o(i.netif_set_down)
    netif_set_gw                             0x08003b53   Thumb Code     8  netif.o(i.netif_set_gw)
    netif_set_ipaddr                         0x08003b5d   Thumb Code    60  netif.o(i.netif_set_ipaddr)
    netif_set_netmask                        0x08003b9d   Thumb Code     8  netif.o(i.netif_set_netmask)
    netif_set_up                             0x08003ba5   Thumb Code    28  netif.o(i.netif_set_up)
    pbuf_alloc                               0x08003bc1   Thumb Code   290  pbuf.o(i.pbuf_alloc)
    pbuf_alloced_custom                      0x08003ce9   Thumb Code    82  pbuf.o(i.pbuf_alloced_custom)
    pbuf_cat                                 0x08003d3b   Thumb Code    40  pbuf.o(i.pbuf_cat)
    pbuf_chain                               0x08003d63   Thumb Code    18  pbuf.o(i.pbuf_chain)
    pbuf_clen                                0x08003d75   Thumb Code    18  pbuf.o(i.pbuf_clen)
    pbuf_copy                                0x08003d87   Thumb Code   154  pbuf.o(i.pbuf_copy)
    pbuf_copy_partial                        0x08003e21   Thumb Code   104  pbuf.o(i.pbuf_copy_partial)
    pbuf_free                                0x08003e89   Thumb Code    80  pbuf.o(i.pbuf_free)
    pbuf_free_ooseq                          0x08003ed9   Thumb Code    34  pbuf.o(i.pbuf_free_ooseq)
    pbuf_header                              0x08003f05   Thumb Code     6  pbuf.o(i.pbuf_header)
    pbuf_header_force                        0x08003f0b   Thumb Code     6  pbuf.o(i.pbuf_header_force)
    pbuf_realloc                             0x08003f75   Thumb Code    84  pbuf.o(i.pbuf_realloc)
    pbuf_ref                                 0x08003fc9   Thumb Code    12  pbuf.o(i.pbuf_ref)
    sys_check_timeouts                       0x08004029   Thumb Code    80  timeouts.o(i.sys_check_timeouts)
    sys_now                                  0x08004081   Thumb Code     4  ethernetif.o(i.sys_now)
    sys_timeout                              0x08004085   Thumb Code   140  timeouts.o(i.sys_timeout)
    sys_timeouts_init                        0x08004115   Thumb Code    38  timeouts.o(i.sys_timeouts_init)
    tcp_abandon                              0x08004149   Thumb Code   208  tcp.o(i.tcp_abandon)
    tcp_abort                                0x0800421d   Thumb Code     6  tcp.o(i.tcp_abort)
    tcp_alloc                                0x08004225   Thumb Code   250  tcp.o(i.tcp_alloc)
    tcp_close                                0x0800432d   Thumb Code    20  tcp.o(i.tcp_close)
    tcp_eff_send_mss_impl                    0x0800453d   Thumb Code    34  tcp.o(i.tcp_eff_send_mss_impl)
    tcp_enqueue_flags                        0x0800455f   Thumb Code   144  tcp_out.o(i.tcp_enqueue_flags)
    tcp_fasttmr                              0x080045f1   Thumb Code    84  tcp.o(i.tcp_fasttmr)
    tcp_init                                 0x08004679   Thumb Code     2  tcp.o(i.tcp_init)
    tcp_input                                0x0800467d   Thumb Code   850  tcp_in.o(i.tcp_input)
    tcp_keepalive                            0x080049e9   Thumb Code    82  tcp_out.o(i.tcp_keepalive)
    tcp_netif_ip_addr_changed                0x08004b65   Thumb Code    72  tcp.o(i.tcp_netif_ip_addr_changed)
    tcp_next_iss                             0x08004bd5   Thumb Code    12  tcp.o(i.tcp_next_iss)
    tcp_output                               0x08004c5d   Thumb Code   452  tcp_out.o(i.tcp_output)
    tcp_pcb_purge                            0x08004fad   Thumb Code    66  tcp.o(i.tcp_pcb_purge)
    tcp_pcb_remove                           0x08004fef   Thumb Code    80  tcp.o(i.tcp_pcb_remove)
    tcp_process_refused_data                 0x080053b1   Thumb Code   108  tcp.o(i.tcp_process_refused_data)
    tcp_recv_null                            0x08005ae1   Thumb Code    36  tcp.o(i.tcp_recv_null)
    tcp_recved                               0x08005b05   Thumb Code    66  tcp.o(i.tcp_recved)
    tcp_rexmit                               0x08005b47   Thumb Code    82  tcp_out.o(i.tcp_rexmit)
    tcp_rexmit_fast                          0x08005b99   Thumb Code    92  tcp_out.o(i.tcp_rexmit_fast)
    tcp_rexmit_rto                           0x08005bf5   Thumb Code    46  tcp_out.o(i.tcp_rexmit_rto)
    tcp_rst                                  0x08005c23   Thumb Code   128  tcp_out.o(i.tcp_rst)
    tcp_seg_copy                             0x08005ca3   Thumb Code    40  tcp.o(i.tcp_seg_copy)
    tcp_seg_free                             0x08005ccb   Thumb Code    28  tcp.o(i.tcp_seg_free)
    tcp_segs_free                            0x08005ce7   Thumb Code    18  tcp.o(i.tcp_segs_free)
    tcp_send_empty_ack                       0x08005cf9   Thumb Code   114  tcp_out.o(i.tcp_send_empty_ack)
    tcp_send_fin                             0x08005d6b   Thumb Code    68  tcp_out.o(i.tcp_send_fin)
    tcp_slowtmr                              0x08005db1   Thumb Code   622  tcp.o(i.tcp_slowtmr)
    tcp_timer_needed                         0x08006031   Thumb Code    36  timeouts.o(i.tcp_timer_needed)
    tcp_tmr                                  0x080060cd   Thumb Code    28  tcp.o(i.tcp_tmr)
    tcp_trigger_input_pcb_close              0x080060ed   Thumb Code    12  tcp_in.o(i.tcp_trigger_input_pcb_close)
    tcp_update_rcv_ann_wnd                   0x080060fd   Thumb Code    52  tcp.o(i.tcp_update_rcv_ann_wnd)
    tcp_zero_window_probe                    0x08006131   Thumb Code   180  tcp_out.o(i.tcp_zero_window_probe)
    udp_bind                                 0x0800621d   Thumb Code   164  udp.o(i.udp_bind)
    udp_connect                              0x080062c9   Thumb Code    76  udp.o(i.udp_connect)
    udp_disconnect                           0x08006319   Thumb Code    16  udp.o(i.udp_disconnect)
    udp_echoserver_init                      0x08006329   Thumb Code    38  udp_echoserver.o(i.udp_echoserver_init)
    udp_echoserver_receive_callback          0x08006359   Thumb Code    40  udp_echoserver.o(i.udp_echoserver_receive_callback)
    udp_init                                 0x08006381   Thumb Code     2  udp.o(i.udp_init)
    udp_input                                0x08006385   Thumb Code   284  udp.o(i.udp_input)
    udp_netif_ip_addr_changed                0x080064a9   Thumb Code    48  udp.o(i.udp_netif_ip_addr_changed)
    udp_new                                  0x080064dd   Thumb Code    26  udp.o(i.udp_new)
    udp_recv                                 0x080064f7   Thumb Code     6  udp.o(i.udp_recv)
    udp_remove                               0x080064fd   Thumb Code    42  udp.o(i.udp_remove)
    udp_send                                 0x0800652d   Thumb Code    16  udp.o(i.udp_send)
    udp_sendto                               0x0800653d   Thumb Code    50  udp.o(i.udp_sendto)
    udp_sendto_if                            0x0800656f   Thumb Code    54  udp.o(i.udp_sendto_if)
    udp_sendto_if_src                        0x080065a5   Thumb Code   166  udp.o(i.udp_sendto_if_src)
    memp_UDP_PCB                             0x0800664c   Data          12  memp.o(.constdata)
    memp_TCP_PCB                             0x08006658   Data          12  memp.o(.constdata)
    memp_TCP_PCB_LISTEN                      0x08006664   Data          12  memp.o(.constdata)
    memp_TCP_SEG                             0x08006670   Data          12  memp.o(.constdata)
    memp_REASSDATA                           0x0800667c   Data          12  memp.o(.constdata)
    memp_FRAG_PBUF                           0x08006688   Data          12  memp.o(.constdata)
    memp_SYS_TIMEOUT                         0x08006694   Data          12  memp.o(.constdata)
    memp_PBUF                                0x080066a0   Data          12  memp.o(.constdata)
    memp_PBUF_POOL                           0x080066ac   Data          12  memp.o(.constdata)
    memp_pools                               0x080066b8   Data          36  memp.o(.constdata)
    lwip_cyclic_timers                       0x080066dc   Data          40  timeouts.o(.constdata)
    tcp_pcb_lists                            0x08006748   Data          16  tcp.o(.constdata)
    ip_addr_any                              0x08006758   Data           4  ip4_addr.o(.constdata)
    ip_addr_broadcast                        0x0800675c   Data           4  ip4_addr.o(.constdata)
    ethbroadcast                             0x08006760   Data           6  ethernet.o(.constdata)
    ethzero                                  0x08006766   Data           6  ethernet.o(.constdata)
    AHBPrescTable                            0x0800676c   Data          16  system_stm32f1xx.o(.constdata)
    Region$$Table$$Base                      0x080067f4   Number         0  anon$$obj.o(Region$$Table)
    Region$$Table$$Limit                     0x08006814   Number         0  anon$$obj.o(Region$$Table)
    uwTick                                   0x20000000   Data           4  stm32f1xx_hal.o(.data)
    ipaddr                                   0x20000004   Data           4  lwip.o(.data)
    netmask                                  0x20000008   Data           4  lwip.o(.data)
    gw                                       0x2000000c   Data           4  lwip.o(.data)
    netif_list                               0x2000001c   Data           4  netif.o(.data)
    netif_default                            0x20000020   Data           4  netif.o(.data)
    pbuf_free_ooseq_pending                  0x20000064   Data           1  pbuf.o(.data)
    udp_pcbs                                 0x2000006c   Data           4  udp.o(.data)
    tcp_active_pcbs_changed                  0x2000007c   Data           1  tcp.o(.data)
    tcp_ticks                                0x20000088   Data           4  tcp.o(.data)
    tcp_bound_pcbs                           0x2000008c   Data           4  tcp.o(.data)
    tcp_listen_pcbs                          0x20000090   Data           4  tcp.o(.data)
    tcp_active_pcbs                          0x20000094   Data           4  tcp.o(.data)
    tcp_tw_pcbs                              0x20000098   Data           4  tcp.o(.data)
    tcp_input_pcb                            0x200000bc   Data           4  tcp_in.o(.data)
    SystemCoreClock                          0x200000c4   Data           4  system_stm32f1xx.o(.data)
    gnetif                                   0x200000cc   Data          52  lwip.o(.bss)
    DMARxDscrTab                             0x20000100   Data         128  ethernetif.o(.bss)
    DMATxDscrTab                             0x20000180   Data          64  ethernetif.o(.bss)
    Rx_Buff                                  0x200001c0   Data       12192  ethernetif.o(.bss)
    Tx_Buff                                  0x20003160   Data        6096  ethernetif.o(.bss)
    heth                                     0x20004930   Data          72  ethernetif.o(.bss)
    memp_memory_UDP_PCB_base                 0x20004978   Data         131  memp.o(.bss)
    memp_memory_TCP_PCB_base                 0x200049fb   Data         763  memp.o(.bss)
    memp_memory_TCP_PCB_LISTEN_base          0x20004cf6   Data         227  memp.o(.bss)
    memp_memory_TCP_SEG_base                 0x20004dd9   Data         259  memp.o(.bss)
    memp_memory_REASSDATA_base               0x20004edc   Data         163  memp.o(.bss)
    memp_memory_FRAG_PBUF_base               0x20004f7f   Data         363  memp.o(.bss)
    memp_memory_SYS_TIMEOUT_base             0x200050ea   Data          83  memp.o(.bss)
    memp_memory_PBUF_base                    0x2000513d   Data         259  memp.o(.bss)
    memp_memory_PBUF_POOL_base               0x20005240   Data        9731  memp.o(.bss)
    ram_heap                                 0x20007843   Data        1619  mem.o(.bss)
    dhcp_rx_options_val                      0x20007e98   Data          40  dhcp.o(.bss)
    dhcp_rx_options_given                    0x20007ec0   Data          10  dhcp.o(.bss)
    ip_data                                  0x20007edc   Data          24  ip.o(.bss)
    __initial_sp                             0x200083e8   Data           0  startup_stm32f107xc.o(STACK)



==============================================================================

Memory Map of the image

  Image Entry point : 0x08000151

  Load Region LR_IROM1 (Base: 0x08000000, Size: 0x000068e0, Max: 0x00040000, ABSOLUTE)

    Execution Region ER_IROM1 (Base: 0x08000000, Size: 0x00006814, Max: 0x00040000, ABSOLUTE)

    Base Addr    Size         Type   Attr      Idx    E Section Name        Object

    0x08000000   0x00000150   Data   RO         4531    RESET               startup_stm32f107xc.o
    0x08000150   0x00000000   Code   RO         4536  * .ARM.Collect$$$$00000000  mc_w.l(entry.o)
    0x08000150   0x00000004   Code   RO         4556    .ARM.Collect$$$$00000001  mc_w.l(entry2.o)
    0x08000154   0x00000004   Code   RO         4559    .ARM.Collect$$$$00000004  mc_w.l(entry5.o)
    0x08000158   0x00000000   Code   RO         4561    .ARM.Collect$$$$00000008  mc_w.l(entry7b.o)
    0x08000158   0x00000000   Code   RO         4563    .ARM.Collect$$$$0000000A  mc_w.l(entry8b.o)
    0x08000158   0x00000008   Code   RO         4564    .ARM.Collect$$$$0000000B  mc_w.l(entry9a.o)
    0x08000160   0x00000000   Code   RO         4566    .ARM.Collect$$$$0000000D  mc_w.l(entry10a.o)
    0x08000160   0x00000000   Code   RO         4568    .ARM.Collect$$$$0000000F  mc_w.l(entry11a.o)
    0x08000160   0x00000004   Code   RO         4557    .ARM.Collect$$$$00002712  mc_w.l(entry2.o)
    0x08000164   0x00000024   Code   RO         4532    .text               startup_stm32f107xc.o
    0x08000188   0x00000024   Code   RO         4541    .text               mc_w.l(rand.o)
    0x080001ac   0x00000024   Code   RO         4544    .text               mc_w.l(memcpya.o)
    0x080001d0   0x00000024   Code   RO         4546    .text               mc_w.l(memseta.o)
    0x080001f4   0x0000001a   Code   RO         4550    .text               mc_w.l(memcmp.o)
    0x0800020e   0x00000002   PAD
    0x08000210   0x00000024   Code   RO         4570    .text               mc_w.l(init.o)
    0x08000234   0x00000002   Code   RO         1525    i.BusFault_Handler  stm32f1xx_it.o
    0x08000236   0x00000002   Code   RO         1526    i.DebugMon_Handler  stm32f1xx_it.o
    0x08000238   0x00000020   Code   RO          994    i.ETH_Delay         stm32f1xx_hal_eth.o
    0x08000258   0x0000002e   Code   RO          995    i.ETH_FlushTransmitFIFO  stm32f1xx_hal_eth.o
    0x08000286   0x00000002   PAD
    0x08000288   0x0000000c   Code   RO         1527    i.ETH_IRQHandler    stm32f1xx_it.o
    0x08000294   0x00000124   Code   RO          996    i.ETH_MACDMAConfig  stm32f1xx_hal_eth.o
    0x080003b8   0x0000001c   Code   RO           11    i.HAL_Delay         stm32f1xx_hal.o
    0x080003d4   0x00000074   Code   RO          999    i.HAL_ETH_DMARxDescListInit  stm32f1xx_hal_eth.o
    0x08000448   0x00000078   Code   RO         1000    i.HAL_ETH_DMATxDescListInit  stm32f1xx_hal_eth.o
    0x080004c0   0x00000002   Code   RO         1002    i.HAL_ETH_ErrorCallback  stm32f1xx_hal_eth.o
    0x080004c2   0x0000007a   Code   RO         1003    i.HAL_ETH_GetReceivedFrame  stm32f1xx_hal_eth.o
    0x0800053c   0x0000007a   Code   RO         1006    i.HAL_ETH_IRQHandler  stm32f1xx_hal_eth.o
    0x080005b6   0x00000002   PAD
    0x080005b8   0x000001a4   Code   RO         1007    i.HAL_ETH_Init      stm32f1xx_hal_eth.o
    0x0800075c   0x000000c8   Code   RO         1448    i.HAL_ETH_MspInit   ethernetif.o
    0x08000824   0x00000084   Code   RO         1010    i.HAL_ETH_ReadPHYRegister  stm32f1xx_hal_eth.o
    0x080008a8   0x00000002   Code   RO         1011    i.HAL_ETH_RxCpltCallback  stm32f1xx_hal_eth.o
    0x080008aa   0x00000084   Code   RO         1012    i.HAL_ETH_Start     stm32f1xx_hal_eth.o
    0x0800092e   0x00000108   Code   RO         1014    i.HAL_ETH_TransmitFrame  stm32f1xx_hal_eth.o
    0x08000a36   0x00000002   Code   RO         1015    i.HAL_ETH_TxCpltCallback  stm32f1xx_hal_eth.o
    0x08000a38   0x00000078   Code   RO         1016    i.HAL_ETH_WritePHYRegister  stm32f1xx_hal_eth.o
    0x08000ab0   0x000001bc   Code   RO          598    i.HAL_GPIO_Init     stm32f1xx_hal_gpio.o
    0x08000c6c   0x0000000c   Code   RO           15    i.HAL_GetTick       stm32f1xx_hal.o
    0x08000c78   0x00000010   Code   RO           17    i.HAL_IncTick       stm32f1xx_hal.o
    0x08000c88   0x00000024   Code   RO           18    i.HAL_Init          stm32f1xx_hal.o
    0x08000cac   0x00000028   Code   RO           19    i.HAL_InitTick      stm32f1xx_hal.o
    0x08000cd4   0x00000084   Code   RO         1423    i.HAL_MspInit       stm32f1xx_hal_msp.o
    0x08000d58   0x00000016   Code   RO          663    i.HAL_NVIC_EnableIRQ  stm32f1xx_hal_cortex.o
    0x08000d6e   0x00000002   PAD
    0x08000d70   0x00000040   Code   RO          669    i.HAL_NVIC_SetPriority  stm32f1xx_hal_cortex.o
    0x08000db0   0x00000024   Code   RO          670    i.HAL_NVIC_SetPriorityGrouping  stm32f1xx_hal_cortex.o
    0x08000dd4   0x00000154   Code   RO          409    i.HAL_RCC_ClockConfig  stm32f1xx_hal_rcc.o
    0x08000f28   0x0000000c   Code   RO          414    i.HAL_RCC_GetHCLKFreq  stm32f1xx_hal_rcc.o
    0x08000f34   0x000000a8   Code   RO          418    i.HAL_RCC_GetSysClockFreq  stm32f1xx_hal_rcc.o
    0x08000fdc   0x00000048   Code   RO          419    i.HAL_RCC_MCOConfig  stm32f1xx_hal_rcc.o
    0x08001024   0x000003c8   Code   RO          421    i.HAL_RCC_OscConfig  stm32f1xx_hal_rcc.o
    0x080013ec   0x00000018   Code   RO          672    i.HAL_SYSTICK_CLKSourceConfig  stm32f1xx_hal_cortex.o
    0x08001404   0x00000002   Code   RO          673    i.HAL_SYSTICK_Callback  stm32f1xx_hal_cortex.o
    0x08001406   0x00000028   Code   RO          674    i.HAL_SYSTICK_Config  stm32f1xx_hal_cortex.o
    0x0800142e   0x00000008   Code   RO          675    i.HAL_SYSTICK_IRQHandler  stm32f1xx_hal_cortex.o
    0x08001436   0x00000002   Code   RO         1528    i.HardFault_Handler  stm32f1xx_it.o
    0x08001438   0x00000064   Code   RO         1201    i.MX_LWIP_Init      lwip.o
    0x0800149c   0x00000014   Code   RO         1202    i.MX_LWIP_Process   lwip.o
    0x080014b0   0x00000002   Code   RO         1529    i.MemManage_Handler  stm32f1xx_it.o
    0x080014b2   0x00000002   Code   RO         1530    i.NMI_Handler       stm32f1xx_it.o
    0x080014b4   0x00000020   Code   RO          676    i.NVIC_SetPriority  stm32f1xx_hal_cortex.o
    0x080014d4   0x00000002   Code   RO         1531    i.PendSV_Handler    stm32f1xx_it.o
    0x080014d6   0x00000002   Code   RO         1532    i.SVC_Handler       stm32f1xx_it.o
    0x080014d8   0x0000000e   Code   RO         1533    i.SysTick_Handler   stm32f1xx_it.o
    0x080014e6   0x00000002   PAD
    0x080014e8   0x000000ac   Code   RO         1384    i.SystemClock_Config  main.o
    0x08001594   0x00000054   Code   RO         4495    i.SystemInit        system_stm32f1xx.o
    0x080015e8   0x00000002   Code   RO         1534    i.UsageFault_Handler  stm32f1xx_it.o
    0x080015ea   0x0000000e   Code   RO         4574    i.__scatterload_copy  mc_w.l(handlers.o)
    0x080015f8   0x00000002   Code   RO         4575    i.__scatterload_null  mc_w.l(handlers.o)
    0x080015fa   0x0000000e   Code   RO         4576    i.__scatterload_zeroinit  mc_w.l(handlers.o)
    0x08001608   0x0000001c   Code   RO         3302    i.cyclic_timer      timeouts.o
    0x08001624   0x0000001e   Code   RO         2459    i.dhcp_arp_reply    dhcp.o
    0x08001642   0x000000da   Code   RO         2460    i.dhcp_bind         dhcp.o
    0x0800171c   0x00000034   Code   RO         2461    i.dhcp_check        dhcp.o
    0x08001750   0x000000ac   Code   RO         2463    i.dhcp_coarse_tmr   dhcp.o
    0x080017fc   0x00000130   Code   RO         2464    i.dhcp_create_msg   dhcp.o
    0x0800192c   0x00000020   Code   RO         2465    i.dhcp_dec_pcb_refcount  dhcp.o
    0x0800194c   0x00000088   Code   RO         2466    i.dhcp_decline      dhcp.o
    0x080019d4   0x00000016   Code   RO         2467    i.dhcp_delete_msg   dhcp.o
    0x080019ea   0x00000002   PAD
    0x080019ec   0x000000cc   Code   RO         2468    i.dhcp_discover     dhcp.o
    0x08001ab8   0x00000034   Code   RO         2469    i.dhcp_fine_tmr     dhcp.o
    0x08001aec   0x00000064   Code   RO         2470    i.dhcp_handle_ack   dhcp.o
    0x08001b50   0x00000050   Code   RO         2471    i.dhcp_inc_pcb_refcount  dhcp.o
    0x08001ba0   0x00000020   Code   RO         2474    i.dhcp_option       dhcp.o
    0x08001bc0   0x00000010   Code   RO         2475    i.dhcp_option_byte  dhcp.o
    0x08001bd0   0x00000042   Code   RO         2476    i.dhcp_option_long  dhcp.o
    0x08001c12   0x00000022   Code   RO         2477    i.dhcp_option_short  dhcp.o
    0x08001c34   0x0000002c   Code   RO         2478    i.dhcp_option_trailer  dhcp.o
    0x08001c60   0x00000208   Code   RO         2479    i.dhcp_parse_reply  dhcp.o
    0x08001e68   0x000000b8   Code   RO         2480    i.dhcp_rebind       dhcp.o
    0x08001f20   0x000000d4   Code   RO         2481    i.dhcp_reboot       dhcp.o
    0x08001ff4   0x0000012c   Code   RO         2482    i.dhcp_recv         dhcp.o
    0x08002120   0x000000a8   Code   RO         2483    i.dhcp_release      dhcp.o
    0x080021c8   0x000000b4   Code   RO         2484    i.dhcp_renew        dhcp.o
    0x0800227c   0x000000f8   Code   RO         2485    i.dhcp_select       dhcp.o
    0x08002374   0x00000010   Code   RO         2486    i.dhcp_set_state    dhcp.o
    0x08002384   0x00000060   Code   RO         2488    i.dhcp_start        dhcp.o
    0x080023e4   0x00000024   Code   RO         2489    i.dhcp_stop         dhcp.o
    0x08002408   0x00000018   Code   RO         2490    i.dhcp_supplied_address  dhcp.o
    0x08002420   0x00000066   Code   RO         2491    i.dhcp_timeout      dhcp.o
    0x08002486   0x0000000c   Code   RO         1942    i.do_memp_free_pool  memp.o
    0x08002492   0x0000000e   Code   RO         1943    i.do_memp_malloc_pool  memp.o
    0x080024a0   0x00000030   Code   RO         4062    i.etharp_cleanup_netif  etharp.o
    0x080024d0   0x000000dc   Code   RO         4064    i.etharp_find_entry  etharp.o
    0x080025ac   0x00000024   Code   RO         4065    i.etharp_free_entry  etharp.o
    0x080025d0   0x000000b2   Code   RO         4067    i.etharp_input      etharp.o
    0x08002682   0x00000002   PAD
    0x08002684   0x000000ec   Code   RO         4068    i.etharp_output     etharp.o
    0x08002770   0x00000060   Code   RO         4069    i.etharp_output_to_arp_index  etharp.o
    0x080027d0   0x000000f0   Code   RO         4070    i.etharp_query      etharp.o
    0x080028c0   0x00000088   Code   RO         4071    i.etharp_raw        etharp.o
    0x08002948   0x0000000c   Code   RO         4072    i.etharp_request    etharp.o
    0x08002954   0x00000020   Code   RO         4073    i.etharp_request_dst  etharp.o
    0x08002974   0x00000060   Code   RO         4074    i.etharp_tmr        etharp.o
    0x080029d4   0x00000080   Code   RO         4075    i.etharp_update_arp_entry  etharp.o
    0x08002a54   0x000000a0   Code   RO         4273    i.ethernet_input    ethernet.o
    0x08002af4   0x0000004a   Code   RO         4274    i.ethernet_output   ethernet.o
    0x08002b3e   0x00000002   PAD
    0x08002b40   0x00000028   Code   RO         1449    i.ethernetif_init   ethernetif.o
    0x08002b68   0x00000022   Code   RO         1450    i.ethernetif_input  ethernetif.o
    0x08002b8a   0x00000008   Code   RO         1901    i.icmp_dest_unreach  icmp.o
    0x08002b92   0x00000002   PAD
    0x08002b94   0x000000f4   Code   RO         1902    i.icmp_input        icmp.o
    0x08002c88   0x0000006c   Code   RO         1903    i.icmp_send_response  icmp.o
    0x08002cf4   0x00000008   Code   RO         1904    i.icmp_time_exceeded  icmp.o
    0x08002cfc   0x0000002e   Code   RO         3770    i.ip4_addr_isbroadcast_u32  ip4_addr.o
    0x08002d2a   0x00000002   PAD
    0x08002d2c   0x0000015c   Code   RO         1646    i.ip4_frag          ip4_frag.o
    0x08002e88   0x000001b8   Code   RO         4310    i.ip4_input         ip4.o
    0x08003040   0x0000001e   Code   RO         4312    i.ip4_output_if     ip4.o
    0x0800305e   0x00000002   PAD
    0x08003060   0x000000a8   Code   RO         4313    i.ip4_output_if_src  ip4.o
    0x08003108   0x00000190   Code   RO         1647    i.ip4_reass         ip4_frag.o
    0x08003298   0x0000005c   Code   RO         4314    i.ip4_route         ip4.o
    0x080032f4   0x00000008   Code   RO         1648    i.ip_frag_free_pbuf_custom_ref  ip4_frag.o
    0x080032fc   0x000000ec   Code   RO         1649    i.ip_reass_chain_frag_into_datagram_and_validate  ip4_frag.o
    0x080033e8   0x00000024   Code   RO         1650    i.ip_reass_dequeue_datagram  ip4_frag.o
    0x0800340c   0x00000070   Code   RO         1651    i.ip_reass_free_complete_datagram  ip4_frag.o
    0x0800347c   0x00000080   Code   RO         1652    i.ip_reass_remove_oldest_datagram  ip4_frag.o
    0x080034fc   0x0000002c   Code   RO         1653    i.ip_reass_tmr      ip4_frag.o
    0x08003528   0x00000016   Code   RO         1654    i.ipfrag_free_pbuf_custom  ip4_frag.o
    0x0800353e   0x00000002   PAD
    0x08003540   0x000000f0   Code   RO         1451    i.low_level_init    ethernetif.o
    0x08003630   0x000000bc   Code   RO         1452    i.low_level_input   ethernetif.o
    0x080036ec   0x000000a8   Code   RO         1453    i.low_level_output  ethernetif.o
    0x08003794   0x00000004   Code   RO         2200    i.lwip_htonl        def.o
    0x08003798   0x00000004   Code   RO         2201    i.lwip_htons        def.o
    0x0800379c   0x0000001e   Code   RO         1720    i.lwip_init         init.o
    0x080037ba   0x00000002   PAD
    0x080037bc   0x0000006c   Code   RO         1386    i.main              main.o
    0x08003828   0x0000002c   Code   RO         2385    i.mem_free          mem.o
    0x08003854   0x00000034   Code   RO         2386    i.mem_init          mem.o
    0x08003888   0x000000a8   Code   RO         2387    i.mem_malloc        mem.o
    0x08003930   0x000000cc   Code   RO         2388    i.mem_trim          mem.o
    0x080039fc   0x00000018   Code   RO         1944    i.memp_free         memp.o
    0x08003a14   0x00000020   Code   RO         1946    i.memp_init         memp.o
    0x08003a34   0x0000002a   Code   RO         1947    i.memp_init_pool    memp.o
    0x08003a5e   0x00000002   PAD
    0x08003a60   0x00000018   Code   RO         1948    i.memp_malloc       memp.o
    0x08003a78   0x00000050   Code   RO         1784    i.netif_add         netif.o
    0x08003ac8   0x00000002   Code   RO         1786    i.netif_init        netif.o
    0x08003aca   0x0000001a   Code   RO         1788    i.netif_issue_reports  netif.o
    0x08003ae4   0x00000048   Code   RO         1790    i.netif_set_addr    netif.o
    0x08003b2c   0x0000000c   Code   RO         1791    i.netif_set_default  netif.o
    0x08003b38   0x0000001a   Code   RO         1792    i.netif_set_down    netif.o
    0x08003b52   0x00000008   Code   RO         1793    i.netif_set_gw      netif.o
    0x08003b5a   0x00000002   PAD
    0x08003b5c   0x00000040   Code   RO         1794    i.netif_set_ipaddr  netif.o
    0x08003b9c   0x00000008   Code   RO         1797    i.netif_set_netmask  netif.o
    0x08003ba4   0x0000001c   Code   RO         1798    i.netif_set_up      netif.o
    0x08003bc0   0x00000128   Code   RO         2756    i.pbuf_alloc        pbuf.o
    0x08003ce8   0x00000052   Code   RO         2757    i.pbuf_alloced_custom  pbuf.o
    0x08003d3a   0x00000028   Code   RO         2758    i.pbuf_cat          pbuf.o
    0x08003d62   0x00000012   Code   RO         2759    i.pbuf_chain        pbuf.o
    0x08003d74   0x00000012   Code   RO         2760    i.pbuf_clen         pbuf.o
    0x08003d86   0x0000009a   Code   RO         2762    i.pbuf_copy         pbuf.o
    0x08003e20   0x00000068   Code   RO         2763    i.pbuf_copy_partial  pbuf.o
    0x08003e88   0x00000050   Code   RO         2765    i.pbuf_free         pbuf.o
    0x08003ed8   0x0000002c   Code   RO         2766    i.pbuf_free_ooseq   pbuf.o
    0x08003f04   0x00000006   Code   RO         2768    i.pbuf_header       pbuf.o
    0x08003f0a   0x00000006   Code   RO         2769    i.pbuf_header_force  pbuf.o
    0x08003f10   0x00000064   Code   RO         2770    i.pbuf_header_impl  pbuf.o
    0x08003f74   0x00000054   Code   RO         2774    i.pbuf_realloc      pbuf.o
    0x08003fc8   0x0000000c   Code   RO         2775    i.pbuf_ref          pbuf.o
    0x08003fd4   0x00000054   Code   RO         2389    i.plug_holes        mem.o
    0x08004028   0x00000058   Code   RO         3303    i.sys_check_timeouts  timeouts.o
    0x08004080   0x00000004   Code   RO         1455    i.sys_now           ethernetif.o
    0x08004084   0x00000090   Code   RO         3305    i.sys_timeout       timeouts.o
    0x08004114   0x00000034   Code   RO         3306    i.sys_timeouts_init  timeouts.o
    0x08004148   0x000000d4   Code   RO         3397    i.tcp_abandon       tcp.o
    0x0800421c   0x00000006   Code   RO         3398    i.tcp_abort         tcp.o
    0x08004222   0x00000002   PAD
    0x08004224   0x00000108   Code   RO         3401    i.tcp_alloc         tcp.o
    0x0800432c   0x00000014   Code   RO         3404    i.tcp_close         tcp.o
    0x08004340   0x00000164   Code   RO         3405    i.tcp_close_shutdown  tcp.o
    0x080044a4   0x00000098   Code   RO         2078    i.tcp_create_segment  tcp_out.o
    0x0800453c   0x00000022   Code   RO         3408    i.tcp_eff_send_mss_impl  tcp.o
    0x0800455e   0x00000090   Code   RO         2079    i.tcp_enqueue_flags  tcp_out.o
    0x080045ee   0x00000002   PAD
    0x080045f0   0x00000058   Code   RO         3410    i.tcp_fasttmr       tcp.o
    0x08004648   0x00000030   Code   RO         3926    i.tcp_getoptbyte    tcp_in.o
    0x08004678   0x00000002   Code   RO         3411    i.tcp_init          tcp.o
    0x0800467a   0x00000002   PAD
    0x0800467c   0x0000036c   Code   RO         3927    i.tcp_input         tcp_in.o
    0x080049e8   0x00000052   Code   RO         2080    i.tcp_keepalive     tcp_out.o
    0x08004a3a   0x00000002   PAD
    0x08004a3c   0x0000003c   Code   RO         3412    i.tcp_kill_state    tcp.o
    0x08004a78   0x000000ec   Code   RO         3928    i.tcp_listen_input  tcp_in.o
    0x08004b64   0x0000004c   Code   RO         3414    i.tcp_netif_ip_addr_changed  tcp.o
    0x08004bb0   0x00000022   Code   RO         3415    i.tcp_netif_ip_addr_changed_pcblist  tcp.o
    0x08004bd2   0x00000002   PAD
    0x08004bd4   0x00000010   Code   RO         3419    i.tcp_next_iss      tcp.o
    0x08004be4   0x00000078   Code   RO         3929    i.tcp_oos_insert_segment  tcp_in.o
    0x08004c5c   0x000001c8   Code   RO         2081    i.tcp_output        tcp_out.o
    0x08004e24   0x0000006a   Code   RO         2082    i.tcp_output_alloc_header  tcp_out.o
    0x08004e8e   0x00000002   PAD
    0x08004e90   0x000000a8   Code   RO         2083    i.tcp_output_segment  tcp_out.o
    0x08004f38   0x00000074   Code   RO         3930    i.tcp_parseopt      tcp_in.o
    0x08004fac   0x00000042   Code   RO         3420    i.tcp_pcb_purge     tcp.o
    0x08004fee   0x00000050   Code   RO         3421    i.tcp_pcb_remove    tcp.o
    0x0800503e   0x00000002   PAD
    0x08005040   0x00000370   Code   RO         3931    i.tcp_process       tcp_in.o
    0x080053b0   0x0000006c   Code   RO         3423    i.tcp_process_refused_data  tcp.o
    0x0800541c   0x000006c4   Code   RO         3932    i.tcp_receive       tcp_in.o
    0x08005ae0   0x00000024   Code   RO         3425    i.tcp_recv_null     tcp.o
    0x08005b04   0x00000042   Code   RO         3426    i.tcp_recved        tcp.o
    0x08005b46   0x00000052   Code   RO         2085    i.tcp_rexmit        tcp_out.o
    0x08005b98   0x0000005c   Code   RO         2086    i.tcp_rexmit_fast   tcp_out.o
    0x08005bf4   0x0000002e   Code   RO         2087    i.tcp_rexmit_rto    tcp_out.o
    0x08005c22   0x00000080   Code   RO         2088    i.tcp_rst           tcp_out.o
    0x08005ca2   0x00000028   Code   RO         3427    i.tcp_seg_copy      tcp.o
    0x08005cca   0x0000001c   Code   RO         3428    i.tcp_seg_free      tcp.o
    0x08005ce6   0x00000012   Code   RO         3429    i.tcp_segs_free     tcp.o
    0x08005cf8   0x00000072   Code   RO         2089    i.tcp_send_empty_ack  tcp_out.o
    0x08005d6a   0x00000044   Code   RO         2090    i.tcp_send_fin      tcp_out.o
    0x08005dae   0x00000002   PAD
    0x08005db0   0x00000280   Code   RO         3433    i.tcp_slowtmr       tcp.o
    0x08006030   0x00000034   Code   RO         3309    i.tcp_timer_needed  timeouts.o
    0x08006064   0x00000068   Code   RO         3933    i.tcp_timewait_input  tcp_in.o
    0x080060cc   0x00000020   Code   RO         3434    i.tcp_tmr           tcp.o
    0x080060ec   0x00000010   Code   RO         3934    i.tcp_trigger_input_pcb_close  tcp_in.o
    0x080060fc   0x00000034   Code   RO         3436    i.tcp_update_rcv_ann_wnd  tcp.o
    0x08006130   0x000000b4   Code   RO         2092    i.tcp_zero_window_probe  tcp_out.o
    0x080061e4   0x00000038   Code   RO         3310    i.tcpip_tcp_timer   timeouts.o
    0x0800621c   0x000000ac   Code   RO         3126    i.udp_bind          udp.o
    0x080062c8   0x00000050   Code   RO         3127    i.udp_connect       udp.o
    0x08006318   0x00000010   Code   RO         3128    i.udp_disconnect    udp.o
    0x08006328   0x00000030   Code   RO         1607    i.udp_echoserver_init  udp_echoserver.o
    0x08006358   0x00000028   Code   RO         1608    i.udp_echoserver_receive_callback  udp_echoserver.o
    0x08006380   0x00000002   Code   RO         3129    i.udp_init          udp.o
    0x08006382   0x00000002   PAD
    0x08006384   0x00000124   Code   RO         3130    i.udp_input         udp.o
    0x080064a8   0x00000034   Code   RO         3131    i.udp_netif_ip_addr_changed  udp.o
    0x080064dc   0x0000001a   Code   RO         3132    i.udp_new           udp.o
    0x080064f6   0x00000006   Code   RO         3134    i.udp_recv          udp.o
    0x080064fc   0x00000030   Code   RO         3135    i.udp_remove        udp.o
    0x0800652c   0x00000010   Code   RO         3136    i.udp_send          udp.o
    0x0800653c   0x00000032   Code   RO         3137    i.udp_sendto        udp.o
    0x0800656e   0x00000036   Code   RO         3138    i.udp_sendto_if     udp.o
    0x080065a4   0x000000a6   Code   RO         3139    i.udp_sendto_if_src  udp.o
    0x0800664a   0x00000002   PAD
    0x0800664c   0x0000000c   Data   RO         1959    .constdata          memp.o
    0x08006658   0x0000000c   Data   RO         1960    .constdata          memp.o
    0x08006664   0x0000000c   Data   RO         1961    .constdata          memp.o
    0x08006670   0x0000000c   Data   RO         1962    .constdata          memp.o
    0x0800667c   0x0000000c   Data   RO         1963    .constdata          memp.o
    0x08006688   0x0000000c   Data   RO         1964    .constdata          memp.o
    0x08006694   0x0000000c   Data   RO         1965    .constdata          memp.o
    0x080066a0   0x0000000c   Data   RO         1966    .constdata          memp.o
    0x080066ac   0x0000000c   Data   RO         1967    .constdata          memp.o
    0x080066b8   0x00000024   Data   RO         1968    .constdata          memp.o
    0x080066dc   0x00000028   Data   RO         3311    .constdata          timeouts.o
    0x08006704   0x00000054   Data   RO         3437    .constdata          tcp.o
    0x08006758   0x00000004   Data   RO         3777    .constdata          ip4_addr.o
    0x0800675c   0x00000004   Data   RO         3778    .constdata          ip4_addr.o
    0x08006760   0x00000006   Data   RO         4275    .constdata          ethernet.o
    0x08006766   0x00000006   Data   RO         4276    .constdata          ethernet.o
    0x0800676c   0x00000010   Data   RO         4496    .constdata          system_stm32f1xx.o
    0x0800677c   0x00000075   Data   RO         3438    .conststring        tcp.o
    0x080067f1   0x00000003   PAD
    0x080067f4   0x00000020   Data   RO         4572    Region$$Table       anon$$obj.o


    Execution Region RW_IRAM1 (Base: 0x20000000, Size: 0x000083e8, Max: 0x00010000, ABSOLUTE)

    Base Addr    Size         Type   Attr      Idx    E Section Name        Object

    0x20000000   0x00000004   Data   RW           24    .data               stm32f1xx_hal.o
    0x20000004   0x0000000c   Data   RW         1210    .data               lwip.o
    0x20000010   0x00000008   Data   RW         1655    .data               ip4_frag.o
    0x20000018   0x0000000c   Data   RW         1799    .data               netif.o
    0x20000024   0x00000004   Data   RW         1969    .data               memp.o
    0x20000028   0x00000004   Data   RW         1970    .data               memp.o
    0x2000002c   0x00000004   Data   RW         1971    .data               memp.o
    0x20000030   0x00000004   Data   RW         1972    .data               memp.o
    0x20000034   0x00000004   Data   RW         1973    .data               memp.o
    0x20000038   0x00000004   Data   RW         1974    .data               memp.o
    0x2000003c   0x00000004   Data   RW         1975    .data               memp.o
    0x20000040   0x00000004   Data   RW         1976    .data               memp.o
    0x20000044   0x00000004   Data   RW         1977    .data               memp.o
    0x20000048   0x0000000c   Data   RW         2391    .data               mem.o
    0x20000054   0x00000010   Data   RW         2493    .data               dhcp.o
    0x20000064   0x00000001   Data   RW         2782    .data               pbuf.o
    0x20000065   0x00000003   PAD
    0x20000068   0x00000008   Data   RW         3140    .data               udp.o
    0x20000070   0x0000000c   Data   RW         3312    .data               timeouts.o
    0x2000007c   0x00000020   Data   RW         3439    .data               tcp.o
    0x2000009c   0x00000024   Data   RW         3936    .data               tcp_in.o
    0x200000c0   0x00000001   Data   RW         4077    .data               etharp.o
    0x200000c1   0x00000001   PAD
    0x200000c2   0x00000002   Data   RW         4315    .data               ip4.o
    0x200000c4   0x00000004   Data   RW         4498    .data               system_stm32f1xx.o
    0x200000c8   0x00000004   Data   RW         4542    .data               mc_w.l(rand.o)
    0x200000cc   0x00000034   Zero   RW         1207    .bss                lwip.o
    0x20000100   0x00004878   Zero   RW         1456    .bss                ethernetif.o
    0x20004978   0x00000083   Zero   RW         1950    .bss                memp.o
    0x200049fb   0x000002fb   Zero   RW         1951    .bss                memp.o
    0x20004cf6   0x000000e3   Zero   RW         1952    .bss                memp.o
    0x20004dd9   0x00000103   Zero   RW         1953    .bss                memp.o
    0x20004edc   0x000000a3   Zero   RW         1954    .bss                memp.o
    0x20004f7f   0x0000016b   Zero   RW         1955    .bss                memp.o
    0x200050ea   0x00000053   Zero   RW         1956    .bss                memp.o
    0x2000513d   0x00000103   Zero   RW         1957    .bss                memp.o
    0x20005240   0x00002603   Zero   RW         1958    .bss                memp.o
    0x20007843   0x00000653   Zero   RW         2390    .bss                mem.o
    0x20007e96   0x00000002   PAD
    0x20007e98   0x00000032   Zero   RW         2492    .bss                dhcp.o
    0x20007eca   0x00000002   PAD
    0x20007ecc   0x00000010   Zero   RW         3935    .bss                tcp_in.o
    0x20007edc   0x00000018   Zero   RW         4038    .bss                ip.o
    0x20007ef4   0x000000f0   Zero   RW         4076    .bss                etharp.o
    0x20007fe4   0x00000004   PAD
    0x20007fe8   0x00000400   Zero   RW         4529    STACK               startup_stm32f107xc.o


==============================================================================

Image component sizes


      Code (inc. data)   RO Data    RW Data    ZI Data      Debug   Object Name

         8          0          0          0          0       1034   def.o
      3680        128          0         16         50      26046   dhcp.o
      1458         56          0          1        240      10575   etharp.o
       234          6         12          0          0       2434   ethernet.o
       874         60          0          0      18552       5614   ethernetif.o
       368          4          0          0          0       3238   icmp.o
        30          0          0          0          0      10611   init.o
         0          0          0          0         24       3074   ip.o
       730         28          0          2          0       4512   ip4.o
        46          0          8          0          0       7034   ip4_addr.o
      1334         36          0          8          0       9202   ip4_frag.o
       120         22          0         12         52      20314   lwip.o
       280         20          0          0          0       1921   main.o
       552         30          0         12       1619       4889   mem.o
       148         16        144         36      11979       9762   memp.o
       326         14          0         12          0       9229   netif.o
      1044         28          0          1          0      20868   pbuf.o
        36          8        336          0       1024        788   startup_stm32f107xc.o
       132         22          0          4          0     638127   stm32f1xx_hal.o
       228         14          0          0          0      27185   stm32f1xx_hal_cortex.o
      1924         52          0          0          0      12190   stm32f1xx_hal_eth.o
       444         36          0          0          0       2024   stm32f1xx_hal_gpio.o
       132         10          0          0          0        886   stm32f1xx_hal_msp.o
      1560        102          0          0          0       5310   stm32f1xx_hal_rcc.o
        42          6          0          0          0       4439   stm32f1xx_it.o
        84         16         16          4          0       1215   system_stm32f1xx.o
      2334         78        201         32          0      26131   tcp.o
      4128        130          0         36         16      18615   tcp_in.o
      1818          8          0          0          0      10659   tcp_out.o
       420         64         40         12          0       5455   timeouts.o
       980         30          0          8          0      11172   udp.o
        88         10          0          0          0       3184   udp_echoserver.o

    ----------------------------------------------------------------------
     25630       1034        792        200      33564     917737   Object Totals
         0          0         32          0          0          0   (incl. Generated)
        48          0          3          4          8          0   (incl. Padding)

    ----------------------------------------------------------------------

      Code (inc. data)   RO Data    RW Data    ZI Data      Debug   Library Member Name

         0          0          0          0          0          0   entry.o
         0          0          0          0          0          0   entry10a.o
         0          0          0          0          0          0   entry11a.o
         8          4          0          0          0          0   entry2.o
         4          0          0          0          0          0   entry5.o
         0          0          0          0          0          0   entry7b.o
         0          0          0          0          0          0   entry8b.o
         8          4          0          0          0          0   entry9a.o
        30          0          0          0          0          0   handlers.o
        36          8          0          0          0         68   init.o
        26          0          0          0          0         80   memcmp.o
        36          0          0          0          0         68   memcpya.o
        36          0          0          0          0        108   memseta.o
        36         10          0          4          0        136   rand.o

    ----------------------------------------------------------------------
       222         26          0          4          0        460   Library Totals
         2          0          0          0          0          0   (incl. Padding)

    ----------------------------------------------------------------------

      Code (inc. data)   RO Data    RW Data    ZI Data      Debug   Library Name

       220         26          0          4          0        460   mc_w.l

    ----------------------------------------------------------------------
       222         26          0          4          0        460   Library Totals

    ----------------------------------------------------------------------

==============================================================================


      Code (inc. data)   RO Data    RW Data    ZI Data      Debug   

     25852       1060        792        204      33564     906857   Grand Totals
     25852       1060        792        204      33564     906857   ELF Image Totals
     25852       1060        792        204          0          0   ROM Totals

==============================================================================

    Total RO  Size (Code + RO Data)                26644 (  26.02kB)
    Total RW  Size (RW Data + ZI Data)             33768 (  32.98kB)
    Total ROM Size (Code + RO Data + RW Data)      26848 (  26.22kB)

==============================================================================

