###############################################################################
#
# IAR ELF Linker V3.10.1.201 for STM8                     12/Mar/2019  15:43:39
# Copyright 2010-2017 IAR Systems AB.
#
#    Output file  =  
#        C:\Users\SHUQUEE8006\Desktop\zhao_cube_study\si4463-stm8s103p6-库函数（接收）\user\Debug\Exe\si4463-stm8s.out
#    Map file     =  
#        C:\Users\SHUQUEE8006\Desktop\zhao_cube_study\si4463-stm8s103p6-库函数（接收）\user\Debug\List\si4463-stm8s.map
#    Command line =  
#        -f C:\Users\SHUQUE~1\AppData\Local\Temp\EW9F1B.tmp
#        (C:\Users\SHUQUEE8006\Desktop\zhao_cube_study\si4463-stm8s103p6-库函数（接收）\user\Debug\Obj\drv_delay.o
#        C:\Users\SHUQUEE8006\Desktop\zhao_cube_study\si4463-stm8s103p6-库函数（接收）\user\Debug\Obj\drv_io.o
#        C:\Users\SHUQUEE8006\Desktop\zhao_cube_study\si4463-stm8s103p6-库函数（接收）\user\Debug\Obj\drv_SI4438.o
#        C:\Users\SHUQUEE8006\Desktop\zhao_cube_study\si4463-stm8s103p6-库函数（接收）\user\Debug\Obj\drv_spi.o
#        C:\Users\SHUQUEE8006\Desktop\zhao_cube_study\si4463-stm8s103p6-库函数（接收）\user\Debug\Obj\drv_uart.o
#        C:\Users\SHUQUEE8006\Desktop\zhao_cube_study\si4463-stm8s103p6-库函数（接收）\user\Debug\Obj\main.o
#        C:\Users\SHUQUEE8006\Desktop\zhao_cube_study\si4463-stm8s103p6-库函数（接收）\user\Debug\Obj\modbus_crc.o
#        C:\Users\SHUQUEE8006\Desktop\zhao_cube_study\si4463-stm8s103p6-库函数（接收）\user\Debug\Obj\oled.o
#        C:\Users\SHUQUEE8006\Desktop\zhao_cube_study\si4463-stm8s103p6-库函数（接收）\user\Debug\Obj\stm8s_clk.o
#        C:\Users\SHUQUEE8006\Desktop\zhao_cube_study\si4463-stm8s103p6-库函数（接收）\user\Debug\Obj\stm8s_exti.o
#        C:\Users\SHUQUEE8006\Desktop\zhao_cube_study\si4463-stm8s103p6-库函数（接收）\user\Debug\Obj\stm8s_flash.o
#        C:\Users\SHUQUEE8006\Desktop\zhao_cube_study\si4463-stm8s103p6-库函数（接收）\user\Debug\Obj\stm8s_gpio.o
#        C:\Users\SHUQUEE8006\Desktop\zhao_cube_study\si4463-stm8s103p6-库函数（接收）\user\Debug\Obj\stm8s_it.o
#        C:\Users\SHUQUEE8006\Desktop\zhao_cube_study\si4463-stm8s103p6-库函数（接收）\user\Debug\Obj\stm8s_spi.o
#        C:\Users\SHUQUEE8006\Desktop\zhao_cube_study\si4463-stm8s103p6-库函数（接收）\user\Debug\Obj\stm8s_tim1.o
#        C:\Users\SHUQUEE8006\Desktop\zhao_cube_study\si4463-stm8s103p6-库函数（接收）\user\Debug\Obj\stm8s_tim2.o
#        C:\Users\SHUQUEE8006\Desktop\zhao_cube_study\si4463-stm8s103p6-库函数（接收）\user\Debug\Obj\stm8s_uart1.o
#        C:\Users\SHUQUEE8006\Desktop\zhao_cube_study\si4463-stm8s103p6-库函数（接收）\user\Debug\Obj\user_flash.o
#        --redirect _Printf=_PrintfSmall --redirect _Scanf=_ScanfSmall -o
#        C:\Users\SHUQUEE8006\Desktop\zhao_cube_study\si4463-stm8s103p6-库函数（接收）\user\Debug\Exe\si4463-stm8s.out
#        --map
#        C:\Users\SHUQUEE8006\Desktop\zhao_cube_study\si4463-stm8s103p6-库函数（接收）\user\Debug\List\si4463-stm8s.map
#        --config "C:\Program Files (x86)\IAR Systems\Embedded Workbench
#        8.0\stm8\config\lnkstm8s103f3.icf" --config_def _CSTACK_SIZE=0x100
#        --config_def _HEAP_SIZE=0x100 --entry __iar_program_start --debug_lib)
#
###############################################################################

*******************************************************************************
*** RUNTIME MODEL ATTRIBUTES
***

__SystemLibrary            = DLib
__code_model               = small
__core                     = stm8
__data_model               = medium
__dlib_file_descriptor     = 0
__dlib_full_locale_support = 0
__rt_version               = 4


*******************************************************************************
*** PLACEMENT SUMMARY
***

"A0":  place at start of [0x000000-0x0000ff] { rw section .vregs };
"A1":  place at end of [0x000000-0x0003ff] { block CSTACK };
"P2":  place in [from 0x000000 to 0x0003ff] {
          block HEAP, rw section __DLIB_PERTHREAD, rw section .far.bss,
          rw section .far.data, rw section .far.noinit,
          rw section .far_func.textrw, rw section .huge.bss,
          rw section .huge.data, rw section .huge.noinit,
          rw section .huge_func.textrw, rw section .iar.dynexit,
          rw section .near.bss, rw section .near.data, rw section .near.noinit,
          rw section .near_func.textrw };
"A2":  place at start of [0x008000-0x009fff] { block INTVEC };
"P3":  place in [from 0x008000 to 0x009fff] {
          ro section __DLIB_PERTHREAD_init, ro section .far.data_init,
          ro section .far_func.textrw_init, ro section .huge.data_init,
          ro section .huge_func.textrw_init, ro section .iar.init_table,
          ro section .init_array, ro section .near.data_init,
          ro section .near.rodata, ro section .near_func.text,
          ro section .near_func.textrw_init, ro section .tiny.data_init,
          ro section .tiny.rodata_init };
"P4":  place in [from 0x008000 to 0x009fff] {
          ro section .far.rodata, ro section .far_func.text };
"P5":  place in [from 0x008000 to 0x009fff] {
          ro section .huge.rodata, ro section .huge_func.text };
do not initialize {
   rw section .eeprom.noinit, rw section .far.noinit, rw section .huge.noinit,
   rw section .near.noinit, rw section .tiny.noinit, rw section .vregs };
initialize by copy {
   rw section .far.bss, rw section .far.data, rw section .far_func.textrw,
   rw section .huge.bss, rw section .huge.data, rw section .huge_func.textrw,
   rw section .iar.dynexit, rw section .near.bss, rw section .near.data,
   rw section .near_func.textrw, rw section .tiny.bss, rw section .tiny.data,
   ro section .tiny.rodata };

  Section            Kind      Address    Size  Object
  -------            ----      -------    ----  ------
"A0":                                     0x10
  .vregs             uninit   0x000000    0x10  vregs.o [4]
                            - 0x000010    0x10

"P2", part 1 of 3:                       0x258
  .near.bss          zero     0x000010   0x258  stm8s_it.o [1]
                            - 0x000268   0x258

"P2", part 2 of 3:                        0x52
  .near.bss          zero     0x000268    0x40  stm8s_it.o [1]
  .near.bss          zero     0x0002a8     0x9  stm8s_it.o [1]
  .near.bss          zero     0x0002b1     0x5  main.o [1]
  .near.bss          zero     0x0002b6     0x1  drv_delay.o [1]
  .near.bss          zero     0x0002b7     0x1  main.o [1]
  .near.bss          zero     0x0002b8     0x1  stm8s_it.o [1]
  .near.bss          zero     0x0002b9     0x1  stm8s_it.o [1]
                            - 0x0002ba    0x52

"P2", part 3 of 3:                         0x4
  P2-1                        0x0002ba     0x4  <Init block>
    .near.data       inited   0x0002ba     0x4  main.o [1]
                            - 0x0002be     0x4

"A1":                                    0x100
  CSTACK                      0x000300   0x100  <Block>
    CSTACK           uninit   0x000300   0x100  <Block tail>
                            - 0x000400   0x100

"A2":                                     0x80
  INTVEC                      0x008000    0x80  <Block>
    .intvec          const    0x008000    0x80  interrupt.o [4]
                            - 0x008080    0x80

"P3-P5":                                0x1e59
  .near_func.text    ro code  0x008080   0x45a  drv_SI4438.o [1]
  .near.rodata       const    0x0084da   0x228  oled.o [1]
  .near_func.text    ro code  0x008702   0x190  oled.o [1]
  .near.rodata       const    0x008892   0x16e  drv_SI4438.o [1]
  .near_func.text    ro code  0x008a00   0x15c  long.o [4]
  .near_func.text    ro code  0x008b5c   0x136  oled.o [1]
  .near_func.text    ro code  0x008c92   0x134  stm8s_uart1.o [1]
  .near_func.text    ro code  0x008dc6   0x119  vreg_util.o [4]
  .near_func.text    ro code  0x008edf   0x10d  stm8s_it.o [1]
  .near.rodata       const    0x008fec   0x100  modbus_crc.o [1]
  .near.rodata       const    0x0090ec   0x100  modbus_crc.o [1]
  .near_func.text    ro code  0x0091ec    0x9c  main.o [1]
  .near_func.text    ro code  0x009288    0x99  stm8s_tim1.o [1]
  .near_func.text    ro code  0x009321    0x8e  stm8s_gpio.o [1]
  .near_func.text    ro code  0x0093af    0x80  oled.o [1]
  .near_func.text    ro code  0x00942f    0x6d  stm8s_exti.o [1]
  .near_func.text    ro code  0x00949c    0x59  stm8s_tim2.o [1]
  .near_func.text    ro code  0x0094f5    0x58  stm8s_clk.o [1]
  .near_func.text    ro code  0x00954d    0x57  drv_spi.o [1]
  .near_func.text    ro code  0x0095a4    0x57  stm8s_clk.o [1]
  .near_func.text    ro code  0x0095fb    0x54  oled.o [1]
  .near_func.text    ro code  0x00964f    0x4c  modbus_crc.o [1]
  .near_func.text    ro code  0x00969b    0x4b  oled.o [1]
  .near_func.text    ro code  0x0096e6    0x4a  drv_spi.o [1]
  .near_func.text    ro code  0x009730    0x48  drv_SI4438.o [1]
  .near_func.text    ro code  0x009778    0x47  long_util.o [4]
  .near_func.text    ro code  0x0097bf    0x45  drv_SI4438.o [1]
  .near_func.text    ro code  0x009804    0x45  drv_uart.o [1]
  .near_func.text    ro code  0x009849    0x3f  modbus_crc.o [1]
  .near_func.text    ro code  0x009888    0x3c  oled.o [1]
  .near_func.text    ro code  0x0098c4    0x3a  drv_delay.o [1]
  .near_func.text    ro code  0x0098fe    0x39  drv_SI4438.o [1]
  .near_func.text    ro code  0x009937    0x38  stm8s_spi.o [1]
  .near_func.text    ro code  0x00996f    0x35  drv_SI4438.o [1]
  .near_func.text    ro code  0x0099a4    0x2e  drv_SI4438.o [1]
  .near_func.text    ro code  0x0099d2    0x2d  stm8s_uart1.o [1]
  .near_func.text    ro code  0x0099ff    0x2d  user_flash.o [1]
  .near_func.text    ro code  0x009a2c    0x2b  short.o [4]
  .near_func.text    ro code  0x009a57    0x29  user_flash.o [1]
  .near_func.text    ro code  0x009a80    0x28  init_small.o [4]
  .near_func.text    ro code  0x009aa8    0x25  drv_SI4438.o [1]
  .near_func.text    ro code  0x009acd    0x25  drv_SI4438.o [1]
  .near_func.text    ro code  0x009af2    0x25  dc_util.o [4]
  .near_func.text    ro code  0x009b17    0x24  stm8s_tim1.o [1]
  .near_func.text    ro code  0x009b3b    0x23  drv_delay.o [1]
  .iar.init_table    const    0x009b5e    0x16  - Linker created -
  .near_func.text    ro code  0x009b74    0x20  main.o [1]
  .near_func.text    ro code  0x009b94    0x20  oled.o [1]
  .near_func.text    ro code  0x009bb4    0x1f  memcpy.o [4]
  .near_func.text    ro code  0x009bd3    0x1e  init_small.o [4]
  .near_func.text    ro code  0x009bf1    0x1c  drv_delay.o [1]
  .near_func.text    ro code  0x009c0d    0x1b  drv_io.o [1]
  .near_func.text    ro code  0x009c28    0x1a  main.o [1]
  .near_func.text    ro code  0x009c42    0x1a  oled.o [1]
  .near_func.text    ro code  0x009c5c    0x1a  stm8s_tim2.o [1]
  .near_func.text    ro code  0x009c76    0x18  oled.o [1]
  .near_func.text    ro code  0x009c8e    0x18  stm8s_spi.o [1]
  .near_func.text    ro code  0x009ca6    0x17  drv_delay.o [1]
  .near_func.text    ro code  0x009cbd    0x16  stm8s_flash.o [1]
  .near_func.text    ro code  0x009cd3    0x16  memset.o [4]
  .near_func.text    ro code  0x009ce9    0x15  drv_delay.o [1]
  .near_func.text    ro code  0x009cfe    0x15  stm8s_spi.o [1]
  .near_func.text    ro code  0x009d13    0x15  stm8s_spi.o [1]
  .near_func.text    ro code  0x009d28    0x14  init.o [4]
  .near_func.text    ro code  0x009d3c    0x14  __dbg_xxexit.o [3]
  .near_func.text    ro code  0x009d50    0x13  main.o [1]
  .near_func.text    ro code  0x009d63    0x13  stm8s_clk.o [1]
  .near_func.text    ro code  0x009d76    0x13  cstartup.o [4]
  .near_func.text    ro code  0x009d89    0x10  oled.o [1]
  .near_func.text    ro code  0x009d99     0xf  stm8s_exti.o [1]
  .near_func.text    ro code  0x009da8     0xf  stm8s_flash.o [1]
  .near_func.text    ro code  0x009db7     0xd  stm8s_tim1.o [1]
  .near_func.text    ro code  0x009dc4     0xd  stm8s_tim2.o [1]
  .near_func.text    ro code  0x009dd1     0xd  stm8s_tim2.o [1]
  .near_func.text    ro code  0x009dde     0xd  stm8s_uart1.o [1]
  .near_func.text    ro code  0x009deb     0xd  move.o [4]
  .near.rodata       const    0x009df8     0xc  oled.o [1]
  .near_func.text    ro code  0x009e04     0xc  drv_io.o [1]
  .near_func.text    ro code  0x009e10     0xc  stm8s_tim2.o [1]
  .near.rodata       const    0x009e1c     0xb  oled.o [1]
  .near_func.text    ro code  0x009e27     0xb  stm8s_flash.o [1]
  .near.rodata       const    0x009e32     0xa  drv_SI4438.o [1]
  .near_func.text    ro code  0x009e3c     0x9  drv_delay.o [1]
  .near.rodata       const    0x009e45     0x8  drv_SI4438.o [1]
  .near_func.text    ro code  0x009e4d     0x8  drv_io.o [1]
  .near.rodata       const    0x009e55     0x7  drv_SI4438.o [1]
  .near.rodata       const    0x009e5c     0x7  oled.o [1]
  .near.rodata       const    0x009e63     0x7  oled.o [1]
  .near_func.text    ro code  0x009e6a     0x7  stm8s_gpio.o [1]
  .near_func.text    ro code  0x009e71     0x7  stm8s_gpio.o [1]
  .near_func.text    ro code  0x009e78     0x6  char.o [4]
  .near.rodata       const    0x009e7e     0x5  drv_SI4438.o [1]
  .near_func.text    ro code  0x009e83     0x5  drv_delay.o [1]
  .near_func.text    ro code  0x009e88     0x5  stm8s_tim2.o [1]
  .near_func.text    ro code  0x009e8d     0x5  cexit.o [4]
  .near.rodata       const    0x009e92     0x4  drv_SI4438.o [1]
  .near.rodata       const    0x009e96     0x4  stm8s_clk.o [1]
  .near_func.text    ro code  0x009e9a     0x4  stm8s_flash.o [1]
  .near_func.text    ro code  0x009e9e     0x4  stm8s_flash.o [1]
  .near_func.text    ro code  0x009ea2     0x4  stm8s_flash.o [1]
  .near_func.text    ro code  0x009ea6     0x4  stm8s_gpio.o [1]
  Initializer bytes  const    0x009eaa     0x4  <for P2-1>
  .near.rodata       const    0x009eae     0x3  drv_SI4438.o [1]
  .near_func.text    ro code  0x009eb1     0x3  stm8s_gpio.o [1]
  .near_func.text    ro code  0x009eb4     0x3  interrupt.o [4]
  .near_func.text    ro code  0x009eb7     0x3  low_level_init.o [4]
  .near_func.text    ro code  0x009eba     0x3  exit.o [4]
  .near_func.text    ro code  0x009ebd     0x3  unhandled_exception.o [4]
  .near.rodata       const    0x009ec0     0x2  drv_SI4438.o [1]
  .near.rodata       const    0x009ec2     0x2  drv_SI4438.o [1]
  .near.rodata       const    0x009ec4     0x2  drv_SI4438.o [1]
  .near_func.text    ro code  0x009ec6     0x1  stm8s_it.o [1]
  .near_func.text    ro code  0x009ec7     0x1  stm8s_it.o [1]
  .near_func.text    ro code  0x009ec8     0x1  stm8s_it.o [1]
  .near_func.text    ro code  0x009ec9     0x1  stm8s_it.o [1]
  .near_func.text    ro code  0x009eca     0x1  stm8s_it.o [1]
  .near_func.text    ro code  0x009ecb     0x1  stm8s_it.o [1]
  .near_func.text    ro code  0x009ecc     0x1  stm8s_it.o [1]
  .near_func.text    ro code  0x009ecd     0x1  stm8s_it.o [1]
  .near_func.text    ro code  0x009ece     0x1  stm8s_it.o [1]
  .near_func.text    ro code  0x009ecf     0x1  stm8s_it.o [1]
  .near_func.text    ro code  0x009ed0     0x1  stm8s_it.o [1]
  .near_func.text    ro code  0x009ed1     0x1  stm8s_it.o [1]
  .near_func.text    ro code  0x009ed2     0x1  stm8s_it.o [1]
  .near_func.text    ro code  0x009ed3     0x1  stm8s_it.o [1]
  .near_func.text    ro code  0x009ed4     0x1  stm8s_it.o [1]
  .near_func.text    ro code  0x009ed5     0x1  stm8s_it.o [1]
  .near_func.text    ro code  0x009ed6     0x1  stm8s_it.o [1]
  .near_func.text    ro code  0x009ed7     0x1  stm8s_it.o [1]
  .near_func.text    ro code  0x009ed8     0x1  __dbg_break.o [3]
                            - 0x009ed9  0x1e59


*******************************************************************************
*** INIT TABLE
***

          Address   Size
          -------   ----
Zero (__iar_zero_init2)
    2 destination ranges, total size 0x2aa:
          0x000010  0x258
          0x000268   0x52

Copy (__iar_copy_init2)
    1 source range, total size 0x4:
          0x009eaa    0x4
    1 destination range, total size 0x4:
          0x0002ba    0x4



*******************************************************************************
*** MODULE SUMMARY
***

    Module                 ro code  ro data  rw data
    ------                 -------  -------  -------
C:\Users\SHUQUEE8006\Desktop\zhao_cube_study\si4463-stm8s103p6-库函数（接收）\user\Debug\Obj: [1]
    drv_SI4438.o             1 485      409
    drv_delay.o                179                 1
    drv_io.o                    47
    drv_spi.o                  161
    drv_uart.o                  69
    main.o                     233        4       10
    modbus_crc.o               139      512
    oled.o                   1 155      589
    stm8s_clk.o                194        4
    stm8s_exti.o               124
    stm8s_flash.o               60
    stm8s_gpio.o               163
    stm8s_it.o                 287               675
    stm8s_spi.o                122
    stm8s_tim1.o               202
    stm8s_tim2.o               158
    stm8s_uart1.o              366
    user_flash.o                86
    ------------------------------------------------
    Total:                   5 230    1 518      686

command line: [2]
    ------------------------------------------------
    Total:

dbgstm8smd.a: [3]
    __dbg_break.o                1
    __dbg_xxexit.o              20
    ------------------------------------------------
    Total:                      21

dlstm8smn.a: [4]
    cexit.o                      5
    char.o                       6
    cstartup.o                  19
    dc_util.o                   37
    exit.o                       3
    init.o                      20
    init_small.o                70
    interrupt.o                  3      128
    long.o                     348
    long_util.o                 71
    low_level_init.o             3
    memcpy.o                    31
    memset.o                    22
    move.o                      13
    short.o                     43
    unhandled_exception.o        3
    vreg_util.o                281
    vregs.o                                       16
    ------------------------------------------------
    Total:                     978      128       16

    Linker created                       22      256
----------------------------------------------------
    Grand Total:             6 229    1 668      958


*******************************************************************************
*** ENTRY LIST
***

Entry                    Address   Size  Type      Object
-----                    -------   ----  ----      ------
.iar.init_table$$Base   0x009b5e          --   Gb  - Linker created -
.iar.init_table$$Limit  0x009b74          --   Gb  - Linker created -
?b0                     0x000000         Data  Gb  vregs.o [4]
?b1                     0x000001         Data  Gb  vregs.o [4]
?b10                    0x00000a         Data  Gb  vregs.o [4]
?b11                    0x00000b         Data  Gb  vregs.o [4]
?b12                    0x00000c         Data  Gb  vregs.o [4]
?b13                    0x00000d         Data  Gb  vregs.o [4]
?b14                    0x00000e         Data  Gb  vregs.o [4]
?b15                    0x00000f         Data  Gb  vregs.o [4]
?b2                     0x000002         Data  Gb  vregs.o [4]
?b3                     0x000003         Data  Gb  vregs.o [4]
?b4                     0x000004         Data  Gb  vregs.o [4]
?b5                     0x000005         Data  Gb  vregs.o [4]
?b6                     0x000006         Data  Gb  vregs.o [4]
?b7                     0x000007         Data  Gb  vregs.o [4]
?b8                     0x000008         Data  Gb  vregs.o [4]
?b9                     0x000009         Data  Gb  vregs.o [4]
?dc32_l0                0x009af2         Code  Gb  dc_util.o [4]
?dc32_l1                0x009aff         Code  Gb  dc_util.o [4]
?dc32_px                0x009b0c         Code  Gb  dc_util.o [4]
?dec32_0x_0x            0x008a18         Code  Gb  long.o [4]
?dec32_l1_l1            0x008a13         Code  Gb  long.o [4]
?e0                     0x000001         Data  Gb  vregs.o [4]
?e1                     0x000005         Data  Gb  vregs.o [4]
?e2                     0x000009         Data  Gb  vregs.o [4]
?e3                     0x00000d         Data  Gb  vregs.o [4]
?epilogue_l2            0x008e61         Code  Gb  vreg_util.o [4]
?epilogue_l2_l3         0x008e5e         Code  Gb  vreg_util.o [4]
?epilogue_l2_w6         0x008e65         Code  Gb  vreg_util.o [4]
?epilogue_w4            0x008e6c         Code  Gb  vreg_util.o [4]
?inc32_0x_0x            0x008a05         Code  Gb  long.o [4]
?inc32_l0_l0            0x008a00         Code  Gb  long.o [4]
?l0                     0x000000         Data  Gb  vregs.o [4]
?l1                     0x000004         Data  Gb  vregs.o [4]
?l2                     0x000008         Data  Gb  vregs.o [4]
?l3                     0x00000c         Data  Gb  vregs.o [4]
?load32_0x_l0           0x0097b1         Code  Gb  long_util.o [4]
?load32_asp_l0          0x0097a5         Code  Gb  long_util.o [4]
?load32_dbsp_l0         0x0097a0         Code  Gb  long_util.o [4]
?load32_l0_0x           0x009788         Code  Gb  long_util.o [4]
?load32_l0_asp          0x00977d         Code  Gb  long_util.o [4]
?load32_l0_dbsp         0x009778         Code  Gb  long_util.o [4]
?load32_l0_xsp          0x00977f         Code  Gb  long_util.o [4]
?load32_l1_0x           0x009794         Code  Gb  long_util.o [4]
?load32_xsp_l0          0x0097a7         Code  Gb  long_util.o [4]
?mov_e0_e1              0x008e7a         Code  Gb  vreg_util.o [4]
?mov_e0_e2              0x008e87         Code  Gb  vreg_util.o [4]
?mov_e0_e3              0x008e94         Code  Gb  vreg_util.o [4]
?mov_e1_e0              0x008ea1         Code  Gb  vreg_util.o [4]
?mov_e1_e2              0x008eae         Code  Gb  vreg_util.o [4]
?mov_e2_e0              0x008ebb         Code  Gb  vreg_util.o [4]
?mov_e2_e1              0x008ec8         Code  Gb  vreg_util.o [4]
?mov_e3_e0              0x008ed5         Code  Gb  vreg_util.o [4]
?mov_l0_l1              0x008e77         Code  Gb  vreg_util.o [4]
?mov_l0_l2              0x008e84         Code  Gb  vreg_util.o [4]
?mov_l0_l3              0x008e91         Code  Gb  vreg_util.o [4]
?mov_l1_l0              0x008e9e         Code  Gb  vreg_util.o [4]
?mov_l1_l2              0x008eab         Code  Gb  vreg_util.o [4]
?mov_l2_l0              0x008eb8         Code  Gb  vreg_util.o [4]
?mov_l2_l1              0x008ec5         Code  Gb  vreg_util.o [4]
?mov_l3_l0              0x008ed2         Code  Gb  vreg_util.o [4]
?mov_w1_w3              0x008e7d         Code  Gb  vreg_util.o [4]
?mov_w1_w5              0x008e8a         Code  Gb  vreg_util.o [4]
?mov_w1_w7              0x008e97         Code  Gb  vreg_util.o [4]
?mov_w2_w1              0x008e70         Code  Gb  vreg_util.o [4]
?mov_w3_w1              0x008ea4         Code  Gb  vreg_util.o [4]
?mov_w3_w5              0x008eb1         Code  Gb  vreg_util.o [4]
?mov_w5_w1              0x008ebe         Code  Gb  vreg_util.o [4]
?mov_w5_w3              0x008ecb         Code  Gb  vreg_util.o [4]
?mov_w7_w1              0x008ed8         Code  Gb  vreg_util.o [4]
?move1616_v_x_y_a       0x009deb         Code  Gb  move.o [4]
?mul16_x_x_w0           0x009a2c         Code  Gb  short.o [4]
?mul32_l0_l0_0x         0x008a4a         Code  Gb  long.o [4]
?mul32_l0_l0_dl         0x008a47         Code  Gb  long.o [4]
?mul32_l0_l0_l1         0x008a53         Code  Gb  long.o [4]
?pop_l0                 0x008e2a         Code  Gb  vreg_util.o [4]
?pop_l1                 0x008e35         Code  Gb  vreg_util.o [4]
?pop_l2                 0x008e40         Code  Gb  vreg_util.o [4]
?pop_l3                 0x008e4b         Code  Gb  vreg_util.o [4]
?pop_w4                 0x008de3         Code  Gb  vreg_util.o [4]
?pop_w6                 0x008dea         Code  Gb  vreg_util.o [4]
?push_l0                0x008df9         Code  Gb  vreg_util.o [4]
?push_l1                0x008dfe         Code  Gb  vreg_util.o [4]
?push_l2                0x008e03         Code  Gb  vreg_util.o [4]
?push_l3                0x008e08         Code  Gb  vreg_util.o [4]
?push_w4                0x008dc6         Code  Gb  vreg_util.o [4]
?push_w6                0x008dcb         Code  Gb  vreg_util.o [4]
?sll16_x_x_a            0x009a4a         Code  Gb  short.o [4]
?sll32_0x_0x_a          0x008b4e         Code  Gb  long.o [4]
?sll32_l0_l0_a          0x008b4b         Code  Gb  long.o [4]
?sll8_a_a_5             0x009e79         Code  Gb  char.o [4]
?sll8_a_a_6             0x009e78         Code  Gb  char.o [4]
?srl16_x_x_4            0x009a52         Code  Gb  short.o [4]
?sub32_l0_l0_0x         0x008a2f         Code  Gb  long.o [4]
?sub32_l0_l0_l1         0x008a2c         Code  Gb  long.o [4]
?udiv32_l0_dl_l1        0x008ad6         Code  Gb  long.o [4]
?udiv32_l0_l0_dl        0x008adb         Code  Gb  long.o [4]
?udiv32_l0_l0_l1        0x008ade         Code  Gb  long.o [4]
?umod32_l1_l0_dl        0x008ad1         Code  Gb  long.o [4]
?umod32_l1_l0_l1        0x008ade         Code  Gb  long.o [4]
?w0                     0x000000         Data  Gb  vregs.o [4]
?w1                     0x000002         Data  Gb  vregs.o [4]
?w2                     0x000004         Data  Gb  vregs.o [4]
?w3                     0x000006         Data  Gb  vregs.o [4]
?w4                     0x000008         Data  Gb  vregs.o [4]
?w5                     0x00000a         Data  Gb  vregs.o [4]
?w6                     0x00000c         Data  Gb  vregs.o [4]
?w7                     0x00000e         Data  Gb  vregs.o [4]
ADC1_IRQHandler         0x009ed5    0x1  Code  Gb  stm8s_it.o [1]
AWU_IRQHandler          0x009ec8    0x1  Code  Gb  stm8s_it.o [1]
CLK_GetClockFreq        0x0095a4   0x57  Code  Gb  stm8s_clk.o [1]
CLK_HSIPrescalerConfig  0x009d63   0x13  Code  Gb  stm8s_clk.o [1]
CLK_IRQHandler          0x009ec9    0x1  Code  Gb  stm8s_it.o [1]
CLK_PeripheralClockConfig
                        0x0094f5   0x58  Code  Gb  stm8s_clk.o [1]
CSTACK$$Base            0x000300          --   Gb  - Linker created -
CSTACK$$Limit           0x000400          --   Gb  - Linker created -
EEPROM_EEC_IRQHandler   0x009ed7    0x1  Code  Gb  stm8s_it.o [1]
EXTI_PORTA_IRQHandler   0x009eca    0x1  Code  Gb  stm8s_it.o [1]
EXTI_PORTB_IRQHandler   0x009ecb    0x1  Code  Gb  stm8s_it.o [1]
EXTI_PORTC_IRQHandler   0x009ecc    0x1  Code  Gb  stm8s_it.o [1]
EXTI_PORTD_IRQHandler   0x008edf  0x10d  Code  Gb  stm8s_it.o [1]
EXTI_PORTE_IRQHandler   0x009ecd    0x1  Code  Gb  stm8s_it.o [1]
EXTI_SetExtIntSensitivity
                        0x00942f   0x6d  Code  Gb  stm8s_exti.o [1]
EXTI_SetTLISensitivity  0x009d99    0xf  Code  Gb  stm8s_exti.o [1]
F6x8                    0x0084da  0x228  Data  Gb  oled.o [1]
FLASH_EraseByte         0x009e9a    0x4  Code  Gb  stm8s_flash.o [1]
FLASH_Lock              0x009e27    0xb  Code  Gb  stm8s_flash.o [1]
FLASH_ProgramByte       0x009e9e    0x4  Code  Gb  stm8s_flash.o [1]
FLASH_ReadByte          0x009ea2    0x4  Code  Gb  stm8s_flash.o [1]
FLASH_SetProgrammingTime
                        0x009da8    0xf  Code  Gb  stm8s_flash.o [1]
FLASH_Unlock            0x009cbd   0x16  Code  Gb  stm8s_flash.o [1]
GPIO_Config             0x009c0d   0x1b  Code  Gb  drv_io.o [1]
GPIO_Init               0x009321   0x8e  Code  Gb  stm8s_gpio.o [1]
GPIO_ReadInputData      0x009eb1    0x3  Code  Gb  stm8s_gpio.o [1]
GPIO_WriteHigh          0x009e6a    0x7  Code  Gb  stm8s_gpio.o [1]
GPIO_WriteLow           0x009ea6    0x4  Code  Gb  stm8s_gpio.o [1]
GPIO_WriteReverse       0x009e71    0x7  Code  Gb  stm8s_gpio.o [1]
HSIDivFactor            0x009e96    0x4  Data  Gb  stm8s_clk.o [1]
I2C_IRQHandler          0x009ed4    0x1  Code  Gb  stm8s_it.o [1]
IIC_Start               0x009b94   0x20  Code  Gb  oled.o [1]
IIC_Stop                0x009c76   0x18  Code  Gb  oled.o [1]
IIC_Wait_Ack            0x009d89   0x10  Code  Gb  oled.o [1]
INTVEC$$Base            0x008000          --   Gb  - Linker created -
INTVEC$$Limit           0x008080          --   Gb  - Linker created -
LED1_Toggle             0x009e4d    0x8  Code  Gb  drv_io.o [1]
LED_Init                0x009e04    0xc  Code  Gb  drv_io.o [1]
OLED_Clear              0x009888   0x3c  Code  Gb  oled.o [1]
OLED_Init               0x00874b  0x147  Code  Gb  oled.o [1]
OLED_Set_Pos            0x009406   0x29  Code  Gb  oled.o [1]
OLED_ShowChar           0x0095fb   0x54  Code  Gb  oled.o [1]
OLED_ShowString         0x008702   0x49  Code  Gb  oled.o [1]
OLED_WR_Byte            0x0093fc    0xa  Code  Gb  oled.o [1]
PacketrxData            0x0002b1    0x5  Data  Gb  main.o [1]
Region$$Table$$Base     0x009b5e          --   Gb  - Linker created -
Region$$Table$$Limit    0x009b74          --   Gb  - Linker created -
SI446x_Change_Status    0x0080e1   0x27  Code  Gb  drv_SI4438.o [1]
SI446x_Config_Gpio      0x008183   0x48  Code  Gb  drv_SI4438.o [1]
SI446x_Config_Init      0x0081cb  0x25f  Code  Gb  drv_SI4438.o [1]
SI446x_Get_Device_Status
                        0x0099a4   0x2e  Code  Gb  drv_SI4438.o [1]
SI446x_Gpio_Init        0x008476   0x20  Code  Gb  drv_SI4438.o [1]
SI446x_Init             0x008496   0x44  Code  Gb  drv_SI4438.o [1]
SI446x_Interrupt_Status
                        0x00996f   0x35  Code  Gb  drv_SI4438.o [1]
SI446x_Power_Up         0x00842a   0x37  Code  Gb  drv_SI4438.o [1]
SI446x_Read_Packet      0x0097bf   0x45  Code  Gb  drv_SI4438.o [1]
SI446x_Read_Response    0x008143   0x40  Code  Gb  drv_SI4438.o [1]
SI446x_Reset            0x008461   0x15  Code  Gb  drv_SI4438.o [1]
SI446x_Reset_RxFifo     0x009aa8   0x25  Code  Gb  drv_SI4438.o [1]
SI446x_Reset_TxFifo     0x009acd   0x25  Code  Gb  drv_SI4438.o [1]
SI446x_Set_Power        0x00813d    0x6  Code  Gb  drv_SI4438.o [1]
SI446x_Set_Property_1   0x008108   0x35  Code  Gb  drv_SI4438.o [1]
SI446x_Start_Rx         0x008080   0x61  Code  Gb  drv_SI4438.o [1]
SI446x_Wait_Cts         0x009730   0x48  Code  Gb  drv_SI4438.o [1]
SI446x_Write_Cmds       0x0098fe   0x39  Code  Gb  drv_SI4438.o [1]
SPI_Cmd                 0x009d13    0xd  Code  Gb  stm8s_spi.o [1]
SPI_DeInit              0x009cfe   0x15  Code  Gb  stm8s_spi.o [1]
SPI_GetFlagStatus       0x009c8e   0x18  Code  Gb  stm8s_spi.o [1]
SPI_IRQHandler          0x009ece    0x1  Code  Gb  stm8s_it.o [1]
SPI_Init                0x009937   0x38  Code  Gb  stm8s_spi.o [1]
SPI_ReceiveData         0x009d24    0x4  Code  Gb  stm8s_spi.o [1]
SPI_SendData            0x009d20    0x4  Code  Gb  stm8s_spi.o [1]
TIM1_CAP_COM_IRQHandler
                        0x009ed0    0x1  Code  Gb  stm8s_it.o [1]
TIM1_Cmd                0x009db7    0xd  Code  Gb  stm8s_tim1.o [1]
TIM1_Config             0x009ce9   0x15  Code  Gb  drv_delay.o [1]
TIM1_DeInit             0x009288   0x99  Code  Gb  stm8s_tim1.o [1]
TIM1_TimeBaseInit       0x009b17   0x24  Code  Gb  stm8s_tim1.o [1]
TIM1_UPD_OVF_TRG_BRK_IRQHandler
                        0x009ecf    0x1  Code  Gb  stm8s_it.o [1]
TIM2_ARRPreloadConfig   0x009dd1    0xd  Code  Gb  stm8s_tim2.o [1]
TIM2_CAP_COM_IRQHandler
                        0x009ed1    0x1  Code  Gb  stm8s_it.o [1]
TIM2_ClearITPendingBit  0x009e88    0x5  Code  Gb  stm8s_tim2.o [1]
TIM2_Cmd                0x009dc4    0xd  Code  Gb  stm8s_tim2.o [1]
TIM2_Config             0x009b3b   0x23  Code  Gb  drv_delay.o [1]
TIM2_DeInit             0x00949c   0x59  Code  Gb  stm8s_tim2.o [1]
TIM2_ITConfig           0x009c5c   0x1a  Code  Gb  stm8s_tim2.o [1]
TIM2_TimeBaseInit       0x009e10    0xc  Code  Gb  stm8s_tim2.o [1]
TIM2_UPD_OVF_BRK_IRQHandler
                        0x009bf1   0x1c  Code  Gb  drv_delay.o [1]
TIM4_UPD_OVF_IRQHandler
                        0x009ed6    0x1  Code  Gb  stm8s_it.o [1]
TLI_IRQHandler          0x009ec7    0x1  Code  Gb  stm8s_it.o [1]
TRAP_IRQHandler         0x009ec6    0x1  Code  Gb  stm8s_it.o [1]
UART1_Cmd               0x009dde    0xd  Code  Gb  stm8s_uart1.o [1]
UART1_DeInit            0x0099d2   0x2d  Code  Gb  stm8s_uart1.o [1]
UART1_Init              0x008c92  0x134  Code  Gb  stm8s_uart1.o [1]
UART1_RX_IRQHandler     0x009ed3    0x1  Code  Gb  stm8s_it.o [1]
UART1_TX_IRQHandler     0x009ed2    0x1  Code  Gb  stm8s_it.o [1]
Write_IIC_Byte          0x00969b   0x4b  Code  Gb  oled.o [1]
Write_IIC_Command       0x0093af   0x26  Code  Gb  oled.o [1]
Write_IIC_Data          0x0093d5   0x27  Code  Gb  oled.o [1]
__DebugBreak            0x009ed8    0x1  Code  Gb  __dbg_break.o [3]
__exit                  0x009d3c   0x14  Code  Gb  __dbg_xxexit.o [3]
__iar_copy_init2        0x009a80         Code  Gb  init_small.o [4]
__iar_data_init2        0x009d28   0x14  Code  Gb  init.o [4]
__iar_program_start     0x009d76         Code  Gb  cstartup.o [4]
__iar_unhandled_exception
                        0x009ebd         Code  Gb  unhandled_exception.o [4]
__iar_zero_init2        0x009bd3         Code  Gb  init_small.o [4]
__intvec                0x008000         Data  Gb  interrupt.o [4]
__low_level_init        0x009eb7    0x3  Code  Gb  low_level_init.o [4]
_exit                   0x009e8d         Code  Gb  cexit.o [4]
_interrupt_1            0x009ec6         Code  Gb  stm8s_it.o [1]
_interrupt_12           0x009ece         Code  Gb  stm8s_it.o [1]
_interrupt_13           0x009ecf         Code  Gb  stm8s_it.o [1]
_interrupt_14           0x009ed0         Code  Gb  stm8s_it.o [1]
_interrupt_15           0x009bf1         Code  Gb  drv_delay.o [1]
_interrupt_16           0x009ed1         Code  Gb  stm8s_it.o [1]
_interrupt_19           0x009ed2         Code  Gb  stm8s_it.o [1]
_interrupt_2            0x009ec7         Code  Gb  stm8s_it.o [1]
_interrupt_20           0x009ed3         Code  Gb  stm8s_it.o [1]
_interrupt_21           0x009ed4         Code  Gb  stm8s_it.o [1]
_interrupt_24           0x009ed5         Code  Gb  stm8s_it.o [1]
_interrupt_25           0x009ed6         Code  Gb  stm8s_it.o [1]
_interrupt_26           0x009ed7         Code  Gb  stm8s_it.o [1]
_interrupt_3            0x009ec8         Code  Gb  stm8s_it.o [1]
_interrupt_4            0x009ec9         Code  Gb  stm8s_it.o [1]
_interrupt_5            0x009eca         Code  Gb  stm8s_it.o [1]
_interrupt_6            0x009ecb         Code  Gb  stm8s_it.o [1]
_interrupt_7            0x009ecc         Code  Gb  stm8s_it.o [1]
_interrupt_8            0x008edf         Code  Gb  stm8s_it.o [1]
_interrupt_9            0x009ecd         Code  Gb  stm8s_it.o [1]
a_SI4463RxBuffer        0x000268   0x40  Data  Gb  stm8s_it.o [1]
auch_crc_high           0x008fec  0x100  Data  Lc  modbus_crc.o [1]
auch_crc_low            0x0090ec  0x100  Data  Lc  modbus_crc.o [1]
channel                 0x0002b7    0x1  Data  Gb  main.o [1]
check_crc               0x009849   0x3f  Code  Gb  modbus_crc.o [1]
clr_timer3_flag         0x009e83    0x5  Code  Gb  drv_delay.o [1]
config_table            0x008892  0x16e  Data  Lc  drv_SI4438.o [1]
crc16                   0x00964f   0x4c  Code  Gb  modbus_crc.o [1]
delay_ms                0x009c42   0x1a  Code  Gb  oled.o [1]
dmx_init                0x009d50   0x13  Code  Gb  main.o [1]
dmx_sendpacket          0x009c28   0x1a  Code  Gb  main.o [1]
drv_delay_1ms           0x0098c4   0x3a  Code  Lc  drv_delay.o [1]
drv_delay_ms            0x009ca6   0x17  Code  Gb  drv_delay.o [1]
drv_spi_init            0x00954d   0x57  Code  Gb  drv_spi.o [1]
drv_spi_read_write_byte
                        0x0096e6   0x4a  Code  Gb  drv_spi.o [1]
drv_uart_init_485       0x009804   0x45  Code  Gb  drv_uart.o [1]
error_cnt               0x0002b8    0x1  Data  Gb  stm8s_it.o [1]
exit                    0x009eba    0x3  Code  Gb  exit.o [4]
g_SI4463ItStatus        0x0002a8    0x9  Data  Gb  stm8s_it.o [1]
g_SI4463RxBuffer        0x000010  0x258  Data  Gb  stm8s_it.o [1]
get_timer3_flag         0x009e3c    0x9  Code  Gb  drv_delay.o [1]
invailid_preamble       0x009b74   0x20  Code  Gb  main.o [1]
main                    0x0091ec   0x9c  Code  Gb  main.o [1]
memcpy                  0x009bb4   0x1f  Code  Gb  memcpy.o [4]
memset                  0x009cd3   0x16  Code  Gb  memset.o [4]
oled_for_count          0x0002ba    0x4  Data  Gb  main.o [1]
oled_test_handle        0x008b5c  0x136  Code  Gb  oled.o [1]
temp                    0x0002b9    0x1  Data  Lc  stm8s_it.o [1]
timer3_update_flag      0x0002b6    0x1  Data  Lc  drv_delay.o [1]
user_read_flash         0x009a57   0x29  Code  Gb  user_flash.o [1]
user_write_flash        0x0099ff   0x2d  Code  Gb  user_flash.o [1]


[1] = C:\Users\SHUQUEE8006\Desktop\zhao_cube_study\si4463-stm8s103p6-库函数（接收）\user\Debug\Obj
[2] = command line
[3] = dbgstm8smd.a
[4] = dlstm8smn.a

  6 229 bytes of readonly  code memory
  1 668 bytes of readonly  data memory
    958 bytes of readwrite data memory

Errors: none
Warnings: none
