Component: ARM Compiler 5.05 update 1 (build 106) Tool: armlink [4d0efa]

==============================================================================

Section Cross References

    stm32f1xx_hal.o(i.HAL_DeInit) refers to stm32f1xx_hal.o(i.HAL_MspDeInit) for HAL_MspDeInit
    stm32f1xx_hal.o(i.HAL_Delay) refers to stm32f1xx_hal.o(i.HAL_GetTick) for HAL_GetTick
    stm32f1xx_hal.o(i.HAL_GetTick) refers to stm32f1xx_hal.o(.data) for .data
    stm32f1xx_hal.o(i.HAL_IncTick) refers to stm32f1xx_hal.o(.data) for .data
    stm32f1xx_hal.o(i.HAL_Init) refers to stm32f1xx_hal_cortex.o(i.HAL_NVIC_SetPriorityGrouping) for HAL_NVIC_SetPriorityGrouping
    stm32f1xx_hal.o(i.HAL_Init) refers to stm32f1xx_hal.o(i.HAL_InitTick) for HAL_InitTick
    stm32f1xx_hal.o(i.HAL_Init) refers to stm32f1xx_hal_msp.o(i.HAL_MspInit) for HAL_MspInit
    stm32f1xx_hal.o(i.HAL_InitTick) refers to stm32f1xx_hal_cortex.o(i.HAL_SYSTICK_Config) for HAL_SYSTICK_Config
    stm32f1xx_hal.o(i.HAL_InitTick) refers to stm32f1xx_hal_cortex.o(i.HAL_NVIC_SetPriority) for HAL_NVIC_SetPriority
    stm32f1xx_hal.o(i.HAL_InitTick) refers to system_stm32f1xx.o(.data) for SystemCoreClock
    stm32f1xx_hal_pwr.o(i.HAL_PWR_EnterSTOPMode) refers to stm32f1xx_hal_pwr.o(i.PWR_OverloadWfe) for PWR_OverloadWfe
    stm32f1xx_hal_pwr.o(i.HAL_PWR_PVD_IRQHandler) refers to stm32f1xx_hal_pwr.o(i.HAL_PWR_PVDCallback) for HAL_PWR_PVDCallback
    stm32f1xx_hal_rcc_ex.o(i.HAL_RCCEx_DisablePLL2) refers to stm32f1xx_hal.o(i.HAL_GetTick) for HAL_GetTick
    stm32f1xx_hal_rcc_ex.o(i.HAL_RCCEx_DisablePLLI2S) refers to stm32f1xx_hal.o(i.HAL_GetTick) for HAL_GetTick
    stm32f1xx_hal_rcc_ex.o(i.HAL_RCCEx_EnablePLL2) refers to stm32f1xx_hal.o(i.HAL_GetTick) for HAL_GetTick
    stm32f1xx_hal_rcc_ex.o(i.HAL_RCCEx_EnablePLLI2S) refers to stm32f1xx_hal.o(i.HAL_GetTick) for HAL_GetTick
    stm32f1xx_hal_rcc_ex.o(i.HAL_RCCEx_GetPeriphCLKFreq) refers to stm32f1xx_hal_rcc.o(i.HAL_RCC_GetPCLK2Freq) for HAL_RCC_GetPCLK2Freq
    stm32f1xx_hal_rcc_ex.o(i.HAL_RCCEx_GetPeriphCLKFreq) refers to stm32f1xx_hal_rcc.o(i.HAL_RCC_GetSysClockFreq) for HAL_RCC_GetSysClockFreq
    stm32f1xx_hal_rcc_ex.o(i.HAL_RCCEx_PeriphCLKConfig) refers to stm32f1xx_hal.o(i.HAL_GetTick) for HAL_GetTick
    stm32f1xx_hal_rcc.o(i.HAL_RCC_ClockConfig) refers to stm32f1xx_hal.o(i.HAL_GetTick) for HAL_GetTick
    stm32f1xx_hal_rcc.o(i.HAL_RCC_ClockConfig) refers to stm32f1xx_hal_rcc.o(i.HAL_RCC_GetSysClockFreq) for HAL_RCC_GetSysClockFreq
    stm32f1xx_hal_rcc.o(i.HAL_RCC_ClockConfig) refers to stm32f1xx_hal.o(i.HAL_InitTick) for HAL_InitTick
    stm32f1xx_hal_rcc.o(i.HAL_RCC_ClockConfig) refers to system_stm32f1xx.o(.constdata) for AHBPrescTable
    stm32f1xx_hal_rcc.o(i.HAL_RCC_ClockConfig) refers to system_stm32f1xx.o(.data) for SystemCoreClock
    stm32f1xx_hal_rcc.o(i.HAL_RCC_DeInit) refers to system_stm32f1xx.o(.data) for SystemCoreClock
    stm32f1xx_hal_rcc.o(i.HAL_RCC_GetHCLKFreq) refers to system_stm32f1xx.o(.data) for SystemCoreClock
    stm32f1xx_hal_rcc.o(i.HAL_RCC_GetPCLK1Freq) refers to system_stm32f1xx.o(.data) for SystemCoreClock
    stm32f1xx_hal_rcc.o(i.HAL_RCC_GetPCLK1Freq) refers to system_stm32f1xx.o(.constdata) for APBPrescTable
    stm32f1xx_hal_rcc.o(i.HAL_RCC_GetPCLK2Freq) refers to system_stm32f1xx.o(.data) for SystemCoreClock
    stm32f1xx_hal_rcc.o(i.HAL_RCC_GetPCLK2Freq) refers to system_stm32f1xx.o(.constdata) for APBPrescTable
    stm32f1xx_hal_rcc.o(i.HAL_RCC_MCOConfig) refers to stm32f1xx_hal_gpio.o(i.HAL_GPIO_Init) for HAL_GPIO_Init
    stm32f1xx_hal_rcc.o(i.HAL_RCC_NMI_IRQHandler) refers to stm32f1xx_hal_rcc.o(i.HAL_RCC_CSSCallback) for HAL_RCC_CSSCallback
    stm32f1xx_hal_rcc.o(i.HAL_RCC_OscConfig) refers to stm32f1xx_hal.o(i.HAL_GetTick) for HAL_GetTick
    stm32f1xx_hal_rcc.o(i.HAL_RCC_OscConfig) refers to system_stm32f1xx.o(.data) for SystemCoreClock
    stm32f1xx_hal_flash_ex.o(i.FLASH_MassErase) refers to stm32f1xx_hal_flash.o(.bss) for pFlash
    stm32f1xx_hal_flash_ex.o(i.FLASH_OB_DisableWRP) refers to stm32f1xx_hal_flash.o(i.FLASH_WaitForLastOperation) for FLASH_WaitForLastOperation
    stm32f1xx_hal_flash_ex.o(i.FLASH_OB_DisableWRP) refers to stm32f1xx_hal_flash_ex.o(i.HAL_FLASHEx_OBErase) for HAL_FLASHEx_OBErase
    stm32f1xx_hal_flash_ex.o(i.FLASH_OB_DisableWRP) refers to stm32f1xx_hal_flash.o(.bss) for pFlash
    stm32f1xx_hal_flash_ex.o(i.FLASH_OB_EnableWRP) refers to stm32f1xx_hal_flash.o(i.FLASH_WaitForLastOperation) for FLASH_WaitForLastOperation
    stm32f1xx_hal_flash_ex.o(i.FLASH_OB_EnableWRP) refers to stm32f1xx_hal_flash_ex.o(i.HAL_FLASHEx_OBErase) for HAL_FLASHEx_OBErase
    stm32f1xx_hal_flash_ex.o(i.FLASH_OB_EnableWRP) refers to stm32f1xx_hal_flash.o(.bss) for pFlash
    stm32f1xx_hal_flash_ex.o(i.FLASH_OB_RDP_LevelConfig) refers to stm32f1xx_hal_flash.o(i.FLASH_WaitForLastOperation) for FLASH_WaitForLastOperation
    stm32f1xx_hal_flash_ex.o(i.FLASH_OB_RDP_LevelConfig) refers to stm32f1xx_hal_flash.o(.bss) for pFlash
[...]
    i.icmp_send_response                     0x08002684   Section        0  icmp.o(i.icmp_send_response)
    icmp_send_response                       0x08002685   Thumb Code   108  icmp.o(i.icmp_send_response)
    i.icmp_time_exceeded                     0x080026f0   Section        0  icmp.o(i.icmp_time_exceeded)
    i.ip4_addr_isbroadcast_u32               0x080026f8   Section        0  ip4_addr.o(i.ip4_addr_isbroadcast_u32)
    i.ip4_frag                               0x08002728   Section        0  ip4_frag.o(i.ip4_frag)
    i.ip4_input                              0x08002884   Section        0  ip4.o(i.ip4_input)
    i.ip4_output_if                          0x08002a20   Section        0  ip4.o(i.ip4_output_if)
    i.ip4_output_if_src                      0x08002a40   Section        0  ip4.o(i.ip4_output_if_src)
    i.ip4_reass                              0x08002ae8   Section        0  ip4_frag.o(i.ip4_reass)
    i.ip4_route                              0x08002c78   Section        0  ip4.o(i.ip4_route)
    i.ip_frag_free_pbuf_custom_ref           0x08002cd4   Section        0  ip4_frag.o(i.ip_frag_free_pbuf_custom_ref)
    ip_frag_free_pbuf_custom_ref             0x08002cd5   Thumb Code     8  ip4_frag.o(i.ip_frag_free_pbuf_custom_ref)
    i.ip_reass_chain_frag_into_datagram_and_validate 0x08002cdc   Section        0  ip4_frag.o(i.ip_reass_chain_frag_into_datagram_and_validate)
    ip_reass_chain_frag_into_datagram_and_validate 0x08002cdd   Thumb Code   230  ip4_frag.o(i.ip_reass_chain_frag_into_datagram_and_validate)
    i.ip_reass_dequeue_datagram              0x08002dc8   Section        0  ip4_frag.o(i.ip_reass_dequeue_datagram)
    ip_reass_dequeue_datagram                0x08002dc9   Thumb Code    30  ip4_frag.o(i.ip_reass_dequeue_datagram)
    i.ip_reass_free_complete_datagram        0x08002dec   Section        0  ip4_frag.o(i.ip_reass_free_complete_datagram)
    ip_reass_free_complete_datagram          0x08002ded   Thumb Code   108  ip4_frag.o(i.ip_reass_free_complete_datagram)
    i.ip_reass_remove_oldest_datagram        0x08002e5c   Section        0  ip4_frag.o(i.ip_reass_remove_oldest_datagram)
    ip_reass_remove_oldest_datagram          0x08002e5d   Thumb Code   122  ip4_frag.o(i.ip_reass_remove_oldest_datagram)
    i.ip_reass_tmr                           0x08002edc   Section        0  ip4_frag.o(i.ip_reass_tmr)
    i.ipfrag_free_pbuf_custom                0x08002f08   Section        0  ip4_frag.o(i.ipfrag_free_pbuf_custom)
    ipfrag_free_pbuf_custom                  0x08002f09   Thumb Code    22  ip4_frag.o(i.ipfrag_free_pbuf_custom)
    i.low_level_init                         0x08002f20   Section        0  ethernetif.o(i.low_level_init)
    low_level_init                           0x08002f21   Thumb Code   224  ethernetif.o(i.low_level_init)
    i.low_level_input                        0x08003010   Section        0  ethernetif.o(i.low_level_input)
    low_level_input                          0x08003011   Thumb Code   182  ethernetif.o(i.low_level_input)
    i.low_level_output                       0x080030cc   Section        0  ethernetif.o(i.low_level_output)
    low_level_output                         0x080030cd   Thumb Code   162  ethernetif.o(i.low_level_output)
    i.lwip_htonl                             0x08003174   Section        0  def.o(i.lwip_htonl)
    i.lwip_htons                             0x08003178   Section        0  def.o(i.lwip_htons)
    i.lwip_init                              0x0800317c   Section        0  init.o(i.lwip_init)
    i.main                                   0x0800319c   Section        0  main.o(i.main)
    i.mem_free                               0x080031f8   Section        0  mem.o(i.mem_free)
    i.mem_init                               0x08003224   Section        0  mem.o(i.mem_init)
    i.mem_malloc                             0x08003258   Section        0  mem.o(i.mem_malloc)
    i.mem_trim                               0x08003300   Section        0  mem.o(i.mem_trim)
    i.memp_free                              0x080033cc   Section        0  memp.o(i.memp_free)
    i.memp_init                              0x080033e4   Section        0  memp.o(i.memp_init)
    i.memp_init_pool                         0x08003404   Section        0  memp.o(i.memp_init_pool)
    i.memp_malloc                            0x08003430   Section        0  memp.o(i.memp_malloc)
    i.netif_add                              0x08003448   Section        0  netif.o(i.netif_add)
    i.netif_init                             0x08003498   Section        0  netif.o(i.netif_init)
    i.netif_issue_reports                    0x0800349a   Section        0  netif.o(i.netif_issue_reports)
    netif_issue_reports                      0x0800349b   Thumb Code    26  netif.o(i.netif_issue_reports)
    i.netif_set_addr                         0x080034b4   Section        0  netif.o(i.netif_set_addr)
    i.netif_set_default                      0x080034fc   Section        0  netif.o(i.netif_set_default)
    i.netif_set_down                         0x08003508   Section        0  netif.o(i.netif_set_down)
    i.netif_set_gw                           0x08003522   Section        0  netif.o(i.netif_set_gw)
    i.netif_set_ipaddr                       0x0800352c   Section        0  netif.o(i.netif_set_ipaddr)
    i.netif_set_netmask                      0x0800356c   Section        0  netif.o(i.netif_set_netmask)
    i.netif_set_up                           0x08003574   Section        0  netif.o(i.netif_set_up)
    i.pbuf_alloc                             0x08003590   Section        0  pbuf.o(i.pbuf_alloc)
    i.pbuf_alloced_custom                    0x080036b8   Section        0  pbuf.o(i.pbuf_alloced_custom)
    i.pbuf_cat                               0x0800370a   Section        0  pbuf.o(i.pbuf_cat)
    i.pbuf_chain                             0x08003732   Section        0  pbuf.o(i.pbuf_chain)
    i.pbuf_clen                              0x08003744   Section        0  pbuf.o(i.pbuf_clen)
    i.pbuf_copy                              0x08003756   Section        0  pbuf.o(i.pbuf_copy)
    i.pbuf_copy_partial                      0x080037f0   Section        0  pbuf.o(i.pbuf_copy_partial)
    i.pbuf_free                              0x08003858   Section        0  pbuf.o(i.pbuf_free)
    i.pbuf_free_ooseq                        0x080038a8   Section        0  pbuf.o(i.pbuf_free_ooseq)
    i.pbuf_header                            0x080038d4   Section        0  pbuf.o(i.pbuf_header)
    i.pbuf_header_force                      0x080038da   Section        0  pbuf.o(i.pbuf_header_force)
    i.pbuf_header_impl                       0x080038e0   Section        0  pbuf.o(i.pbuf_header_impl)
    pbuf_header_impl                         0x080038e1   Thumb Code   100  pbuf.o(i.pbuf_header_impl)
    i.pbuf_realloc                           0x08003944   Section        0  pbuf.o(i.pbuf_realloc)
    i.pbuf_ref                               0x08003998   Section        0  pbuf.o(i.pbuf_ref)
    i.pbuf_take                              0x080039a4   Section        0  pbuf.o(i.pbuf_take)
    i.plug_holes                             0x080039f8   Section        0  mem.o(i.plug_holes)
    plug_holes                               0x080039f9   Thumb Code    78  mem.o(i.plug_holes)
    i.sys_check_timeouts                     0x08003a4c   Section        0  timeouts.o(i.sys_check_timeouts)
    i.sys_now                                0x08003aa4   Section        0  ethernetif.o(i.sys_now)
    i.sys_timeout                            0x08003aa8   Section        0  timeouts.o(i.sys_timeout)
    i.sys_timeouts_init                      0x08003b38   Section        0  timeouts.o(i.sys_timeouts_init)
    i.tcp_abandon                            0x08003b6c   Section        0  tcp.o(i.tcp_abandon)
    i.tcp_abort                              0x08003c40   Section        0  tcp.o(i.tcp_abort)
    i.tcp_alloc                              0x08003c48   Section        0  tcp.o(i.tcp_alloc)
    i.tcp_close                              0x08003d50   Section        0  tcp.o(i.tcp_close)
    i.tcp_close_shutdown                     0x08003d64   Section        0  tcp.o(i.tcp_close_shutdown)
    tcp_close_shutdown                       0x08003d65   Thumb Code   342  tcp.o(i.tcp_close_shutdown)
    i.tcp_create_segment                     0x08003ec8   Section        0  tcp_out.o(i.tcp_create_segment)
    tcp_create_segment                       0x08003ec9   Thumb Code   152  tcp_out.o(i.tcp_create_segment)
    i.tcp_eff_send_mss_impl                  0x08003f60   Section        0  tcp.o(i.tcp_eff_send_mss_impl)
    i.tcp_enqueue_flags                      0x08003f82   Section        0  tcp_out.o(i.tcp_enqueue_flags)
    i.tcp_fasttmr                            0x08004014   Section        0  tcp.o(i.tcp_fasttmr)
    i.tcp_getoptbyte                         0x0800406c   Section        0  tcp_in.o(i.tcp_getoptbyte)
    tcp_getoptbyte                           0x0800406d   Thumb Code    42  tcp_in.o(i.tcp_getoptbyte)
    i.tcp_init                               0x0800409c   Section        0  tcp.o(i.tcp_init)
    i.tcp_input                              0x080040a0   Section        0  tcp_in.o(i.tcp_input)
    i.tcp_keepalive                          0x0800440c   Section        0  tcp_out.o(i.tcp_keepalive)
    i.tcp_kill_state                         0x08004460   Section        0  tcp.o(i.tcp_kill_state)
    tcp_kill_state                           0x08004461   Thumb Code    56  tcp.o(i.tcp_kill_state)
    i.tcp_listen_input                       0x0800449c   Section        0  tcp_in.o(i.tcp_listen_input)
    tcp_listen_input                         0x0800449d   Thumb Code   220  tcp_in.o(i.tcp_listen_input)
    i.tcp_netif_ip_addr_changed              0x08004588   Section        0  tcp.o(i.tcp_netif_ip_addr_changed)
    i.tcp_netif_ip_addr_changed_pcblist      0x080045d4   Section        0  tcp.o(i.tcp_netif_ip_addr_changed_pcblist)
    tcp_netif_ip_addr_changed_pcblist        0x080045d5   Thumb Code    34  tcp.o(i.tcp_netif_ip_addr_changed_pcblist)
    i.tcp_next_iss                           0x080045f8   Section        0  tcp.o(i.tcp_next_iss)
    i.tcp_oos_insert_segment                 0x08004608   Section        0  tcp_in.o(i.tcp_oos_insert_segment)
    tcp_oos_insert_segment                   0x08004609   Thumb Code   114  tcp_in.o(i.tcp_oos_insert_segment)
    i.tcp_output                             0x08004680   Section        0  tcp_out.o(i.tcp_output)
    i.tcp_output_alloc_header                0x08004848   Section        0  tcp_out.o(i.tcp_output_alloc_header)
    tcp_output_alloc_header                  0x08004849   Thumb Code   106  tcp_out.o(i.tcp_output_alloc_header)
    i.tcp_output_segment                     0x080048b4   Section        0  tcp_out.o(i.tcp_output_segment)
    tcp_output_segment                       0x080048b5   Thumb Code   164  tcp_out.o(i.tcp_output_segment)
    i.tcp_parseopt                           0x0800495c   Section        0  tcp_in.o(i.tcp_parseopt)
    tcp_parseopt                             0x0800495d   Thumb Code   110  tcp_in.o(i.tcp_parseopt)
    i.tcp_pcb_purge                          0x080049d0   Section        0  tcp.o(i.tcp_pcb_purge)
    i.tcp_pcb_remove                         0x08004a12   Section        0  tcp.o(i.tcp_pcb_remove)
    i.tcp_process                            0x08004a64   Section        0  tcp_in.o(i.tcp_process)
    tcp_process                              0x08004a65   Thumb Code   854  tcp_in.o(i.tcp_process)
    i.tcp_process_refused_data               0x08004dd4   Section        0  tcp.o(i.tcp_process_refused_data)
    i.tcp_receive                            0x08004e40   Section        0  tcp_in.o(i.tcp_receive)
    tcp_receive                              0x08004e41   Thumb Code  1726  tcp_in.o(i.tcp_receive)
    i.tcp_recv_null                          0x08005504   Section        0  tcp.o(i.tcp_recv_null)
    i.tcp_recved                             0x08005528   Section        0  tcp.o(i.tcp_recved)
    i.tcp_rexmit                             0x0800556a   Section        0  tcp_out.o(i.tcp_rexmit)
    i.tcp_rexmit_fast                        0x080055bc   Section        0  tcp_out.o(i.tcp_rexmit_fast)
    i.tcp_rexmit_rto                         0x08005618   Section        0  tcp_out.o(i.tcp_rexmit_rto)
    i.tcp_rst                                0x08005646   Section        0  tcp_out.o(i.tcp_rst)
    i.tcp_seg_copy                           0x080056c6   Section        0  tcp.o(i.tcp_seg_copy)
    i.tcp_seg_free                           0x080056ee   Section        0  tcp.o(i.tcp_seg_free)
    i.tcp_segs_free                          0x0800570a   Section        0  tcp.o(i.tcp_segs_free)
    i.tcp_send_empty_ack                     0x0800571c   Section        0  tcp_out.o(i.tcp_send_empty_ack)
    i.tcp_send_fin                           0x0800578e   Section        0  tcp_out.o(i.tcp_send_fin)
    i.tcp_slowtmr                            0x080057d4   Section        0  tcp.o(i.tcp_slowtmr)
    i.tcp_timer_needed                       0x08005a54   Section        0  timeouts.o(i.tcp_timer_needed)
    i.tcp_timewait_input                     0x08005a88   Section        0  tcp_in.o(i.tcp_timewait_input)
    tcp_timewait_input                       0x08005a89   Thumb Code    90  tcp_in.o(i.tcp_timewait_input)
    i.tcp_tmr                                0x08005af0   Section        0  tcp.o(i.tcp_tmr)
    i.tcp_trigger_input_pcb_close            0x08005b10   Section        0  tcp_in.o(i.tcp_trigger_input_pcb_close)
    i.tcp_update_rcv_ann_wnd                 0x08005b20   Section        0  tcp.o(i.tcp_update_rcv_ann_wnd)
    i.tcp_zero_window_probe                  0x08005b54   Section        0  tcp_out.o(i.tcp_zero_window_probe)
    i.tcpip_tcp_timer                        0x08005c08   Section        0  timeouts.o(i.tcpip_tcp_timer)
    tcpip_tcp_timer                          0x08005c09   Thumb Code    40  timeouts.o(i.tcpip_tcp_timer)
    i.udp_bind                               0x08005c40   Section        0  udp.o(i.udp_bind)
    i.udp_client_send                        0x08005cec   Section        0  udp_echoclient.o(i.udp_client_send)
    i.udp_connect                            0x08005d20   Section        0  udp.o(i.udp_connect)
    i.udp_echoclient_connect                 0x08005d70   Section        0  udp_echoclient.o(i.udp_echoclient_connect)
    i.udp_init                               0x08005db8   Section        0  udp.o(i.udp_init)
    i.udp_input                              0x08005dbc   Section        0  udp.o(i.udp_input)
    i.udp_netif_ip_addr_changed              0x08005ee0   Section        0  udp.o(i.udp_netif_ip_addr_changed)
    i.udp_new                                0x08005f14   Section        0  udp.o(i.udp_new)
    i.udp_receive_callback                   0x08005f30   Section        0  udp_echoclient.o(i.udp_receive_callback)
    i.udp_recv                               0x08005f54   Section        0  udp.o(i.udp_recv)
    i.udp_send                               0x08005f5a   Section        0  udp.o(i.udp_send)
    i.udp_sendto                             0x08005f6a   Section        0  udp.o(i.udp_sendto)
    i.udp_sendto_if                          0x08005f9c   Section        0  udp.o(i.udp_sendto_if)
    i.udp_sendto_if_src                      0x08005fd2   Section        0  udp.o(i.udp_sendto_if_src)
    i.user_timer_init                        0x08006078   Section        0  user_timer.o(i.user_timer_init)
    .constdata                               0x08006084   Section       12  memp.o(.constdata)
    .constdata                               0x08006090   Section       12  memp.o(.constdata)
    .constdata                               0x0800609c   Section       12  memp.o(.constdata)
    .constdata                               0x080060a8   Section       12  memp.o(.constdata)
    .constdata                               0x080060b4   Section       12  memp.o(.constdata)
    .constdata                               0x080060c0   Section       12  memp.o(.constdata)
    .constdata                               0x080060cc   Section       12  memp.o(.constdata)
    .constdata                               0x080060d8   Section       12  memp.o(.constdata)
    .constdata                               0x080060e4   Section       12  memp.o(.constdata)
    .constdata                               0x080060f0   Section       36  memp.o(.constdata)
    .constdata                               0x08006114   Section       24  timeouts.o(.constdata)
    .constdata                               0x0800612c   Section       84  tcp.o(.constdata)
    tcp_persist_backoff                      0x0800612c   Data           7  tcp.o(.constdata)
    tcp_state_str                            0x08006134   Data          44  tcp.o(.constdata)
    tcp_backoff                              0x08006160   Data          13  tcp.o(.constdata)
    .constdata                               0x08006180   Section        4  ip4_addr.o(.constdata)
    .constdata                               0x08006184   Section        6  ethernet.o(.constdata)
    .constdata                               0x0800618a   Section        6  ethernet.o(.constdata)
    .constdata                               0x08006190   Section       16  system_stm32f1xx.o(.constdata)
    .constdata                               0x080061a0   Section        8  system_stm32f1xx.o(.constdata)
    .conststring                             0x080061a8   Section      117  tcp.o(.conststring)
    .data                                    0x20000000   Section        4  stm32f1xx_hal.o(.data)
    .data                                    0x20000004   Section      124  lwip.o(.data)
    .data                                    0x20000080   Section        8  udp_echoclient.o(.data)
    .data                                    0x20000088   Section        1  user_timer.o(.data)
    timer2_5s_flag                           0x20000088   Data           1  user_timer.o(.data)
    .data                                    0x2000008c   Section        8  ip4_frag.o(.data)
    ip_reass_pbufcount                       0x2000008c   Data           2  ip4_frag.o(.data)
    reassdatagrams                           0x20000090   Data           4  ip4_frag.o(.data)
    .data                                    0x20000094   Section       12  netif.o(.data)
    netif_num                                0x20000094   Data           1  netif.o(.data)
    .data                                    0x200000a0   Section        4  memp.o(.data)
    memp_tab_UDP_PCB                         0x200000a0   Data           4  memp.o(.data)
    .data                                    0x200000a4   Section        4  memp.o(.data)
    memp_tab_TCP_PCB                         0x200000a4   Data           4  memp.o(.data)
    .data                                    0x200000a8   Section        4  memp.o(.data)
    memp_tab_TCP_PCB_LISTEN                  0x200000a8   Data           4  memp.o(.data)
    .data                                    0x200000ac   Section        4  memp.o(.data)
    memp_tab_TCP_SEG                         0x200000ac   Data           4  memp.o(.data)
    .data                                    0x200000b0   Section        4  memp.o(.data)
    memp_tab_REASSDATA                       0x200000b0   Data           4  memp.o(.data)
    .data                                    0x200000b4   Section        4  memp.o(.data)
    memp_tab_FRAG_PBUF                       0x200000b4   Data           4  memp.o(.data)
    .data                                    0x200000b8   Section        4  memp.o(.data)
    memp_tab_SYS_TIMEOUT                     0x200000b8   Data           4  memp.o(.data)
    .data                                    0x200000bc   Section        4  memp.o(.data)
    memp_tab_PBUF                            0x200000bc   Data           4  memp.o(.data)
    .data                                    0x200000c0   Section        4  memp.o(.data)
    memp_tab_PBUF_POOL                       0x200000c0   Data           4  memp.o(.data)
    .data                                    0x200000c4   Section       12  mem.o(.data)
    ram                                      0x200000c4   Data           4  mem.o(.data)
    ram_end                                  0x200000c8   Data           4  mem.o(.data)
    lfree                                    0x200000cc   Data           4  mem.o(.data)
    .data                                    0x200000d0   Section        1  pbuf.o(.data)
    .data                                    0x200000d4   Section        8  udp.o(.data)
    udp_port                                 0x200000d4   Data           2  udp.o(.data)
    .data                                    0x200000dc   Section       12  timeouts.o(.data)
    next_timeout                             0x200000dc   Data           4  timeouts.o(.data)
    timeouts_last_time                       0x200000e0   Data           4  timeouts.o(.data)
    tcpip_tcp_timer_active                   0x200000e4   Data           4  timeouts.o(.data)
    .data                                    0x200000e8   Section       32  tcp.o(.data)
    tcp_timer                                0x200000e9   Data           1  tcp.o(.data)
    tcp_timer_ctr                            0x200000ea   Data           1  tcp.o(.data)
    tcp_port                                 0x200000ec   Data           2  tcp.o(.data)
    iss                                      0x200000f0   Data           4  tcp.o(.data)
    .data                                    0x20000108   Section       36  tcp_in.o(.data)
    flags                                    0x20000108   Data           1  tcp_in.o(.data)
    recv_flags                               0x20000109   Data           1  tcp_in.o(.data)
    tcphdr_optlen                            0x2000010a   Data           2  tcp_in.o(.data)
    tcphdr_opt1len                           0x2000010c   Data           2  tcp_in.o(.data)
    tcp_optidx                               0x2000010e   Data           2  tcp_in.o(.data)
    recv_acked                               0x20000110   Data           2  tcp_in.o(.data)
    tcplen                                   0x20000112   Data           2  tcp_in.o(.data)
    tcphdr                                   0x20000114   Data           4  tcp_in.o(.data)
    tcphdr_opt2                              0x20000118   Data           4  tcp_in.o(.data)
    seqno                                    0x2000011c   Data           4  tcp_in.o(.data)
    ackno                                    0x20000120   Data           4  tcp_in.o(.data)
    recv_data                                0x20000124   Data           4  tcp_in.o(.data)
    .data                                    0x2000012c   Section        1  etharp.o(.data)
    etharp_cached_entry                      0x2000012c   Data           1  etharp.o(.data)
    .data                                    0x2000012e   Section        2  ip4.o(.data)
    ip_id                                    0x2000012e   Data           2  ip4.o(.data)
    .data                                    0x20000130   Section        4  system_stm32f1xx.o(.data)
    .bss                                     0x20000134   Section       48  lwip.o(.bss)
    .bss                                     0x20000164   Section      128  main.o(.bss)
    .bss                                     0x200001e4   Section    18552  ethernetif.o(.bss)
    .bss                                     0x20004a5c   Section      131  memp.o(.bss)
    .bss                                     0x20004adf   Section      763  memp.o(.bss)
    .bss                                     0x20004dda   Section      227  memp.o(.bss)
    .bss                                     0x20004ebd   Section      259  memp.o(.bss)
    .bss                                     0x20004fc0   Section      163  memp.o(.bss)
    .bss                                     0x20005063   Section      363  memp.o(.bss)
    .bss                                     0x200051ce   Section       51  memp.o(.bss)
    .bss                                     0x20005201   Section      259  memp.o(.bss)
    .bss                                     0x20005304   Section     9731  memp.o(.bss)
    .bss                                     0x20007907   Section     1619  mem.o(.bss)
    .bss                                     0x20007f5c   Section       16  tcp_in.o(.bss)
    inseg                                    0x20007f5c   Data          16  tcp_in.o(.bss)
    .bss                                     0x20007f6c   Section       24  ip.o(.bss)
    .bss                                     0x20007f84   Section      240  etharp.o(.bss)
    arp_table                                0x20007f84   Data         240  etharp.o(.bss)
    STACK                                    0x20008078   Section     1024  startup_stm32f107xc.o(STACK)

    Global Symbols

    Symbol Name                              Value     Ov Type        Size  Object(Section)

    BuildAttributes$$THM_ISAv4$P$D$K$B$S$PE$A:L22UL41UL21$X:L11$S22US41US21$IEEE1$IW$USESV6$~STKCKD$USESV7$~SHL$OSPACE$EBA8$MICROLIB$REQ8$PRES8$EABIv2 0x00000000   Number         0  anon$$obj.o ABSOLUTE
    __ARM_use_no_argv                        0x00000000   Number         0  main.o ABSOLUTE
    __cpp_initialize__aeabi_                  - Undefined Weak Reference
    __cxa_finalize                            - Undefined Weak Reference
    _clock_init                               - Undefined Weak Reference
    _microlib_exit                            - Undefined Weak Reference
    __Vectors_Size                           0x00000150   Number         0  startup_stm32f107xc.o ABSOLUTE
    __Vectors                                0x08000000   Data           4  startup_stm32f107xc.o(RESET)
    __Vectors_End                            0x08000150   Data           0  startup_stm32f107xc.o(RESET)
    __main                                   0x08000151   Thumb Code     0  entry.o(.ARM.Collect$$$$00000000)
    _main_stk                                0x08000151   Thumb Code     0  entry2.o(.ARM.Collect$$$$00000001)
    _main_scatterload                        0x08000155   Thumb Code     0  entry5.o(.ARM.Collect$$$$00000004)
    __main_after_scatterload                 0x08000159   Thumb Code     0  entry5.o(.ARM.Collect$$$$00000004)
    _main_clock                              0x08000159   Thumb Code     0  entry7b.o(.ARM.Collect$$$$00000008)
    _main_cpp_init                           0x08000159   Thumb Code     0  entry8b.o(.ARM.Collect$$$$0000000A)
    _main_init                               0x08000159   Thumb Code     0  entry9a.o(.ARM.Collect$$$$0000000B)
    __rt_final_cpp                           0x08000161   Thumb Code     0  entry10a.o(.ARM.Collect$$$$0000000D)
    __rt_final_exit                          0x08000161   Thumb Code     0  entry11a.o(.ARM.Collect$$$$0000000F)
    Reset_Handler                            0x08000165   Thumb Code     8  startup_stm32f107xc.o(.text)
    ADC1_2_IRQHandler                        0x0800017f   Thumb Code     0  startup_stm32f107xc.o(.text)
    CAN1_RX0_IRQHandler                      0x0800017f   Thumb Code     0  startup_stm32f107xc.o(.text)
    CAN1_RX1_IRQHandler                      0x0800017f   Thumb Code     0  startup_stm32f107xc.o(.text)
    CAN1_SCE_IRQHandler                      0x0800017f   Thumb Code     0  startup_stm32f107xc.o(.text)
    CAN1_TX_IRQHandler                       0x0800017f   Thumb Code     0  startup_stm32f107xc.o(.text)
    CAN2_RX0_IRQHandler                      0x0800017f   Thumb Code     0  startup_stm32f107xc.o(.text)
    CAN2_RX1_IRQHandler                      0x0800017f   Thumb Code     0  startup_stm32f107xc.o(.text)
    CAN2_SCE_IRQHandler                      0x0800017f   Thumb Code     0  startup_stm32f107xc.o(.text)
    CAN2_TX_IRQHandler                       0x0800017f   Thumb Code     0  startup_stm32f107xc.o(.text)
    DMA1_Channel1_IRQHandler                 0x0800017f   Thumb Code     0  startup_stm32f107xc.o(.text)
    DMA1_Channel2_IRQHandler                 0x0800017f   Thumb Code     0  startup_stm32f107xc.o(.text)
    DMA1_Channel3_IRQHandler                 0x0800017f   Thumb Code     0  startup_stm32f107xc.o(.text)
    DMA1_Channel4_IRQHandler                 0x0800017f   Thumb Code     0  startup_stm32f107xc.o(.text)
    DMA1_Channel5_IRQHandler                 0x0800017f   Thumb Code     0  startup_stm32f107xc.o(.text)
    DMA1_Channel6_IRQHandler                 0x0800017f   Thumb Code     0  startup_stm32f107xc.o(.text)
    DMA1_Channel7_IRQHandler                 0x0800017f   Thumb Code     0  startup_stm32f107xc.o(.text)
    DMA2_Channel1_IRQHandler                 0x0800017f   Thumb Code     0  startup_stm32f107xc.o(.text)
    DMA2_Channel2_IRQHandler                 0x0800017f   Thumb Code     0  startup_stm32f107xc.o(.text)
    DMA2_Channel3_IRQHandler                 0x0800017f   Thumb Code     0  startup_stm32f107xc.o(.text)
    DMA2_Channel4_IRQHandler                 0x0800017f   Thumb Code     0  startup_stm32f107xc.o(.text)
    DMA2_Channel5_IRQHandler                 0x0800017f   Thumb Code     0  startup_stm32f107xc.o(.text)
    ETH_WKUP_IRQHandler                      0x0800017f   Thumb Code     0  startup_stm32f107xc.o(.text)
    EXTI0_IRQHandler                         0x0800017f   Thumb Code     0  startup_stm32f107xc.o(.text)
    EXTI15_10_IRQHandler                     0x0800017f   Thumb Code     0  startup_stm32f107xc.o(.text)
    EXTI1_IRQHandler                         0x0800017f   Thumb Code     0  startup_stm32f107xc.o(.text)
    EXTI2_IRQHandler                         0x0800017f   Thumb Code     0  startup_stm32f107xc.o(.text)
    EXTI3_IRQHandler                         0x0800017f   Thumb Code     0  startup_stm32f107xc.o(.text)
    EXTI4_IRQHandler                         0x0800017f   Thumb Code     0  startup_stm32f107xc.o(.text)
    EXTI9_5_IRQHandler                       0x0800017f   Thumb Code     0  startup_stm32f107xc.o(.text)
    FLASH_IRQHandler                         0x0800017f   Thumb Code     0  startup_stm32f107xc.o(.text)
    I2C1_ER_IRQHandler                       0x0800017f   Thumb Code     0  startup_stm32f107xc.o(.text)
    I2C1_EV_IRQHandler                       0x0800017f   Thumb Code     0  startup_stm32f107xc.o(.text)
    I2C2_ER_IRQHandler                       0x0800017f   Thumb Code     0  startup_stm32f107xc.o(.text)
    I2C2_EV_IRQHandler                       0x0800017f   Thumb Code     0  startup_stm32f107xc.o(.text)
    OTG_FS_IRQHandler                        0x0800017f   Thumb Code     0  startup_stm32f107xc.o(.text)
    OTG_FS_WKUP_IRQHandler                   0x0800017f   Thumb Code     0  startup_stm32f107xc.o(.text)
    PVD_IRQHandler                           0x0800017f   Thumb Code     0  startup_stm32f107xc.o(.text)
    RCC_IRQHandler                           0x0800017f   Thumb Code     0  startup_stm32f107xc.o(.text)
    RTC_Alarm_IRQHandler                     0x0800017f   Thumb Code     0  startup_stm32f107xc.o(.text)
    RTC_IRQHandler                           0x0800017f   Thumb Code     0  startup_stm32f107xc.o(.text)
    SPI1_IRQHandler                          0x0800017f   Thumb Code     0  startup_stm32f107xc.o(.text)
    SPI2_IRQHandler                          0x0800017f   Thumb Code     0  startup_stm32f107xc.o(.text)
    SPI3_IRQHandler                          0x0800017f   Thumb Code     0  startup_stm32f107xc.o(.text)
    TAMPER_IRQHandler                        0x0800017f   Thumb Code     0  startup_stm32f107xc.o(.text)
    TIM1_BRK_IRQHandler                      0x0800017f   Thumb Code     0  startup_stm32f107xc.o(.text)
    TIM1_CC_IRQHandler                       0x0800017f   Thumb Code     0  startup_stm32f107xc.o(.text)
    TIM1_TRG_COM_IRQHandler                  0x0800017f   Thumb Code     0  startup_stm32f107xc.o(.text)
    TIM1_UP_IRQHandler                       0x0800017f   Thumb Code     0  startup_stm32f107xc.o(.text)
    TIM3_IRQHandler                          0x0800017f   Thumb Code     0  startup_stm32f107xc.o(.text)
    TIM4_IRQHandler                          0x0800017f   Thumb Code     0  startup_stm32f107xc.o(.text)
    TIM5_IRQHandler                          0x0800017f   Thumb Code     0  startup_stm32f107xc.o(.text)
    TIM6_IRQHandler                          0x0800017f   Thumb Code     0  startup_stm32f107xc.o(.text)
    TIM7_IRQHandler                          0x0800017f   Thumb Code     0  startup_stm32f107xc.o(.text)
    UART4_IRQHandler                         0x0800017f   Thumb Code     0  startup_stm32f107xc.o(.text)
    UART5_IRQHandler                         0x0800017f   Thumb Code     0  startup_stm32f107xc.o(.text)
    USART1_IRQHandler                        0x0800017f   Thumb Code     0  startup_stm32f107xc.o(.text)
    USART2_IRQHandler                        0x0800017f   Thumb Code     0  startup_stm32f107xc.o(.text)
    USART3_IRQHandler                        0x0800017f   Thumb Code     0  startup_stm32f107xc.o(.text)
    WWDG_IRQHandler                          0x0800017f   Thumb Code     0  startup_stm32f107xc.o(.text)
    __aeabi_memcpy                           0x08000189   Thumb Code    36  memcpya.o(.text)
    __aeabi_memcpy4                          0x08000189   Thumb Code     0  memcpya.o(.text)
    __aeabi_memcpy8                          0x08000189   Thumb Code     0  memcpya.o(.text)
    __aeabi_memset                           0x080001ad   Thumb Code    14  memseta.o(.text)
    __aeabi_memset4                          0x080001ad   Thumb Code     0  memseta.o(.text)
    __aeabi_memset8                          0x080001ad   Thumb Code     0  memseta.o(.text)
    __aeabi_memclr                           0x080001bb   Thumb Code     4  memseta.o(.text)
    __aeabi_memclr4                          0x080001bb   Thumb Code     0  memseta.o(.text)
    __aeabi_memclr8                          0x080001bb   Thumb Code     0  memseta.o(.text)
    _memset$wrapper                          0x080001bf   Thumb Code    18  memseta.o(.text)
    memcmp                                   0x080001d1   Thumb Code    26  memcmp.o(.text)
    __scatterload                            0x080001ed   Thumb Code    28  init.o(.text)
    __scatterload_rt2                        0x080001ed   Thumb Code     0  init.o(.text)
    __decompress                             0x08000211   Thumb Code     0  __dczerorl.o(.text)
    __decompress0                            0x08000211   Thumb Code    58  __dczerorl.o(.text)
    BusFault_Handler                         0x0800024b   Thumb Code     2  stm32f1xx_it.o(i.BusFault_Handler)
    DebugMon_Handler                         0x0800024d   Thumb Code     2  stm32f1xx_it.o(i.DebugMon_Handler)
    ETH_IRQHandler                           0x080002a1   Thumb Code     6  stm32f1xx_it.o(i.ETH_IRQHandler)
    HAL_Delay                                0x080003d1   Thumb Code    28  stm32f1xx_hal.o(i.HAL_Delay)
    HAL_ETH_DMARxDescListInit                0x080003ed   Thumb Code   116  stm32f1xx_hal_eth.o(i.HAL_ETH_DMARxDescListInit)
    HAL_ETH_DMATxDescListInit                0x08000461   Thumb Code   120  stm32f1xx_hal_eth.o(i.HAL_ETH_DMATxDescListInit)
    HAL_ETH_ErrorCallback                    0x080004d9   Thumb Code     2  stm32f1xx_hal_eth.o(i.HAL_ETH_ErrorCallback)
    HAL_ETH_GetReceivedFrame                 0x080004db   Thumb Code   122  stm32f1xx_hal_eth.o(i.HAL_ETH_GetReceivedFrame)
    HAL_ETH_IRQHandler                       0x08000555   Thumb Code   122  stm32f1xx_hal_eth.o(i.HAL_ETH_IRQHandler)
    HAL_ETH_Init                             0x080005d1   Thumb Code   398  stm32f1xx_hal_eth.o(i.HAL_ETH_Init)
    HAL_ETH_MspInit                          0x08000775   Thumb Code   180  ethernetif.o(i.HAL_ETH_MspInit)
    HAL_ETH_ReadPHYRegister                  0x08000845   Thumb Code   132  stm32f1xx_hal_eth.o(i.HAL_ETH_ReadPHYRegister)
    HAL_ETH_RxCpltCallback                   0x080008c9   Thumb Code     2  stm32f1xx_hal_eth.o(i.HAL_ETH_RxCpltCallback)
    HAL_ETH_Start                            0x080008cb   Thumb Code   132  stm32f1xx_hal_eth.o(i.HAL_ETH_Start)
    HAL_ETH_TransmitFrame                    0x0800094f   Thumb Code   264  stm32f1xx_hal_eth.o(i.HAL_ETH_TransmitFrame)
    HAL_ETH_TxCpltCallback                   0x08000a57   Thumb Code     2  stm32f1xx_hal_eth.o(i.HAL_ETH_TxCpltCallback)
    HAL_ETH_WritePHYRegister                 0x08000a59   Thumb Code   120  stm32f1xx_hal_eth.o(i.HAL_ETH_WritePHYRegister)
    HAL_GPIO_Init                            0x08000ad1   Thumb Code   408  stm32f1xx_hal_gpio.o(i.HAL_GPIO_Init)
    HAL_GPIO_WritePin                        0x08000c8d   Thumb Code    10  stm32f1xx_hal_gpio.o(i.HAL_GPIO_WritePin)
    HAL_GetTick                              0x08000c99   Thumb Code     6  stm32f1xx_hal.o(i.HAL_GetTick)
    HAL_IncTick                              0x08000ca5   Thumb Code    10  stm32f1xx_hal.o(i.HAL_IncTick)
    HAL_Init                                 0x08000cb5   Thumb Code    32  stm32f1xx_hal.o(i.HAL_Init)
    HAL_InitTick                             0x08000cd9   Thumb Code    34  stm32f1xx_hal.o(i.HAL_InitTick)
    HAL_MspInit                              0x08000d01   Thumb Code   122  stm32f1xx_hal_msp.o(i.HAL_MspInit)
    HAL_NVIC_EnableIRQ                       0x08000d85   Thumb Code    22  stm32f1xx_hal_cortex.o(i.HAL_NVIC_EnableIRQ)
    HAL_NVIC_SetPriority                     0x08000d9d   Thumb Code    60  stm32f1xx_hal_cortex.o(i.HAL_NVIC_SetPriority)
    HAL_NVIC_SetPriorityGrouping             0x08000ddd   Thumb Code    26  stm32f1xx_hal_cortex.o(i.HAL_NVIC_SetPriorityGrouping)
    HAL_RCC_ClockConfig                      0x08000e01   Thumb Code   322  stm32f1xx_hal_rcc.o(i.HAL_RCC_ClockConfig)
    HAL_RCC_GetHCLKFreq                      0x08000f55   Thumb Code     6  stm32f1xx_hal_rcc.o(i.HAL_RCC_GetHCLKFreq)
    HAL_RCC_GetPCLK1Freq                     0x08000f61   Thumb Code    20  stm32f1xx_hal_rcc.o(i.HAL_RCC_GetPCLK1Freq)
    HAL_RCC_GetPCLK2Freq                     0x08000f81   Thumb Code    20  stm32f1xx_hal_rcc.o(i.HAL_RCC_GetPCLK2Freq)
    HAL_RCC_GetSysClockFreq                  0x08000fa1   Thumb Code   120  stm32f1xx_hal_rcc.o(i.HAL_RCC_GetSysClockFreq)
    HAL_RCC_MCOConfig                        0x08001049   Thumb Code    64  stm32f1xx_hal_rcc.o(i.HAL_RCC_MCOConfig)
    HAL_RCC_OscConfig                        0x08001091   Thumb Code   946  stm32f1xx_hal_rcc.o(i.HAL_RCC_OscConfig)
    HAL_SYSTICK_CLKSourceConfig              0x08001459   Thumb Code    24  stm32f1xx_hal_cortex.o(i.HAL_SYSTICK_CLKSourceConfig)
    HAL_SYSTICK_Callback                     0x08001471   Thumb Code     2  stm32f1xx_hal_cortex.o(i.HAL_SYSTICK_Callback)
    HAL_SYSTICK_Config                       0x08001473   Thumb Code    40  stm32f1xx_hal_cortex.o(i.HAL_SYSTICK_Config)
    HAL_SYSTICK_IRQHandler                   0x0800149b   Thumb Code     8  stm32f1xx_hal_cortex.o(i.HAL_SYSTICK_IRQHandler)
    HAL_TIMEx_BreakCallback                  0x080014a3   Thumb Code     2  stm32f1xx_hal_tim_ex.o(i.HAL_TIMEx_BreakCallback)
    HAL_TIMEx_CommutationCallback            0x080014a5   Thumb Code     2  stm32f1xx_hal_tim_ex.o(i.HAL_TIMEx_CommutationCallback)
    HAL_TIMEx_MasterConfigSynchronization    0x080014a7   Thumb Code    80  stm32f1xx_hal_tim_ex.o(i.HAL_TIMEx_MasterConfigSynchronization)
    HAL_TIM_Base_Init                        0x080014f7   Thumb Code    54  stm32f1xx_hal_tim.o(i.HAL_TIM_Base_Init)
    HAL_TIM_Base_MspInit                     0x0800152d   Thumb Code    50  stm32f1xx_hal_msp.o(i.HAL_TIM_Base_MspInit)
    HAL_TIM_Base_Start_IT                    0x08001565   Thumb Code    24  stm32f1xx_hal_tim.o(i.HAL_TIM_Base_Start_IT)
    HAL_TIM_ConfigClockSource                0x0800157d   Thumb Code   242  stm32f1xx_hal_tim.o(i.HAL_TIM_ConfigClockSource)
    HAL_TIM_IC_CaptureCallback               0x0800166f   Thumb Code     2  stm32f1xx_hal_tim.o(i.HAL_TIM_IC_CaptureCallback)
    HAL_TIM_IRQHandler                       0x08001671   Thumb Code   358  stm32f1xx_hal_tim.o(i.HAL_TIM_IRQHandler)
    HAL_TIM_OC_DelayElapsedCallback          0x080017d7   Thumb Code     2  stm32f1xx_hal_tim.o(i.HAL_TIM_OC_DelayElapsedCallback)
    HAL_TIM_PWM_PulseFinishedCallback        0x080017d9   Thumb Code     2  stm32f1xx_hal_tim.o(i.HAL_TIM_PWM_PulseFinishedCallback)
    HAL_TIM_PeriodElapsedCallback            0x080017dd   Thumb Code    16  user_timer.o(i.HAL_TIM_PeriodElapsedCallback)
    HAL_TIM_TriggerCallback                  0x080017f1   Thumb Code     2  stm32f1xx_hal_tim.o(i.HAL_TIM_TriggerCallback)
    HAL_UART_Init                            0x080017f3   Thumb Code    98  stm32f1xx_hal_uart.o(i.HAL_UART_Init)
    HAL_UART_MspInit                         0x08001855   Thumb Code    84  stm32f1xx_hal_msp.o(i.HAL_UART_MspInit)
    HardFault_Handler                        0x080018b9   Thumb Code     2  stm32f1xx_it.o(i.HardFault_Handler)
    MX_LWIP_Init                             0x08001959   Thumb Code   150  lwip.o(i.MX_LWIP_Init)
    MX_LWIP_Process                          0x08001a01   Thumb Code    38  lwip.o(i.MX_LWIP_Process)
    MemManage_Handler                        0x08001a85   Thumb Code     2  stm32f1xx_it.o(i.MemManage_Handler)
    NMI_Handler                              0x08001a87   Thumb Code     2  stm32f1xx_it.o(i.NMI_Handler)
    PendSV_Handler                           0x08001aa9   Thumb Code     2  stm32f1xx_it.o(i.PendSV_Handler)
    SVC_Handler                              0x08001aab   Thumb Code     2  stm32f1xx_it.o(i.SVC_Handler)
    SysTick_Handler                          0x08001aad   Thumb Code    14  stm32f1xx_it.o(i.SysTick_Handler)
    SystemClock_Config                       0x08001abd   Thumb Code   162  main.o(i.SystemClock_Config)
    SystemInit                               0x08001b69   Thumb Code    68  system_stm32f1xx.o(i.SystemInit)
    TIM2_IRQHandler                          0x08001bbd   Thumb Code     6  stm32f1xx_it.o(i.TIM2_IRQHandler)
    TIM_Base_SetConfig                       0x08001bc9   Thumb Code   106  stm32f1xx_hal_tim.o(i.TIM_Base_SetConfig)
    UsageFault_Handler                       0x08001e21   Thumb Code     2  stm32f1xx_it.o(i.UsageFault_Handler)
    User_notification                        0x08001e25   Thumb Code    24  app_ethernet.o(i.User_notification)
    __scatterload_copy                       0x08001e41   Thumb Code    14  handlers.o(i.__scatterload_copy)
    __scatterload_null                       0x08001e4f   Thumb Code     2  handlers.o(i.__scatterload_null)
    __scatterload_zeroinit                   0x08001e51   Thumb Code    14  handlers.o(i.__scatterload_zeroinit)
    clr_timer2_flag                          0x08001e61   Thumb Code     8  user_timer.o(i.clr_timer2_flag)
    etharp_cleanup_netif                     0x08001ea5   Thumb Code    42  etharp.o(i.etharp_cleanup_netif)
    etharp_input                             0x08001fd5   Thumb Code   160  etharp.o(i.etharp_input)
    etharp_output                            0x08002075   Thumb Code   224  etharp.o(i.etharp_output)
    etharp_query                             0x080021c1   Thumb Code   232  etharp.o(i.etharp_query)
    etharp_request                           0x08002339   Thumb Code     6  etharp.o(i.etharp_request)
    etharp_tmr                               0x08002365   Thumb Code    92  etharp.o(i.etharp_tmr)
    ethernet_input                           0x08002445   Thumb Code   154  ethernet.o(i.ethernet_input)
    ethernet_output                          0x080024e5   Thumb Code    74  ethernet.o(i.ethernet_output)
    ethernetif_init                          0x08002531   Thumb Code    30  ethernetif.o(i.ethernetif_init)
    ethernetif_input                         0x08002559   Thumb Code    34  ethernetif.o(i.ethernetif_input)
    get_timer2_flag                          0x0800257d   Thumb Code     6  user_timer.o(i.get_timer2_flag)
    icmp_dest_unreach                        0x08002589   Thumb Code     8  icmp.o(i.icmp_dest_unreach)
    icmp_input                               0x08002591   Thumb Code   240  icmp.o(i.icmp_input)
    icmp_time_exceeded                       0x080026f1   Thumb Code     8  icmp.o(i.icmp_time_exceeded)
    ip4_addr_isbroadcast_u32                 0x080026f9   Thumb Code    46  ip4_addr.o(i.ip4_addr_isbroadcast_u32)
    ip4_frag                                 0x08002729   Thumb Code   342  ip4_frag.o(i.ip4_frag)
    ip4_input                                0x08002885   Thumb Code   404  ip4.o(i.ip4_input)
    ip4_output_if                            0x08002a21   Thumb Code    30  ip4.o(i.ip4_output_if)
    ip4_output_if_src                        0x08002a41   Thumb Code   160  ip4.o(i.ip4_output_if_src)
    ip4_reass                                0x08002ae9   Thumb Code   396  ip4_frag.o(i.ip4_reass)
    ip4_route                                0x08002c79   Thumb Code    82  ip4.o(i.ip4_route)
    ip_reass_tmr                             0x08002edd   Thumb Code    40  ip4_frag.o(i.ip_reass_tmr)
    lwip_htonl                               0x08003175   Thumb Code     4  def.o(i.lwip_htonl)
    lwip_htons                               0x08003179   Thumb Code     4  def.o(i.lwip_htons)
    lwip_init                                0x0800317d   Thumb Code    30  init.o(i.lwip_init)
    main                                     0x0800319d   Thumb Code    78  main.o(i.main)
    mem_free                                 0x080031f9   Thumb Code    40  mem.o(i.mem_free)
    mem_init                                 0x08003225   Thumb Code    42  mem.o(i.mem_init)
    mem_malloc                               0x08003259   Thumb Code   162  mem.o(i.mem_malloc)
    mem_trim                                 0x08003301   Thumb Code   200  mem.o(i.mem_trim)
    memp_free                                0x080033cd   Thumb Code    20  memp.o(i.memp_free)
    memp_init                                0x080033e5   Thumb Code    26  memp.o(i.memp_init)
    memp_init_pool                           0x08003405   Thumb Code    42  memp.o(i.memp_init_pool)
    memp_malloc                              0x08003431   Thumb Code    18  memp.o(i.memp_malloc)
    netif_add                                0x08003449   Thumb Code    74  netif.o(i.netif_add)
    netif_init                               0x08003499   Thumb Code     2  netif.o(i.netif_init)
    netif_set_addr                           0x080034b5   Thumb Code    72  netif.o(i.netif_set_addr)
    netif_set_default                        0x080034fd   Thumb Code     6  netif.o(i.netif_set_default)
    netif_set_down                           0x08003509   Thumb Code    26  netif.o(i.netif_set_down)
    netif_set_gw                             0x08003523   Thumb Code     8  netif.o(i.netif_set_gw)
    netif_set_ipaddr                         0x0800352d   Thumb Code    60  netif.o(i.netif_set_ipaddr)
    netif_set_netmask                        0x0800356d   Thumb Code     8  netif.o(i.netif_set_netmask)
    netif_set_up                             0x08003575   Thumb Code    28  netif.o(i.netif_set_up)
    pbuf_alloc                               0x08003591   Thumb Code   290  pbuf.o(i.pbuf_alloc)
    pbuf_alloced_custom                      0x080036b9   Thumb Code    82  pbuf.o(i.pbuf_alloced_custom)
    pbuf_cat                                 0x0800370b   Thumb Code    40  pbuf.o(i.pbuf_cat)
    pbuf_chain                               0x08003733   Thumb Code    18  pbuf.o(i.pbuf_chain)
    pbuf_clen                                0x08003745   Thumb Code    18  pbuf.o(i.pbuf_clen)
    pbuf_copy                                0x08003757   Thumb Code   154  pbuf.o(i.pbuf_copy)
    pbuf_copy_partial                        0x080037f1   Thumb Code   104  pbuf.o(i.pbuf_copy_partial)
    pbuf_free                                0x08003859   Thumb Code    80  pbuf.o(i.pbuf_free)
    pbuf_free_ooseq                          0x080038a9   Thumb Code    34  pbuf.o(i.pbuf_free_ooseq)
    pbuf_header                              0x080038d5   Thumb Code     6  pbuf.o(i.pbuf_header)
    pbuf_header_force                        0x080038db   Thumb Code     6  pbuf.o(i.pbuf_header_force)
    pbuf_realloc                             0x08003945   Thumb Code    84  pbuf.o(i.pbuf_realloc)
    pbuf_ref                                 0x08003999   Thumb Code    12  pbuf.o(i.pbuf_ref)
    pbuf_take                                0x080039a5   Thumb Code    82  pbuf.o(i.pbuf_take)
    sys_check_timeouts                       0x08003a4d   Thumb Code    80  timeouts.o(i.sys_check_timeouts)
    sys_now                                  0x08003aa5   Thumb Code     4  ethernetif.o(i.sys_now)
    sys_timeout                              0x08003aa9   Thumb Code   140  timeouts.o(i.sys_timeout)
    sys_timeouts_init                        0x08003b39   Thumb Code    38  timeouts.o(i.sys_timeouts_init)
    tcp_abandon                              0x08003b6d   Thumb Code   208  tcp.o(i.tcp_abandon)
    tcp_abort                                0x08003c41   Thumb Code     6  tcp.o(i.tcp_abort)
    tcp_alloc                                0x08003c49   Thumb Code   250  tcp.o(i.tcp_alloc)
    tcp_close                                0x08003d51   Thumb Code    20  tcp.o(i.tcp_close)
    tcp_eff_send_mss_impl                    0x08003f61   Thumb Code    34  tcp.o(i.tcp_eff_send_mss_impl)
    tcp_enqueue_flags                        0x08003f83   Thumb Code   144  tcp_out.o(i.tcp_enqueue_flags)
    tcp_fasttmr                              0x08004015   Thumb Code    84  tcp.o(i.tcp_fasttmr)
    tcp_init                                 0x0800409d   Thumb Code     2  tcp.o(i.tcp_init)
    tcp_input                                0x080040a1   Thumb Code   850  tcp_in.o(i.tcp_input)
    tcp_keepalive                            0x0800440d   Thumb Code    82  tcp_out.o(i.tcp_keepalive)
    tcp_netif_ip_addr_changed                0x08004589   Thumb Code    72  tcp.o(i.tcp_netif_ip_addr_changed)
    tcp_next_iss                             0x080045f9   Thumb Code    12  tcp.o(i.tcp_next_iss)
    tcp_output                               0x08004681   Thumb Code   452  tcp_out.o(i.tcp_output)
    tcp_pcb_purge                            0x080049d1   Thumb Code    66  tcp.o(i.tcp_pcb_purge)
    tcp_pcb_remove                           0x08004a13   Thumb Code    80  tcp.o(i.tcp_pcb_remove)
    tcp_process_refused_data                 0x08004dd5   Thumb Code   108  tcp.o(i.tcp_process_refused_data)
    tcp_recv_null                            0x08005505   Thumb Code    36  tcp.o(i.tcp_recv_null)
    tcp_recved                               0x08005529   Thumb Code    66  tcp.o(i.tcp_recved)
    tcp_rexmit                               0x0800556b   Thumb Code    82  tcp_out.o(i.tcp_rexmit)
    tcp_rexmit_fast                          0x080055bd   Thumb Code    92  tcp_out.o(i.tcp_rexmit_fast)
    tcp_rexmit_rto                           0x08005619   Thumb Code    46  tcp_out.o(i.tcp_rexmit_rto)
    tcp_rst                                  0x08005647   Thumb Code   128  tcp_out.o(i.tcp_rst)
    tcp_seg_copy                             0x080056c7   Thumb Code    40  tcp.o(i.tcp_seg_copy)
    tcp_seg_free                             0x080056ef   Thumb Code    28  tcp.o(i.tcp_seg_free)
    tcp_segs_free                            0x0800570b   Thumb Code    18  tcp.o(i.tcp_segs_free)
    tcp_send_empty_ack                       0x0800571d   Thumb Code   114  tcp_out.o(i.tcp_send_empty_ack)
    tcp_send_fin                             0x0800578f   Thumb Code    68  tcp_out.o(i.tcp_send_fin)
    tcp_slowtmr                              0x080057d5   Thumb Code   622  tcp.o(i.tcp_slowtmr)
    tcp_timer_needed                         0x08005a55   Thumb Code    36  timeouts.o(i.tcp_timer_needed)
    tcp_tmr                                  0x08005af1   Thumb Code    28  tcp.o(i.tcp_tmr)
    tcp_trigger_input_pcb_close              0x08005b11   Thumb Code    12  tcp_in.o(i.tcp_trigger_input_pcb_close)
    tcp_update_rcv_ann_wnd                   0x08005b21   Thumb Code    52  tcp.o(i.tcp_update_rcv_ann_wnd)
    tcp_zero_window_probe                    0x08005b55   Thumb Code   180  tcp_out.o(i.tcp_zero_window_probe)
    udp_bind                                 0x08005c41   Thumb Code   164  udp.o(i.udp_bind)
    udp_client_send                          0x08005ced   Thumb Code    48  udp_echoclient.o(i.udp_client_send)
    udp_connect                              0x08005d21   Thumb Code    76  udp.o(i.udp_connect)
    udp_echoclient_connect                   0x08005d71   Thumb Code    56  udp_echoclient.o(i.udp_echoclient_connect)
    udp_init                                 0x08005db9   Thumb Code     2  udp.o(i.udp_init)
    udp_input                                0x08005dbd   Thumb Code   284  udp.o(i.udp_input)
    udp_netif_ip_addr_changed                0x08005ee1   Thumb Code    48  udp.o(i.udp_netif_ip_addr_changed)
    udp_new                                  0x08005f15   Thumb Code    26  udp.o(i.udp_new)
    udp_receive_callback                     0x08005f31   Thumb Code    30  udp_echoclient.o(i.udp_receive_callback)
    udp_recv                                 0x08005f55   Thumb Code     6  udp.o(i.udp_recv)
    udp_send                                 0x08005f5b   Thumb Code    16  udp.o(i.udp_send)
    udp_sendto                               0x08005f6b   Thumb Code    50  udp.o(i.udp_sendto)
    udp_sendto_if                            0x08005f9d   Thumb Code    54  udp.o(i.udp_sendto_if)
    udp_sendto_if_src                        0x08005fd3   Thumb Code   166  udp.o(i.udp_sendto_if_src)
    user_timer_init                          0x08006079   Thumb Code     6  user_timer.o(i.user_timer_init)
    memp_UDP_PCB                             0x08006084   Data          12  memp.o(.constdata)
    memp_TCP_PCB                             0x08006090   Data          12  memp.o(.constdata)
    memp_TCP_PCB_LISTEN                      0x0800609c   Data          12  memp.o(.constdata)
    memp_TCP_SEG                             0x080060a8   Data          12  memp.o(.constdata)
    memp_REASSDATA                           0x080060b4   Data          12  memp.o(.constdata)
    memp_FRAG_PBUF                           0x080060c0   Data          12  memp.o(.constdata)
    memp_SYS_TIMEOUT                         0x080060cc   Data          12  memp.o(.constdata)
    memp_PBUF                                0x080060d8   Data          12  memp.o(.constdata)
    memp_PBUF_POOL                           0x080060e4   Data          12  memp.o(.constdata)
    memp_pools                               0x080060f0   Data          36  memp.o(.constdata)
    lwip_cyclic_timers                       0x08006114   Data          24  timeouts.o(.constdata)
    tcp_pcb_lists                            0x08006170   Data          16  tcp.o(.constdata)
    ip_addr_any                              0x08006180   Data           4  ip4_addr.o(.constdata)
    ethbroadcast                             0x08006184   Data           6  ethernet.o(.constdata)
    ethzero                                  0x0800618a   Data           6  ethernet.o(.constdata)
    AHBPrescTable                            0x08006190   Data          16  system_stm32f1xx.o(.constdata)
    APBPrescTable                            0x080061a0   Data           8  system_stm32f1xx.o(.constdata)
    Region$$Table$$Base                      0x08006220   Number         0  anon$$obj.o(Region$$Table)
    Region$$Table$$Limit                     0x08006240   Number         0  anon$$obj.o(Region$$Table)
    uwTick                                   0x20000000   Data           4  stm32f1xx_hal.o(.data)
    ipaddr                                   0x20000004   Data           4  lwip.o(.data)
    netmask                                  0x20000008   Data           4  lwip.o(.data)
    gw                                       0x2000000c   Data           4  lwip.o(.data)
    IP_ADDRESS                               0x20000010   Data           4  lwip.o(.data)
    NETMASK_ADDRESS                          0x20000014   Data           4  lwip.o(.data)
    GATEWAY_ADDRESS                          0x20000018   Data           4  lwip.o(.data)
    udp_setbuff                              0x2000001c   Data         100  lwip.o(.data)
    message_count                            0x20000080   Data           4  udp_echoclient.o(.data)
    upcb_client                              0x20000084   Data           4  udp_echoclient.o(.data)
    netif_list                               0x20000098   Data           4  netif.o(.data)
    netif_default                            0x2000009c   Data           4  netif.o(.data)
    pbuf_free_ooseq_pending                  0x200000d0   Data           1  pbuf.o(.data)
    udp_pcbs                                 0x200000d8   Data           4  udp.o(.data)
    tcp_active_pcbs_changed                  0x200000e8   Data           1  tcp.o(.data)
    tcp_ticks                                0x200000f4   Data           4  tcp.o(.data)
    tcp_bound_pcbs                           0x200000f8   Data           4  tcp.o(.data)
    tcp_listen_pcbs                          0x200000fc   Data           4  tcp.o(.data)
    tcp_active_pcbs                          0x20000100   Data           4  tcp.o(.data)
    tcp_tw_pcbs                              0x20000104   Data           4  tcp.o(.data)
    tcp_input_pcb                            0x20000128   Data           4  tcp_in.o(.data)
    SystemCoreClock                          0x20000130   Data           4  system_stm32f1xx.o(.data)
    gnetif                                   0x20000134   Data          48  lwip.o(.bss)
    htim2                                    0x20000164   Data          64  main.o(.bss)
    huart2                                   0x200001a4   Data          64  main.o(.bss)
    DMARxDscrTab                             0x200001e4   Data         128  ethernetif.o(.bss)
    DMATxDscrTab                             0x20000264   Data          64  ethernetif.o(.bss)
    Rx_Buff                                  0x200002a4   Data       12192  ethernetif.o(.bss)
    Tx_Buff                                  0x20003244   Data        6096  ethernetif.o(.bss)
    heth                                     0x20004a14   Data          72  ethernetif.o(.bss)
    memp_memory_UDP_PCB_base                 0x20004a5c   Data         131  memp.o(.bss)
    memp_memory_TCP_PCB_base                 0x20004adf   Data         763  memp.o(.bss)
    memp_memory_TCP_PCB_LISTEN_base          0x20004dda   Data         227  memp.o(.bss)
    memp_memory_TCP_SEG_base                 0x20004ebd   Data         259  memp.o(.bss)
    memp_memory_REASSDATA_base               0x20004fc0   Data         163  memp.o(.bss)
    memp_memory_FRAG_PBUF_base               0x20005063   Data         363  memp.o(.bss)
    memp_memory_SYS_TIMEOUT_base             0x200051ce   Data          51  memp.o(.bss)
    memp_memory_PBUF_base                    0x20005201   Data         259  memp.o(.bss)
    memp_memory_PBUF_POOL_base               0x20005304   Data        9731  memp.o(.bss)
    ram_heap                                 0x20007907   Data        1619  mem.o(.bss)
    ip_data                                  0x20007f6c   Data          24  ip.o(.bss)
    __initial_sp                             0x20008478   Data           0  startup_stm32f107xc.o(STACK)



==============================================================================

Memory Map of the image

  Image Entry point : 0x08000151

  Load Region LR_IROM1 (Base: 0x08000000, Size: 0x00006374, Max: 0x00040000, ABSOLUTE, COMPRESSED[0x00006274])

    Execution Region ER_IROM1 (Base: 0x08000000, Size: 0x00006240, Max: 0x00040000, ABSOLUTE)

    Base Addr    Size         Type   Attr      Idx    E Section Name        Object

    0x08000000   0x00000150   Data   RO         5711    RESET               startup_stm32f107xc.o
    0x08000150   0x00000000   Code   RO         5716  * .ARM.Collect$$$$00000000  mc_w.l(entry.o)
    0x08000150   0x00000004   Code   RO         5733    .ARM.Collect$$$$00000001  mc_w.l(entry2.o)
    0x08000154   0x00000004   Code   RO         5736    .ARM.Collect$$$$00000004  mc_w.l(entry5.o)
    0x08000158   0x00000000   Code   RO         5738    .ARM.Collect$$$$00000008  mc_w.l(entry7b.o)
    0x08000158   0x00000000   Code   RO         5740    .ARM.Collect$$$$0000000A  mc_w.l(entry8b.o)
    0x08000158   0x00000008   Code   RO         5741    .ARM.Collect$$$$0000000B  mc_w.l(entry9a.o)
    0x08000160   0x00000000   Code   RO         5743    .ARM.Collect$$$$0000000D  mc_w.l(entry10a.o)
    0x08000160   0x00000000   Code   RO         5745    .ARM.Collect$$$$0000000F  mc_w.l(entry11a.o)
    0x08000160   0x00000004   Code   RO         5734    .ARM.Collect$$$$00002712  mc_w.l(entry2.o)
    0x08000164   0x00000024   Code   RO         5712    .text               startup_stm32f107xc.o
    0x08000188   0x00000024   Code   RO         5721    .text               mc_w.l(memcpya.o)
    0x080001ac   0x00000024   Code   RO         5723    .text               mc_w.l(memseta.o)
    0x080001d0   0x0000001a   Code   RO         5727    .text               mc_w.l(memcmp.o)
    0x080001ea   0x00000002   PAD
    0x080001ec   0x00000024   Code   RO         5747    .text               mc_w.l(init.o)
    0x08000210   0x0000003a   Code   RO         5757    .text               mc_w.l(__dczerorl.o)
    0x0800024a   0x00000002   Code   RO         2717    i.BusFault_Handler  stm32f1xx_it.o
    0x0800024c   0x00000002   Code   RO         2718    i.DebugMon_Handler  stm32f1xx_it.o
    0x0800024e   0x00000002   PAD
    0x08000250   0x00000020   Code   RO         1218    i.ETH_Delay         stm32f1xx_hal_eth.o
    0x08000270   0x0000002e   Code   RO         1219    i.ETH_FlushTransmitFIFO  stm32f1xx_hal_eth.o
    0x0800029e   0x00000002   PAD
    0x080002a0   0x0000000c   Code   RO         2719    i.ETH_IRQHandler    stm32f1xx_it.o
    0x080002ac   0x00000124   Code   RO         1220    i.ETH_MACDMAConfig  stm32f1xx_hal_eth.o
    0x080003d0   0x0000001c   Code   RO           11    i.HAL_Delay         stm32f1xx_hal.o
    0x080003ec   0x00000074   Code   RO         1223    i.HAL_ETH_DMARxDescListInit  stm32f1xx_hal_eth.o
    0x08000460   0x00000078   Code   RO         1224    i.HAL_ETH_DMATxDescListInit  stm32f1xx_hal_eth.o
    0x080004d8   0x00000002   Code   RO         1226    i.HAL_ETH_ErrorCallback  stm32f1xx_hal_eth.o
    0x080004da   0x0000007a   Code   RO         1227    i.HAL_ETH_GetReceivedFrame  stm32f1xx_hal_eth.o
    0x08000554   0x0000007a   Code   RO         1230    i.HAL_ETH_IRQHandler  stm32f1xx_hal_eth.o
    0x080005ce   0x00000002   PAD
    0x080005d0   0x000001a4   Code   RO         1231    i.HAL_ETH_Init      stm32f1xx_hal_eth.o
    0x08000774   0x000000d0   Code   RO         2640    i.HAL_ETH_MspInit   ethernetif.o
    0x08000844   0x00000084   Code   RO         1234    i.HAL_ETH_ReadPHYRegister  stm32f1xx_hal_eth.o
    0x080008c8   0x00000002   Code   RO         1235    i.HAL_ETH_RxCpltCallback  stm32f1xx_hal_eth.o
    0x080008ca   0x00000084   Code   RO         1236    i.HAL_ETH_Start     stm32f1xx_hal_eth.o
    0x0800094e   0x00000108   Code   RO         1238    i.HAL_ETH_TransmitFrame  stm32f1xx_hal_eth.o
    0x08000a56   0x00000002   Code   RO         1239    i.HAL_ETH_TxCpltCallback  stm32f1xx_hal_eth.o
    0x08000a58   0x00000078   Code   RO         1240    i.HAL_ETH_WritePHYRegister  stm32f1xx_hal_eth.o
    0x08000ad0   0x000001bc   Code   RO          607    i.HAL_GPIO_Init     stm32f1xx_hal_gpio.o
    0x08000c8c   0x0000000a   Code   RO          611    i.HAL_GPIO_WritePin  stm32f1xx_hal_gpio.o
    0x08000c96   0x00000002   PAD
    0x08000c98   0x0000000c   Code   RO           15    i.HAL_GetTick       stm32f1xx_hal.o
    0x08000ca4   0x00000010   Code   RO           17    i.HAL_IncTick       stm32f1xx_hal.o
    0x08000cb4   0x00000024   Code   RO           18    i.HAL_Init          stm32f1xx_hal.o
    0x08000cd8   0x00000028   Code   RO           19    i.HAL_InitTick      stm32f1xx_hal.o
    0x08000d00   0x00000084   Code   RO         2591    i.HAL_MspInit       stm32f1xx_hal_msp.o
    0x08000d84   0x00000016   Code   RO          672    i.HAL_NVIC_EnableIRQ  stm32f1xx_hal_cortex.o
    0x08000d9a   0x00000002   PAD
    0x08000d9c   0x00000040   Code   RO          678    i.HAL_NVIC_SetPriority  stm32f1xx_hal_cortex.o
    0x08000ddc   0x00000024   Code   RO          679    i.HAL_NVIC_SetPriorityGrouping  stm32f1xx_hal_cortex.o
    0x08000e00   0x00000154   Code   RO          418    i.HAL_RCC_ClockConfig  stm32f1xx_hal_rcc.o
    0x08000f54   0x0000000c   Code   RO          423    i.HAL_RCC_GetHCLKFreq  stm32f1xx_hal_rcc.o
    0x08000f60   0x00000020   Code   RO          425    i.HAL_RCC_GetPCLK1Freq  stm32f1xx_hal_rcc.o
    0x08000f80   0x00000020   Code   RO          426    i.HAL_RCC_GetPCLK2Freq  stm32f1xx_hal_rcc.o
    0x08000fa0   0x000000a8   Code   RO          427    i.HAL_RCC_GetSysClockFreq  stm32f1xx_hal_rcc.o
    0x08001048   0x00000048   Code   RO          428    i.HAL_RCC_MCOConfig  stm32f1xx_hal_rcc.o
    0x08001090   0x000003c8   Code   RO          430    i.HAL_RCC_OscConfig  stm32f1xx_hal_rcc.o
    0x08001458   0x00000018   Code   RO          681    i.HAL_SYSTICK_CLKSourceConfig  stm32f1xx_hal_cortex.o
    0x08001470   0x00000002   Code   RO          682    i.HAL_SYSTICK_Callback  stm32f1xx_hal_cortex.o
    0x08001472   0x00000028   Code   RO          683    i.HAL_SYSTICK_Config  stm32f1xx_hal_cortex.o
    0x0800149a   0x00000008   Code   RO          684    i.HAL_SYSTICK_IRQHandler  stm32f1xx_hal_cortex.o
    0x080014a2   0x00000002   Code   RO          985    i.HAL_TIMEx_BreakCallback  stm32f1xx_hal_tim_ex.o
    0x080014a4   0x00000002   Code   RO          986    i.HAL_TIMEx_CommutationCallback  stm32f1xx_hal_tim_ex.o
    0x080014a6   0x00000050   Code   RO         1002    i.HAL_TIMEx_MasterConfigSynchronization  stm32f1xx_hal_tim_ex.o
    0x080014f6   0x00000036   Code   RO         1409    i.HAL_TIM_Base_Init  stm32f1xx_hal_tim.o
    0x0800152c   0x00000038   Code   RO         2593    i.HAL_TIM_Base_MspInit  stm32f1xx_hal_msp.o
    0x08001564   0x00000018   Code   RO         1414    i.HAL_TIM_Base_Start_IT  stm32f1xx_hal_tim.o
    0x0800157c   0x000000f2   Code   RO         1418    i.HAL_TIM_ConfigClockSource  stm32f1xx_hal_tim.o
    0x0800166e   0x00000002   Code   RO         1438    i.HAL_TIM_IC_CaptureCallback  stm32f1xx_hal_tim.o
    0x08001670   0x00000166   Code   RO         1451    i.HAL_TIM_IRQHandler  stm32f1xx_hal_tim.o
    0x080017d6   0x00000002   Code   RO         1454    i.HAL_TIM_OC_DelayElapsedCallback  stm32f1xx_hal_tim.o
    0x080017d8   0x00000002   Code   RO         1481    i.HAL_TIM_PWM_PulseFinishedCallback  stm32f1xx_hal_tim.o
    0x080017da   0x00000002   PAD
    0x080017dc   0x00000014   Code   RO         2965    i.HAL_TIM_PeriodElapsedCallback  user_timer.o
    0x080017f0   0x00000002   Code   RO         1492    i.HAL_TIM_TriggerCallback  stm32f1xx_hal_tim.o
    0x080017f2   0x00000062   Code   RO         2063    i.HAL_UART_Init     stm32f1xx_hal_uart.o
    0x08001854   0x00000064   Code   RO         2595    i.HAL_UART_MspInit  stm32f1xx_hal_msp.o
    0x080018b8   0x00000002   Code   RO         2720    i.HardFault_Handler  stm32f1xx_it.o
    0x080018ba   0x00000002   PAD
    0x080018bc   0x0000009c   Code   RO         2535    i.MX_GPIO_Init      main.o
    0x08001958   0x000000a8   Code   RO         2364    i.MX_LWIP_Init      lwip.o
    0x08001a00   0x00000030   Code   RO         2365    i.MX_LWIP_Process   lwip.o
    0x08001a30   0x00000054   Code   RO         2536    i.MX_TIM2_Init      main.o
    0x08001a84   0x00000002   Code   RO         2721    i.MemManage_Handler  stm32f1xx_it.o
    0x08001a86   0x00000002   Code   RO         2722    i.NMI_Handler       stm32f1xx_it.o
    0x08001a88   0x00000020   Code   RO          685    i.NVIC_SetPriority  stm32f1xx_hal_cortex.o
    0x08001aa8   0x00000002   Code   RO         2723    i.PendSV_Handler    stm32f1xx_it.o
    0x08001aaa   0x00000002   Code   RO         2724    i.SVC_Handler       stm32f1xx_it.o
    0x08001aac   0x0000000e   Code   RO         2725    i.SysTick_Handler   stm32f1xx_it.o
    0x08001aba   0x00000002   PAD
    0x08001abc   0x000000ac   Code   RO         2537    i.SystemClock_Config  main.o
    0x08001b68   0x00000054   Code   RO         5675    i.SystemInit        system_stm32f1xx.o
    0x08001bbc   0x0000000c   Code   RO         2726    i.TIM2_IRQHandler   stm32f1xx_it.o
    0x08001bc8   0x0000007c   Code   RO         1493    i.TIM_Base_SetConfig  stm32f1xx_hal_tim.o
    0x08001c44   0x00000014   Code   RO         1500    i.TIM_ETR_SetConfig  stm32f1xx_hal_tim.o
    0x08001c58   0x00000010   Code   RO         1501    i.TIM_ITRx_SetConfig  stm32f1xx_hal_tim.o
    0x08001c68   0x00000022   Code   RO         1507    i.TIM_TI1_ConfigInputStage  stm32f1xx_hal_tim.o
    0x08001c8a   0x00000024   Code   RO         1509    i.TIM_TI2_ConfigInputStage  stm32f1xx_hal_tim.o
    0x08001cae   0x00000002   PAD
    0x08001cb0   0x00000170   Code   RO         2089    i.UART_SetConfig    stm32f1xx_hal_uart.o
    0x08001e20   0x00000002   Code   RO         2727    i.UsageFault_Handler  stm32f1xx_it.o
    0x08001e22   0x00000002   PAD
    0x08001e24   0x0000001c   Code   RO         2805    i.User_notification  app_ethernet.o
    0x08001e40   0x0000000e   Code   RO         5751    i.__scatterload_copy  mc_w.l(handlers.o)
    0x08001e4e   0x00000002   Code   RO         5752    i.__scatterload_null  mc_w.l(handlers.o)
    0x08001e50   0x0000000e   Code   RO         5753    i.__scatterload_zeroinit  mc_w.l(handlers.o)
    0x08001e5e   0x00000002   PAD
    0x08001e60   0x0000000c   Code   RO         2966    i.clr_timer2_flag   user_timer.o
    0x08001e6c   0x0000001c   Code   RO         4476    i.cyclic_timer      timeouts.o
    0x08001e88   0x0000000c   Code   RO         3305    i.do_memp_free_pool  memp.o
    0x08001e94   0x0000000e   Code   RO         3306    i.do_memp_malloc_pool  memp.o
    0x08001ea2   0x00000002   PAD
    0x08001ea4   0x00000030   Code   RO         5239    i.etharp_cleanup_netif  etharp.o
    0x08001ed4   0x000000dc   Code   RO         5241    i.etharp_find_entry  etharp.o
    0x08001fb0   0x00000024   Code   RO         5242    i.etharp_free_entry  etharp.o
    0x08001fd4   0x000000a0   Code   RO         5244    i.etharp_input      etharp.o
    0x08002074   0x000000ec   Code   RO         5245    i.etharp_output     etharp.o
    0x08002160   0x00000060   Code   RO         5246    i.etharp_output_to_arp_index  etharp.o
    0x080021c0   0x000000f0   Code   RO         5247    i.etharp_query      etharp.o
    0x080022b0   0x00000088   Code   RO         5248    i.etharp_raw        etharp.o
    0x08002338   0x0000000c   Code   RO         5249    i.etharp_request    etharp.o
    0x08002344   0x00000020   Code   RO         5250    i.etharp_request_dst  etharp.o
    0x08002364   0x00000060   Code   RO         5251    i.etharp_tmr        etharp.o
    0x080023c4   0x00000080   Code   RO         5252    i.etharp_update_arp_entry  etharp.o
    0x08002444   0x000000a0   Code   RO         5450    i.ethernet_input    ethernet.o
    0x080024e4   0x0000004a   Code   RO         5451    i.ethernet_output   ethernet.o
    0x0800252e   0x00000002   PAD
    0x08002530   0x00000028   Code   RO         2641    i.ethernetif_init   ethernetif.o
    0x08002558   0x00000022   Code   RO         2642    i.ethernetif_input  ethernetif.o
    0x0800257a   0x00000002   PAD
    0x0800257c   0x0000000c   Code   RO         2967    i.get_timer2_flag   user_timer.o
    0x08002588   0x00000008   Code   RO         3264    i.icmp_dest_unreach  icmp.o
    0x08002590   0x000000f4   Code   RO         3265    i.icmp_input        icmp.o
    0x08002684   0x0000006c   Code   RO         3266    i.icmp_send_response  icmp.o
    0x080026f0   0x00000008   Code   RO         3267    i.icmp_time_exceeded  icmp.o
    0x080026f8   0x0000002e   Code   RO         4947    i.ip4_addr_isbroadcast_u32  ip4_addr.o
    0x08002726   0x00000002   PAD
    0x08002728   0x0000015c   Code   RO         3009    i.ip4_frag          ip4_frag.o
    0x08002884   0x0000019c   Code   RO         5487    i.ip4_input         ip4.o
    0x08002a20   0x0000001e   Code   RO         5489    i.ip4_output_if     ip4.o
    0x08002a3e   0x00000002   PAD
    0x08002a40   0x000000a8   Code   RO         5490    i.ip4_output_if_src  ip4.o
    0x08002ae8   0x00000190   Code   RO         3010    i.ip4_reass         ip4_frag.o
    0x08002c78   0x0000005c   Code   RO         5491    i.ip4_route         ip4.o
    0x08002cd4   0x00000008   Code   RO         3011    i.ip_frag_free_pbuf_custom_ref  ip4_frag.o
    0x08002cdc   0x000000ec   Code   RO         3012    i.ip_reass_chain_frag_into_datagram_and_validate  ip4_frag.o
    0x08002dc8   0x00000024   Code   RO         3013    i.ip_reass_dequeue_datagram  ip4_frag.o
    0x08002dec   0x00000070   Code   RO         3014    i.ip_reass_free_complete_datagram  ip4_frag.o
    0x08002e5c   0x00000080   Code   RO         3015    i.ip_reass_remove_oldest_datagram  ip4_frag.o
    0x08002edc   0x0000002c   Code   RO         3016    i.ip_reass_tmr      ip4_frag.o
    0x08002f08   0x00000016   Code   RO         3017    i.ipfrag_free_pbuf_custom  ip4_frag.o
    0x08002f1e   0x00000002   PAD
    0x08002f20   0x000000f0   Code   RO         2643    i.low_level_init    ethernetif.o
    0x08003010   0x000000bc   Code   RO         2644    i.low_level_input   ethernetif.o
    0x080030cc   0x000000a8   Code   RO         2645    i.low_level_output  ethernetif.o
    0x08003174   0x00000004   Code   RO         3563    i.lwip_htonl        def.o
    0x08003178   0x00000004   Code   RO         3564    i.lwip_htons        def.o
    0x0800317c   0x0000001e   Code   RO         3083    i.lwip_init         init.o
    0x0800319a   0x00000002   PAD
    0x0800319c   0x0000005c   Code   RO         2539    i.main              main.o
    0x080031f8   0x0000002c   Code   RO         3748    i.mem_free          mem.o
    0x08003224   0x00000034   Code   RO         3749    i.mem_init          mem.o
    0x08003258   0x000000a8   Code   RO         3750    i.mem_malloc        mem.o
    0x08003300   0x000000cc   Code   RO         3751    i.mem_trim          mem.o
    0x080033cc   0x00000018   Code   RO         3307    i.memp_free         memp.o
    0x080033e4   0x00000020   Code   RO         3309    i.memp_init         memp.o
    0x08003404   0x0000002a   Code   RO         3310    i.memp_init_pool    memp.o
    0x0800342e   0x00000002   PAD
    0x08003430   0x00000018   Code   RO         3311    i.memp_malloc       memp.o
    0x08003448   0x00000050   Code   RO         3147    i.netif_add         netif.o
    0x08003498   0x00000002   Code   RO         3149    i.netif_init        netif.o
    0x0800349a   0x0000001a   Code   RO         3151    i.netif_issue_reports  netif.o
    0x080034b4   0x00000048   Code   RO         3153    i.netif_set_addr    netif.o
    0x080034fc   0x0000000c   Code   RO         3154    i.netif_set_default  netif.o
    0x08003508   0x0000001a   Code   RO         3155    i.netif_set_down    netif.o
    0x08003522   0x00000008   Code   RO         3156    i.netif_set_gw      netif.o
    0x0800352a   0x00000002   PAD
    0x0800352c   0x00000040   Code   RO         3157    i.netif_set_ipaddr  netif.o
    0x0800356c   0x00000008   Code   RO         3160    i.netif_set_netmask  netif.o
    0x08003574   0x0000001c   Code   RO         3161    i.netif_set_up      netif.o
    0x08003590   0x00000128   Code   RO         3930    i.pbuf_alloc        pbuf.o
    0x080036b8   0x00000052   Code   RO         3931    i.pbuf_alloced_custom  pbuf.o
    0x0800370a   0x00000028   Code   RO         3932    i.pbuf_cat          pbuf.o
    0x08003732   0x00000012   Code   RO         3933    i.pbuf_chain        pbuf.o
    0x08003744   0x00000012   Code   RO         3934    i.pbuf_clen         pbuf.o
    0x08003756   0x0000009a   Code   RO         3936    i.pbuf_copy         pbuf.o
    0x080037f0   0x00000068   Code   RO         3937    i.pbuf_copy_partial  pbuf.o
    0x08003858   0x00000050   Code   RO         3939    i.pbuf_free         pbuf.o
    0x080038a8   0x0000002c   Code   RO         3940    i.pbuf_free_ooseq   pbuf.o
    0x080038d4   0x00000006   Code   RO         3942    i.pbuf_header       pbuf.o
    0x080038da   0x00000006   Code   RO         3943    i.pbuf_header_force  pbuf.o
    0x080038e0   0x00000064   Code   RO         3944    i.pbuf_header_impl  pbuf.o
    0x08003944   0x00000054   Code   RO         3948    i.pbuf_realloc      pbuf.o
    0x08003998   0x0000000c   Code   RO         3949    i.pbuf_ref          pbuf.o
    0x080039a4   0x00000052   Code   RO         3953    i.pbuf_take         pbuf.o
    0x080039f6   0x00000002   PAD
    0x080039f8   0x00000054   Code   RO         3752    i.plug_holes        mem.o
    0x08003a4c   0x00000058   Code   RO         4477    i.sys_check_timeouts  timeouts.o
    0x08003aa4   0x00000004   Code   RO         2647    i.sys_now           ethernetif.o
    0x08003aa8   0x00000090   Code   RO         4479    i.sys_timeout       timeouts.o
    0x08003b38   0x00000034   Code   RO         4480    i.sys_timeouts_init  timeouts.o
    0x08003b6c   0x000000d4   Code   RO         4574    i.tcp_abandon       tcp.o
    0x08003c40   0x00000006   Code   RO         4575    i.tcp_abort         tcp.o
    0x08003c46   0x00000002   PAD
    0x08003c48   0x00000108   Code   RO         4578    i.tcp_alloc         tcp.o
    0x08003d50   0x00000014   Code   RO         4581    i.tcp_close         tcp.o
    0x08003d64   0x00000164   Code   RO         4582    i.tcp_close_shutdown  tcp.o
    0x08003ec8   0x00000098   Code   RO         3441    i.tcp_create_segment  tcp_out.o
    0x08003f60   0x00000022   Code   RO         4585    i.tcp_eff_send_mss_impl  tcp.o
    0x08003f82   0x00000090   Code   RO         3442    i.tcp_enqueue_flags  tcp_out.o
    0x08004012   0x00000002   PAD
    0x08004014   0x00000058   Code   RO         4587    i.tcp_fasttmr       tcp.o
    0x0800406c   0x00000030   Code   RO         5103    i.tcp_getoptbyte    tcp_in.o
    0x0800409c   0x00000002   Code   RO         4588    i.tcp_init          tcp.o
    0x0800409e   0x00000002   PAD
    0x080040a0   0x0000036c   Code   RO         5104    i.tcp_input         tcp_in.o
    0x0800440c   0x00000052   Code   RO         3443    i.tcp_keepalive     tcp_out.o
    0x0800445e   0x00000002   PAD
    0x08004460   0x0000003c   Code   RO         4589    i.tcp_kill_state    tcp.o
    0x0800449c   0x000000ec   Code   RO         5105    i.tcp_listen_input  tcp_in.o
    0x08004588   0x0000004c   Code   RO         4591    i.tcp_netif_ip_addr_changed  tcp.o
    0x080045d4   0x00000022   Code   RO         4592    i.tcp_netif_ip_addr_changed_pcblist  tcp.o
    0x080045f6   0x00000002   PAD
    0x080045f8   0x00000010   Code   RO         4596    i.tcp_next_iss      tcp.o
    0x08004608   0x00000078   Code   RO         5106    i.tcp_oos_insert_segment  tcp_in.o
    0x08004680   0x000001c8   Code   RO         3444    i.tcp_output        tcp_out.o
    0x08004848   0x0000006a   Code   RO         3445    i.tcp_output_alloc_header  tcp_out.o
    0x080048b2   0x00000002   PAD
    0x080048b4   0x000000a8   Code   RO         3446    i.tcp_output_segment  tcp_out.o
    0x0800495c   0x00000074   Code   RO         5107    i.tcp_parseopt      tcp_in.o
    0x080049d0   0x00000042   Code   RO         4597    i.tcp_pcb_purge     tcp.o
    0x08004a12   0x00000050   Code   RO         4598    i.tcp_pcb_remove    tcp.o
    0x08004a62   0x00000002   PAD
    0x08004a64   0x00000370   Code   RO         5108    i.tcp_process       tcp_in.o
    0x08004dd4   0x0000006c   Code   RO         4600    i.tcp_process_refused_data  tcp.o
    0x08004e40   0x000006c4   Code   RO         5109    i.tcp_receive       tcp_in.o
    0x08005504   0x00000024   Code   RO         4602    i.tcp_recv_null     tcp.o
    0x08005528   0x00000042   Code   RO         4603    i.tcp_recved        tcp.o
    0x0800556a   0x00000052   Code   RO         3448    i.tcp_rexmit        tcp_out.o
    0x080055bc   0x0000005c   Code   RO         3449    i.tcp_rexmit_fast   tcp_out.o
    0x08005618   0x0000002e   Code   RO         3450    i.tcp_rexmit_rto    tcp_out.o
    0x08005646   0x00000080   Code   RO         3451    i.tcp_rst           tcp_out.o
    0x080056c6   0x00000028   Code   RO         4604    i.tcp_seg_copy      tcp.o
    0x080056ee   0x0000001c   Code   RO         4605    i.tcp_seg_free      tcp.o
    0x0800570a   0x00000012   Code   RO         4606    i.tcp_segs_free     tcp.o
    0x0800571c   0x00000072   Code   RO         3452    i.tcp_send_empty_ack  tcp_out.o
    0x0800578e   0x00000044   Code   RO         3453    i.tcp_send_fin      tcp_out.o
    0x080057d2   0x00000002   PAD
    0x080057d4   0x00000280   Code   RO         4610    i.tcp_slowtmr       tcp.o
    0x08005a54   0x00000034   Code   RO         4483    i.tcp_timer_needed  timeouts.o
    0x08005a88   0x00000068   Code   RO         5110    i.tcp_timewait_input  tcp_in.o
    0x08005af0   0x00000020   Code   RO         4611    i.tcp_tmr           tcp.o
    0x08005b10   0x00000010   Code   RO         5111    i.tcp_trigger_input_pcb_close  tcp_in.o
    0x08005b20   0x00000034   Code   RO         4613    i.tcp_update_rcv_ann_wnd  tcp.o
    0x08005b54   0x000000b4   Code   RO         3455    i.tcp_zero_window_probe  tcp_out.o
    0x08005c08   0x00000038   Code   RO         4484    i.tcpip_tcp_timer   timeouts.o
    0x08005c40   0x000000ac   Code   RO         4300    i.udp_bind          udp.o
    0x08005cec   0x00000034   Code   RO         2856    i.udp_client_send   udp_echoclient.o
    0x08005d20   0x00000050   Code   RO         4301    i.udp_connect       udp.o
    0x08005d70   0x00000048   Code   RO         2857    i.udp_echoclient_connect  udp_echoclient.o
    0x08005db8   0x00000002   Code   RO         4303    i.udp_init          udp.o
    0x08005dba   0x00000002   PAD
    0x08005dbc   0x00000124   Code   RO         4304    i.udp_input         udp.o
    0x08005ee0   0x00000034   Code   RO         4305    i.udp_netif_ip_addr_changed  udp.o
    0x08005f14   0x0000001a   Code   RO         4306    i.udp_new           udp.o
    0x08005f2e   0x00000002   PAD
    0x08005f30   0x00000024   Code   RO         2859    i.udp_receive_callback  udp_echoclient.o
    0x08005f54   0x00000006   Code   RO         4308    i.udp_recv          udp.o
    0x08005f5a   0x00000010   Code   RO         4310    i.udp_send          udp.o
    0x08005f6a   0x00000032   Code   RO         4311    i.udp_sendto        udp.o
    0x08005f9c   0x00000036   Code   RO         4312    i.udp_sendto_if     udp.o
    0x08005fd2   0x000000a6   Code   RO         4313    i.udp_sendto_if_src  udp.o
    0x08006078   0x0000000c   Code   RO         2968    i.user_timer_init   user_timer.o
    0x08006084   0x0000000c   Data   RO         3322    .constdata          memp.o
    0x08006090   0x0000000c   Data   RO         3323    .constdata          memp.o
    0x0800609c   0x0000000c   Data   RO         3324    .constdata          memp.o
    0x080060a8   0x0000000c   Data   RO         3325    .constdata          memp.o
    0x080060b4   0x0000000c   Data   RO         3326    .constdata          memp.o
    0x080060c0   0x0000000c   Data   RO         3327    .constdata          memp.o
    0x080060cc   0x0000000c   Data   RO         3328    .constdata          memp.o
    0x080060d8   0x0000000c   Data   RO         3329    .constdata          memp.o
    0x080060e4   0x0000000c   Data   RO         3330    .constdata          memp.o
    0x080060f0   0x00000024   Data   RO         3331    .constdata          memp.o
    0x08006114   0x00000018   Data   RO         4485    .constdata          timeouts.o
    0x0800612c   0x00000054   Data   RO         4614    .constdata          tcp.o
    0x08006180   0x00000004   Data   RO         4954    .constdata          ip4_addr.o
    0x08006184   0x00000006   Data   RO         5452    .constdata          ethernet.o
    0x0800618a   0x00000006   Data   RO         5453    .constdata          ethernet.o
    0x08006190   0x00000010   Data   RO         5676    .constdata          system_stm32f1xx.o
    0x080061a0   0x00000008   Data   RO         5677    .constdata          system_stm32f1xx.o
    0x080061a8   0x00000075   Data   RO         4615    .conststring        tcp.o
    0x0800621d   0x00000003   PAD
    0x08006220   0x00000020   Data   RO         5749    Region$$Table       anon$$obj.o


    Execution Region RW_IRAM1 (Base: 0x20000000, Size: 0x00008478, Max: 0x00010000, ABSOLUTE, COMPRESSED[0x00000034])

    Base Addr    Size         Type   Attr      Idx    E Section Name        Object

    0x20000000   0x00000004   Data   RW           24    .data               stm32f1xx_hal.o
    0x20000004   0x0000007c   Data   RW         2371    .data               lwip.o
    0x20000080   0x00000008   Data   RW         2863    .data               udp_echoclient.o
    0x20000088   0x00000001   Data   RW         2969    .data               user_timer.o
    0x20000089   0x00000003   PAD
    0x2000008c   0x00000008   Data   RW         3018    .data               ip4_frag.o
    0x20000094   0x0000000c   Data   RW         3162    .data               netif.o
    0x200000a0   0x00000004   Data   RW         3332    .data               memp.o
    0x200000a4   0x00000004   Data   RW         3333    .data               memp.o
    0x200000a8   0x00000004   Data   RW         3334    .data               memp.o
    0x200000ac   0x00000004   Data   RW         3335    .data               memp.o
    0x200000b0   0x00000004   Data   RW         3336    .data               memp.o
    0x200000b4   0x00000004   Data   RW         3337    .data               memp.o
    0x200000b8   0x00000004   Data   RW         3338    .data               memp.o
    0x200000bc   0x00000004   Data   RW         3339    .data               memp.o
    0x200000c0   0x00000004   Data   RW         3340    .data               memp.o
    0x200000c4   0x0000000c   Data   RW         3754    .data               mem.o
    0x200000d0   0x00000001   Data   RW         3956    .data               pbuf.o
    0x200000d1   0x00000003   PAD
    0x200000d4   0x00000008   Data   RW         4314    .data               udp.o
    0x200000dc   0x0000000c   Data   RW         4486    .data               timeouts.o
    0x200000e8   0x00000020   Data   RW         4616    .data               tcp.o
    0x20000108   0x00000024   Data   RW         5113    .data               tcp_in.o
    0x2000012c   0x00000001   Data   RW         5254    .data               etharp.o
    0x2000012d   0x00000001   PAD
    0x2000012e   0x00000002   Data   RW         5492    .data               ip4.o
    0x20000130   0x00000004   Data   RW         5678    .data               system_stm32f1xx.o
    0x20000134   0x00000030   Zero   RW         2370    .bss                lwip.o
    0x20000164   0x00000080   Zero   RW         2540    .bss                main.o
    0x200001e4   0x00004878   Zero   RW         2648    .bss                ethernetif.o
    0x20004a5c   0x00000083   Zero   RW         3313    .bss                memp.o
    0x20004adf   0x000002fb   Zero   RW         3314    .bss                memp.o
    0x20004dda   0x000000e3   Zero   RW         3315    .bss                memp.o
    0x20004ebd   0x00000103   Zero   RW         3316    .bss                memp.o
    0x20004fc0   0x000000a3   Zero   RW         3317    .bss                memp.o
    0x20005063   0x0000016b   Zero   RW         3318    .bss                memp.o
    0x200051ce   0x00000033   Zero   RW         3319    .bss                memp.o
    0x20005201   0x00000103   Zero   RW         3320    .bss                memp.o
    0x20005304   0x00002603   Zero   RW         3321    .bss                memp.o
    0x20007907   0x00000653   Zero   RW         3753    .bss                mem.o
    0x20007f5a   0x00000002   PAD
    0x20007f5c   0x00000010   Zero   RW         5112    .bss                tcp_in.o
    0x20007f6c   0x00000018   Zero   RW         5215    .bss                ip.o
    0x20007f84   0x000000f0   Zero   RW         5253    .bss                etharp.o
    0x20008074   0x00000004   PAD
    0x20008078   0x00000400   Zero   RW         5709    STACK               startup_stm32f107xc.o


==============================================================================

Image component sizes


      Code (inc. data)   RO Data    RW Data    ZI Data      Debug   Object Name

        28          4          0          0          0        504   app_ethernet.o
         8          0          0          0          0       1050   def.o
      1440         56          0          1        240      10719   etharp.o
       234          6         12          0          0       2482   ethernet.o
       882         66          0          0      18552       5714   ethernetif.o
       368          4          0          0          0       3290   icmp.o
        30          0          0          0          0      10655   init.o
         0          0          0          0         24       3090   ip.o
       702         26          0          2          0       4404   ip4.o
        46          0          4          0          0       6882   ip4_addr.o
      1334         36          0          8          0       9322   ip4_frag.o
       216         28          0        124         48      19380   lwip.o
       504         42          0          0        128       3600   main.o
       552         30          0         12       1619       4965   mem.o
       148         16        144         36      11947       9870   memp.o
       326         16          0         12          0       9149   netif.o
      1126         28          0          1          0      21908   pbuf.o
        36          8        336          0       1024        796   startup_stm32f107xc.o
       132         22          0          4          0     678111   stm32f1xx_hal.o
       228         14          0          0          0      27285   stm32f1xx_hal_cortex.o
      1924         52          0          0          0      12350   stm32f1xx_hal_eth.o
       454         36          0          0          0       2632   stm32f1xx_hal_gpio.o
       288         32          0          0          0       2172   stm32f1xx_hal_msp.o
      1624        126          0          0          0       6564   stm32f1xx_hal_rcc.o
       916         18          0          0          0       9335   stm32f1xx_hal_tim.o
        84          0          0          0          0       2394   stm32f1xx_hal_tim_ex.o
       466          4          0          0          0       1940   stm32f1xx_hal_uart.o
        54         12          0          0          0       4997   stm32f1xx_it.o
        84         16         24          4          0       1251   system_stm32f1xx.o
      2334         78        201         32          0      26439   tcp.o
      4128        130          0         36         16      18751   tcp_in.o
      1818          8          0          0          0      10799   tcp_out.o
       420         64         24         12          0       5555   timeouts.o
       916         24          0          8          0      10270   udp.o
       160         26          0          8          0       5846   udp_echoclient.o
        56         20          0          1          0       2490   user_timer.o

    ----------------------------------------------------------------------
     24126       1048        780        308      33604     956961   Object Totals
         0          0         32          0          0          0   (incl. Generated)
        60          0          3          7          6          0   (incl. Padding)

    ----------------------------------------------------------------------

      Code (inc. data)   RO Data    RW Data    ZI Data      Debug   Library Member Name

        58          0          0          0          0          0   __dczerorl.o
         0          0          0          0          0          0   entry.o
         0          0          0          0          0          0   entry10a.o
         0          0          0          0          0          0   entry11a.o
         8          4          0          0          0          0   entry2.o
         4          0          0          0          0          0   entry5.o
         0          0          0          0          0          0   entry7b.o
         0          0          0          0          0          0   entry8b.o
         8          4          0          0          0          0   entry9a.o
        30          0          0          0          0          0   handlers.o
        36          8          0          0          0         68   init.o
        26          0          0          0          0         80   memcmp.o
        36          0          0          0          0         68   memcpya.o
        36          0          0          0          0        108   memseta.o

    ----------------------------------------------------------------------
       246         16          0          0          0        324   Library Totals
         4          0          0          0          0          0   (incl. Padding)

    ----------------------------------------------------------------------

      Code (inc. data)   RO Data    RW Data    ZI Data      Debug   Library Name

       242         16          0          0          0        324   mc_w.l

    ----------------------------------------------------------------------
       246         16          0          0          0        324   Library Totals

    ----------------------------------------------------------------------

==============================================================================


      Code (inc. data)   RO Data    RW Data    ZI Data      Debug   

     24372       1064        780        308      33604     946025   Grand Totals
     24372       1064        780         52      33604     946025   ELF Image Totals (compressed)
     24372       1064        780         52          0          0   ROM Totals

==============================================================================

    Total RO  Size (Code + RO Data)                25152 (  24.56kB)
    Total RW  Size (RW Data + ZI Data)             33912 (  33.12kB)
    Total ROM Size (Code + RO Data + RW Data)      25204 (  24.61kB)

==============================================================================

