<html>
<body>
<pre>
<h1>µVision Build Log</h1>
<h2>Tool Versions:</h2>
IDE-Version: ¦ÌVision V5.14.0.0
Copyright (C) 2015 ARM Ltd and ARM Germany GmbH. All rights reserved.
License Information: SHUQEE8006 SHUQEE8006, SHUQEE8006, LIC=BL263-ABBBB-349ST-R93YL-QB6KZ-QSEWQ
 
Tool Versions:
Toolchain:       MDK-ARM Professional  Version: 5.14.0.0
Toolchain Path:  C:\Keil_v5\ARM\ARMCC\Bin
C Compiler:      Armcc.exe V5.05 update 1 (build 106)
Assembler:       Armasm.exe V5.05 update 1 (build 106)
Linker/Locator:  ArmLink.exe V5.05 update 1 (build 106)
Library Manager: ArmAr.exe V5.05 update 1 (build 106)
Hex Converter:   FromElf.exe V5.05 update 1 (build 106)
CPU DLL:         SARMCM3.DLL V5.14.0.0
Dialog DLL:      DCM.DLL V1.13.1.0
Target DLL:      STLink\ST-LINKIII-KEIL_SWO.dll V2.0.14.0_KEIL
Dialog DLL:      TCM.DLL V1.14.4.0
 
<h2>Project:</h2>
C:\Users\SHUQUEE8006\Desktop\zhao_cube_study\si4463-stm32-¿âº¯Êý\Demo_SI4438_Stm32F103\Project_SI4438\Project_4438.uvprojx
Project File Date:  02/14/2019

<h2>Output:</h2>
Build target 'SI4438'
compiling main.c...
compiling drv_SI4438.c...
compiling drv_delay.c...
compiling drv_spi.c...
compiling drv_io.c...
linking...
Program Size: Code=6630 RO-data=1214 RW-data=32 ZI-data=1704  
FromELF: creating hex file...
"..\output\Project_4438.axf" - 0 Error(s), 0 Warning(s).

<h2>Collection of Component include folders:</h2>
  C:\Users\SHUQUEE8006\Desktop\zhao_cube_study\si4463-stm32-¿âº¯Êý\Demo_SI4438_Stm32F103\Project_SI4438\RTE
  C:\Keil_v5\ARM\PACK\Keil\STM32F1xx_DFP\2.2.0

<h2>Collection of Component Files used:</h2>
</pre>
</body>
</html>
