Component: ARM Compiler 5.05 update 1 (build 106) Tool: armlink [4d0efa]

==============================================================================

Section Cross References

    main.o(i.dmx_init) refers to main.o(.bss) for g_SI4463RxBuffer
    main.o(i.dmx_sendpacket) refers to main.o(i.gpio_tx_config) for gpio_tx_config
    main.o(i.dmx_sendpacket) refers to stm32f10x_gpio.o(i.GPIO_WriteBit) for GPIO_WriteBit
    main.o(i.dmx_sendpacket) refers to drv_delay.o(i.drv_delay_us) for drv_delay_us
    main.o(i.dmx_sendpacket) refers to main.o(.data) for pDMX_buf
    main.o(i.dmx_sendpacket) refers to main.o(.bss) for g_SI4463RxBuffer
    main.o(i.gpio_tx_config) refers to stm32f10x_gpio.o(i.GPIO_Init) for GPIO_Init
    main.o(i.invailid_preamble) refers to drv_si4438.o(i.SI446x_Init) for SI446x_Init
    main.o(i.invailid_preamble) refers to user_flash.o(i.user_flash_write) for user_flash_write
    main.o(i.invailid_preamble) refers to main.o(.data) for channel
    main.o(i.main) refers to drv_uart.o(i.drv_uart_init) for drv_uart_init
    main.o(i.main) refers to drv_delay.o(i.drv_delay_init) for drv_delay_init
    main.o(i.main) refers to drv_led.o(i.drv_led_init) for drv_led_init
    main.o(i.main) refers to drv_spi.o(i.drv_spi_init) for drv_spi_init
    main.o(i.main) refers to user_flash.o(i.channle_read_data) for channle_read_data
    main.o(i.main) refers to drv_si4438.o(i.SI446x_Init) for SI446x_Init
    main.o(i.main) refers to drv_led.o(i.drv_led_off) for drv_led_off
    main.o(i.main) refers to main.o(i.dmx_init) for dmx_init
    main.o(i.main) refers to drv_led.o(i.drv_led_flashing) for drv_led_flashing
    main.o(i.main) refers to drv_delay.o(i.drv_delay_500Ms) for drv_delay_500Ms
    main.o(i.main) refers to main.o(i.dmx_sendpacket) for dmx_sendpacket
    main.o(i.main) refers to drv_delay.o(i.drv_delay_ms) for drv_delay_ms
    main.o(i.main) refers to main.o(.data) for channel
    user_flash.o(i.user_flash_write) refers to stm32f10x_flash.o(i.FLASH_Unlock) for FLASH_Unlock
    user_flash.o(i.user_flash_write) refers to stm32f10x_flash.o(i.FLASH_ErasePage) for FLASH_ErasePage
    user_flash.o(i.user_flash_write) refers to stm32f10x_flash.o(i.FLASH_ProgramHalfWord) for FLASH_ProgramHalfWord
    user_flash.o(i.user_flash_write) refers to stm32f10x_flash.o(i.FLASH_Lock) for FLASH_Lock
    drv_si4438.o(i.SI446x_Change_Status) refers to drv_si4438.o(i.SI446x_Write_Cmds) for SI446x_Write_Cmds
    drv_si4438.o(i.SI446x_Config_Gpio) refers to drv_si4438.o(i.SI446x_Write_Cmds) for SI446x_Write_Cmds
    drv_si4438.o(i.SI446x_Config_Gpio) refers to drv_si4438.o(i.SI446x_Read_Response) for SI446x_Read_Response
    drv_si4438.o(i.SI446x_Config_Init) refers to drv_si4438.o(i.SI446x_Write_Cmds) for SI446x_Write_Cmds
    drv_si4438.o(i.SI446x_Config_Init) refers to drv_si4438.o(i.SI446x_Set_Property_1) for SI446x_Set_Property_1
    drv_si4438.o(i.SI446x_Config_Init) refers to drv_si4438.o(i.SI446x_Config_Gpio) for SI446x_Config_Gpio
    drv_si4438.o(i.SI446x_Config_Init) refers to drv_si4438.o(.constdata) for config_table
    drv_si4438.o(i.SI446x_Config_Init) refers to main.o(.data) for channel
    drv_si4438.o(i.SI446x_Get_Device_Status) refers to drv_si4438.o(i.SI446x_Write_Cmds) for SI446x_Write_Cmds
    drv_si4438.o(i.SI446x_Get_Device_Status) refers to drv_si4438.o(i.SI446x_Read_Response) for SI446x_Read_Response
    drv_si4438.o(i.SI446x_Get_Fifo_Information) refers to drv_si4438.o(i.SI446x_Write_Cmds) for SI446x_Write_Cmds
    drv_si4438.o(i.SI446x_Get_Fifo_Information) refers to drv_si4438.o(i.SI446x_Read_Response) for SI446x_Read_Response
    drv_si4438.o(i.SI446x_Get_Fun_Informatoin) refers to drv_si4438.o(i.SI446x_Write_Cmds) for SI446x_Write_Cmds
    drv_si4438.o(i.SI446x_Get_Fun_Informatoin) refers to drv_si4438.o(i.SI446x_Read_Response) for SI446x_Read_Response
    drv_si4438.o(i.SI446x_Get_Packet_Information) refers to drv_si4438.o(i.SI446x_Write_Cmds) for SI446x_Write_Cmds
    drv_si4438.o(i.SI446x_Get_Packet_Information) refers to drv_si4438.o(i.SI446x_Read_Response) for SI446x_Read_Response
    drv_si4438.o(i.SI446x_Get_Part_Informatoin) refers to drv_si4438.o(i.SI446x_Write_Cmds) for SI446x_Write_Cmds
    drv_si4438.o(i.SI446x_Get_Part_Informatoin) refers to drv_si4438.o(i.SI446x_Read_Response) for SI446x_Read_Response
    drv_si4438.o(i.SI446x_Get_Property) refers to drv_si4438.o(i.SI446x_Write_Cmds) for SI446x_Write_Cmds
    drv_si4438.o(i.SI446x_Get_Property) refers to drv_si4438.o(i.SI446x_Read_Response) for SI446x_Read_Response
    drv_si4438.o(i.SI446x_Get_Property_1) refers to drv_si4438.o(i.SI446x_Write_Cmds) for SI446x_Write_Cmds
    drv_si4438.o(i.SI446x_Get_Property_1) refers to drv_si4438.o(i.SI446x_Read_Response) for SI446x_Read_Response
    drv_si4438.o(i.SI446x_Gpio_Init) refers to stm32f10x_rcc.o(i.RCC_APB2PeriphClockCmd) for RCC_APB2PeriphClockCmd
    drv_si4438.o(i.SI446x_Gpio_Init) refers to stm32f10x_gpio.o(i.GPIO_Init) for GPIO_Init
    drv_si4438.o(i.SI446x_Gpio_Init) refers to stm32f10x_gpio.o(i.GPIO_ResetBits) for GPIO_ResetBits
    drv_si4438.o(i.SI446x_Init) refers to drv_si4438.o(i.SI446x_Gpio_Init) for SI446x_Gpio_Init
    drv_si4438.o(i.SI446x_Init) refers to drv_si4438.o(i.SI446x_Reset) for SI446x_Reset
    drv_si4438.o(i.SI446x_Init) refers to drv_si4438.o(i.SI446x_Power_Up) for SI446x_Power_Up
    drv_si4438.o(i.SI446x_Init) refers to drv_si4438.o(i.SI446x_Config_Init) for SI446x_Config_Init
    drv_si4438.o(i.SI446x_Init) refers to drv_si4438.o(i.SI446x_Set_Power) for SI446x_Set_Power
    drv_si4438.o(i.SI446x_Init) refers to drv_si4438.o(i.SI446x_Change_Status) for SI446x_Change_Status
    drv_si4438.o(i.SI446x_Init) refers to drv_si4438.o(i.SI446x_Get_Device_Status) for SI446x_Get_Device_Status
    drv_si4438.o(i.SI446x_Init) refers to drv_si4438.o(i.SI446x_Start_Rx) for SI446x_Start_Rx
    drv_si4438.o(i.SI446x_Interrupt_Status) refers to drv_si4438.o(i.SI446x_Write_Cmds) for SI446x_Write_Cmds
    drv_si4438.o(i.SI446x_Interrupt_Status) refers to drv_si4438.o(i.SI446x_Read_Response) for SI446x_Read_Response
    drv_si4438.o(i.SI446x_Modem_Status) refers to drv_si4438.o(i.SI446x_Write_Cmds) for SI446x_Write_Cmds
    drv_si4438.o(i.SI446x_Modem_Status) refers to drv_si4438.o(i.SI446x_Read_Response) for SI446x_Read_Response
    drv_si4438.o(i.SI446x_Nop) refers to drv_spi.o(i.drv_spi_read_write_byte) for drv_spi_read_write_byte
    drv_si4438.o(i.SI446x_Power_Up) refers to drv_si4438.o(i.SI446x_Write_Cmds) for SI446x_Write_Cmds
    drv_si4438.o(i.SI446x_Read_Packet) refers to drv_si4438.o(i.SI446x_Wait_Cts) for SI446x_Wait_Cts
    drv_si4438.o(i.SI446x_Read_Packet) refers to drv_spi.o(i.drv_spi_read_write_byte) for drv_spi_read_write_byte
    drv_si4438.o(i.SI446x_Read_Response) refers to drv_si4438.o(i.SI446x_Wait_Cts) for SI446x_Wait_Cts
    drv_si4438.o(i.SI446x_Read_Response) refers to drv_spi.o(i.drv_spi_read_write_byte) for drv_spi_read_write_byte
    drv_si4438.o(i.SI446x_Reset) refers to drv_delay.o(i.drv_delay_us) for drv_delay_us
    drv_si4438.o(i.SI446x_Reset_RxFifo) refers to drv_si4438.o(i.SI446x_Write_Cmds) for SI446x_Write_Cmds
    drv_si4438.o(i.SI446x_Reset_TxFifo) refers to drv_si4438.o(i.SI446x_Write_Cmds) for SI446x_Write_Cmds
    drv_si4438.o(i.SI446x_Send_Packet) refers to drv_si4438.o(i.SI446x_Reset_TxFifo) for SI446x_Reset_TxFifo
    drv_si4438.o(i.SI446x_Send_Packet) refers to drv_spi.o(i.drv_spi_read_write_byte) for drv_spi_read_write_byte
    drv_si4438.o(i.SI446x_Send_Packet) refers to drv_si4438.o(i.SI446x_Write_Cmds) for SI446x_Write_Cmds
    drv_si4438.o(i.SI446x_Set_Power) refers to drv_si4438.o(i.SI446x_Set_Property_1) for SI446x_Set_Property_1
    drv_si4438.o(i.SI446x_Set_Property) refers to memseta.o(.text) for __aeabi_memclr4
    drv_si4438.o(i.SI446x_Set_Property) refers to drv_si4438.o(i.SI446x_Write_Cmds) for SI446x_Write_Cmds
    drv_si4438.o(i.SI446x_Set_Property_1) refers to drv_si4438.o(i.SI446x_Write_Cmds) for SI446x_Write_Cmds
    drv_si4438.o(i.SI446x_Start_Rx) refers to drv_si4438.o(i.SI446x_Reset_RxFifo) for SI446x_Reset_RxFifo
    drv_si4438.o(i.SI446x_Start_Rx) refers to drv_si4438.o(i.SI446x_Reset_TxFifo) for SI446x_Reset_TxFifo
    drv_si4438.o(i.SI446x_Start_Rx) refers to drv_si4438.o(i.SI446x_Write_Cmds) for SI446x_Write_Cmds
    drv_si4438.o(i.SI446x_Start_Tx) refers to drv_si4438.o(i.SI446x_Write_Cmds) for SI446x_Write_Cmds
    drv_si4438.o(i.SI446x_Wait_Cts) refers to drv_spi.o(i.drv_spi_read_write_byte) for drv_spi_read_write_byte
    drv_si4438.o(i.SI446x_Wait_Cts) refers to drv_si4438.o(i.SI446x_Init) for SI446x_Init
    drv_si4438.o(i.SI446x_Write_Cmds) refers to drv_si4438.o(i.SI446x_Wait_Cts) for SI446x_Wait_Cts
    drv_si4438.o(i.SI446x_Write_Cmds) refers to drv_spi.o(i.drv_spi_read_write_byte) for drv_spi_read_write_byte
    drv_si4438.o(i.SI446x_Write_TxFifo) refers to drv_spi.o(i.drv_spi_read_write_byte) for drv_spi_read_write_byte
    modbus_crc.o(i.check_crc) refers to modbus_crc.o(i.crc16) for crc16
    modbus_crc.o(i.crc16) refers to modbus_crc.o(.constdata) for auch_crc_high
    drv_button.o(i.drv_button_check) refers to drv_delay.o(i.drv_delay_ms) for drv_delay_ms
    drv_button.o(i.drv_button_init) refers to stm32f10x_rcc.o(i.RCC_APB2PeriphClockCmd) for RCC_APB2PeriphClockCmd
    drv_button.o(i.drv_button_init) refers to stm32f10x_gpio.o(i.GPIO_Init) for GPIO_Init
    drv_delay.o(i.TIM3_IRQHandler) refers to stm32f10x_tim.o(i.TIM_GetITStatus) for TIM_GetITStatus
    drv_delay.o(i.TIM3_IRQHandler) refers to drv_led.o(i.drv_led_flashing) for drv_led_flashing
    drv_delay.o(i.TIM3_IRQHandler) refers to stm32f10x_tim.o(i.TIM_SetCounter) for TIM_SetCounter
    drv_delay.o(i.TIM3_IRQHandler) refers to stm32f10x_tim.o(i.TIM_ClearITPendingBit) for TIM_ClearITPendingBit
    drv_delay.o(i.TIM3_IRQHandler) refers to drv_delay.o(.data) for timer3_update_flag
    drv_delay.o(i.clr_timer3_flag) refers to drv_delay.o(.data) for timer3_update_flag
    drv_delay.o(i.drv_delay_500Ms) refers to drv_delay.o(i.drv_delay_ms) for drv_delay_ms
    drv_delay.o(i.drv_delay_init) refers to stm32f10x_rcc.o(i.RCC_GetClocksFreq) for RCC_GetClocksFreq
    drv_delay.o(i.drv_delay_init) refers to stm32f10x_rcc.o(i.RCC_APB1PeriphClockCmd) for RCC_APB1PeriphClockCmd
    drv_delay.o(i.drv_delay_init) refers to stm32f10x_tim.o(i.TIM_TimeBaseInit) for TIM_TimeBaseInit
    drv_delay.o(i.drv_delay_init) refers to stm32f10x_tim.o(i.TIM_ClearFlag) for TIM_ClearFlag
    drv_delay.o(i.drv_delay_init) refers to stm32f10x_tim.o(i.TIM_SetCounter) for TIM_SetCounter
    drv_delay.o(i.drv_delay_init) refers to stm32f10x_tim.o(i.TIM_Cmd) for TIM_Cmd
    drv_delay.o(i.drv_delay_init) refers to stm32f10x_tim.o(i.TIM_GetFlagStatus) for TIM_GetFlagStatus
    drv_delay.o(i.get_timer3_flag) refers to drv_delay.o(.data) for timer3_update_flag
    drv_delay.o(i.handle_cnt_init) refers to stm32f10x_rcc.o(i.RCC_APB1PeriphClockCmd) for RCC_APB1PeriphClockCmd
    drv_delay.o(i.handle_cnt_init) refers to stm32f10x_tim.o(i.TIM_TimeBaseInit) for TIM_TimeBaseInit
    drv_delay.o(i.handle_cnt_init) refers to misc.o(i.NVIC_PriorityGroupConfig) for NVIC_PriorityGroupConfig
    drv_delay.o(i.handle_cnt_init) refers to misc.o(i.NVIC_Init) for NVIC_Init
    drv_delay.o(i.handle_cnt_init) refers to stm32f10x_tim.o(i.TIM_ClearITPendingBit) for TIM_ClearITPendingBit
    drv_delay.o(i.handle_cnt_init) refers to stm32f10x_tim.o(i.TIM_SetCounter) for TIM_SetCounter
    drv_delay.o(i.handle_cnt_init) refers to stm32f10x_tim.o(i.TIM_ITConfig) for TIM_ITConfig
    drv_delay.o(i.handle_cnt_init) refers to stm32f10x_tim.o(i.TIM_Cmd) for TIM_Cmd
    drv_led.o(i.drv_led_init) refers to stm32f10x_rcc.o(i.RCC_APB2PeriphClockCmd) for RCC_APB2PeriphClockCmd
    drv_led.o(i.drv_led_init) refers to stm32f10x_gpio.o(i.GPIO_Init) for GPIO_Init
    drv_led.o(i.drv_led_init) refers to stm32f10x_gpio.o(i.GPIO_SetBits) for GPIO_SetBits
    drv_led.o(i.drv_led_off) refers to stm32f10x_gpio.o(i.GPIO_SetBits) for GPIO_SetBits
    drv_led.o(i.drv_led_on) refers to stm32f10x_gpio.o(i.GPIO_ResetBits) for GPIO_ResetBits
    drv_spi.o(i.drv_spi_init) refers to stm32f10x_rcc.o(i.RCC_APB2PeriphClockCmd) for RCC_APB2PeriphClockCmd
    drv_spi.o(i.drv_spi_init) refers to stm32f10x_gpio.o(i.GPIO_Init) for GPIO_Init
    drv_spi.o(i.drv_spi_init) refers to stm32f10x_gpio.o(i.GPIO_SetBits) for GPIO_SetBits
    drv_spi.o(i.drv_spi_init) refers to stm32f10x_spi.o(i.SPI_I2S_DeInit) for SPI_I2S_DeInit
    drv_spi.o(i.drv_spi_init) refers to stm32f10x_spi.o(i.SPI_Cmd) for SPI_Cmd
    drv_spi.o(i.drv_spi_init) refers to stm32f10x_spi.o(i.SPI_Init) for SPI_Init
    drv_spi.o(i.drv_spi_read_write_byte) refers to stm32f10x_spi.o(i.SPI_I2S_GetFlagStatus) for SPI_I2S_GetFlagStatus
    drv_spi.o(i.drv_spi_read_write_string) refers to stm32f10x_gpio.o(i.GPIO_ResetBits) for GPIO_ResetBits
    drv_spi.o(i.drv_spi_read_write_string) refers to drv_spi.o(i.drv_spi_read_write_byte) for drv_spi_read_write_byte
    drv_spi.o(i.drv_spi_read_write_string) refers to stm32f10x_gpio.o(i.GPIO_SetBits) for GPIO_SetBits
    drv_uart.o(i.drv_uart_init) refers to stm32f10x_rcc.o(i.RCC_APB2PeriphClockCmd) for RCC_APB2PeriphClockCmd
    drv_uart.o(i.drv_uart_init) refers to stm32f10x_gpio.o(i.GPIO_Init) for GPIO_Init
    drv_uart.o(i.drv_uart_init) refers to stm32f10x_usart.o(i.USART_DeInit) for USART_DeInit
    drv_uart.o(i.drv_uart_init) refers to stm32f10x_usart.o(i.USART_Cmd) for USART_Cmd
    drv_uart.o(i.drv_uart_init) refers to stm32f10x_usart.o(i.USART_Init) for USART_Init
    drv_uart.o(i.drv_uart_rx_bytes) refers to stm32f10x_usart.o(i.USART_GetFlagStatus) for USART_GetFlagStatus
    drv_uart.o(i.drv_uart_tx_bytes) refers to stm32f10x_usart.o(i.USART_GetFlagStatus) for USART_GetFlagStatus
    drv_uart.o(i.drv_uart_tx_bytes) refers to drv_uart.o(i.UART1_SendData8) for UART1_SendData8
    drv_uart.o(i.fputc) refers to stm32f10x_usart.o(i.USART_GetFlagStatus) for USART_GetFlagStatus
    drv_io.o(i.EXTI4_IRQHandler) refers to stm32f10x_exti.o(i.EXTI_GetITStatus) for EXTI_GetITStatus
    drv_io.o(i.EXTI4_IRQHandler) refers to stm32f10x_gpio.o(i.GPIO_ReadInputDataBit) for GPIO_ReadInputDataBit
    drv_io.o(i.EXTI4_IRQHandler) refers to stm32f10x_exti.o(i.EXTI_ClearITPendingBit) for EXTI_ClearITPendingBit
    drv_io.o(i.EXTIX_Init) refers to stm32f10x_rcc.o(i.RCC_APB2PeriphClockCmd) for RCC_APB2PeriphClockCmd
    drv_io.o(i.EXTIX_Init) refers to stm32f10x_gpio.o(i.GPIO_EXTILineConfig) for GPIO_EXTILineConfig
    drv_io.o(i.EXTIX_Init) refers to stm32f10x_exti.o(i.EXTI_Init) for EXTI_Init
    drv_io.o(i.EXTIX_Init) refers to misc.o(i.NVIC_Init) for NVIC_Init
    stm32f10x_gpio.o(i.GPIO_AFIODeInit) refers to stm32f10x_rcc.o(i.RCC_APB2PeriphResetCmd) for RCC_APB2PeriphResetCmd
    stm32f10x_gpio.o(i.GPIO_DeInit) refers to stm32f10x_rcc.o(i.RCC_APB2PeriphResetCmd) for RCC_APB2PeriphResetCmd
    stm32f10x_rcc.o(i.RCC_GetClocksFreq) refers to stm32f10x_rcc.o(.data) for APBAHBPrescTable
    stm32f10x_rcc.o(i.RCC_WaitForHSEStartUp) refers to stm32f10x_rcc.o(i.RCC_GetFlagStatus) for RCC_GetFlagStatus
    stm32f10x_spi.o(i.I2S_Init) refers to stm32f10x_rcc.o(i.RCC_GetClocksFreq) for RCC_GetClocksFreq
    stm32f10x_spi.o(i.SPI_I2S_DeInit) refers to stm32f10x_rcc.o(i.RCC_APB2PeriphResetCmd) for RCC_APB2PeriphResetCmd
    stm32f10x_spi.o(i.SPI_I2S_DeInit) refers to stm32f10x_rcc.o(i.RCC_APB1PeriphResetCmd) for RCC_APB1PeriphResetCmd
    stm32f10x_tim.o(i.TIM_DeInit) refers to stm32f10x_rcc.o(i.RCC_APB2PeriphResetCmd) for RCC_APB2PeriphResetCmd
    stm32f10x_tim.o(i.TIM_DeInit) refers to stm32f10x_rcc.o(i.RCC_APB1PeriphResetCmd) for RCC_APB1PeriphResetCmd
    stm32f10x_tim.o(i.TIM_ETRClockMode1Config) refers to stm32f10x_tim.o(i.TIM_ETRConfig) for TIM_ETRConfig
    stm32f10x_tim.o(i.TIM_ETRClockMode2Config) refers to stm32f10x_tim.o(i.TIM_ETRConfig) for TIM_ETRConfig
    stm32f10x_tim.o(i.TIM_ICInit) refers to stm32f10x_tim.o(i.TI1_Config) for TI1_Config
    stm32f10x_tim.o(i.TIM_ICInit) refers to stm32f10x_tim.o(i.TIM_SetIC1Prescaler) for TIM_SetIC1Prescaler
    stm32f10x_tim.o(i.TIM_ICInit) refers to stm32f10x_tim.o(i.TI2_Config) for TI2_Config
    stm32f10x_tim.o(i.TIM_ICInit) refers to stm32f10x_tim.o(i.TIM_SetIC2Prescaler) for TIM_SetIC2Prescaler
    stm32f10x_tim.o(i.TIM_ICInit) refers to stm32f10x_tim.o(i.TI3_Config) for TI3_Config
    stm32f10x_tim.o(i.TIM_ICInit) refers to stm32f10x_tim.o(i.TIM_SetIC3Prescaler) for TIM_SetIC3Prescaler
    stm32f10x_tim.o(i.TIM_ICInit) refers to stm32f10x_tim.o(i.TI4_Config) for TI4_Config
    stm32f10x_tim.o(i.TIM_ICInit) refers to stm32f10x_tim.o(i.TIM_SetIC4Prescaler) for TIM_SetIC4Prescaler
    stm32f10x_tim.o(i.TIM_ITRxExternalClockConfig) refers to stm32f10x_tim.o(i.TIM_SelectInputTrigger) for TIM_SelectInputTrigger
    stm32f10x_tim.o(i.TIM_PWMIConfig) refers to stm32f10x_tim.o(i.TI1_Config) for TI1_Config
    stm32f10x_tim.o(i.TIM_PWMIConfig) refers to stm32f10x_tim.o(i.TIM_SetIC1Prescaler) for TIM_SetIC1Prescaler
    stm32f10x_tim.o(i.TIM_PWMIConfig) refers to stm32f10x_tim.o(i.TI2_Config) for TI2_Config
    stm32f10x_tim.o(i.TIM_PWMIConfig) refers to stm32f10x_tim.o(i.TIM_SetIC2Prescaler) for TIM_SetIC2Prescaler
    stm32f10x_tim.o(i.TIM_TIxExternalClockConfig) refers to stm32f10x_tim.o(i.TI2_Config) for TI2_Config
    stm32f10x_tim.o(i.TIM_TIxExternalClockConfig) refers to stm32f10x_tim.o(i.TI1_Config) for TI1_Config
    stm32f10x_tim.o(i.TIM_TIxExternalClockConfig) refers to stm32f10x_tim.o(i.TIM_SelectInputTrigger) for TIM_SelectInputTrigger
    stm32f10x_usart.o(i.USART_DeInit) refers to stm32f10x_rcc.o(i.RCC_APB2PeriphResetCmd) for RCC_APB2PeriphResetCmd
    stm32f10x_usart.o(i.USART_DeInit) refers to stm32f10x_rcc.o(i.RCC_APB1PeriphResetCmd) for RCC_APB1PeriphResetCmd
    stm32f10x_usart.o(i.USART_Init) refers to stm32f10x_rcc.o(i.RCC_GetClocksFreq) for RCC_GetClocksFreq
    system_stm32f10x.o(i.SetSysClock) refers to system_stm32f10x.o(i.SetSysClockTo72) for SetSysClockTo72
    system_stm32f10x.o(i.SystemInit) refers to system_stm32f10x.o(i.SetSysClock) for SetSysClock
    startup_stm32f10x_hd.o(RESET) refers to startup_stm32f10x_hd.o(.text) for Reset_Handler
    startup_stm32f10x_hd.o(RESET) refers to drv_io.o(i.EXTI4_IRQHandler) for EXTI4_IRQHandler
    startup_stm32f10x_hd.o(RESET) refers to drv_delay.o(i.TIM3_IRQHandler) for TIM3_IRQHandler
    startup_stm32f10x_hd.o(.text) refers to system_stm32f10x.o(i.SystemInit) for SystemInit
    startup_stm32f10x_hd.o(.text) refers to startup_stm32f10x_hd.o(STACK) for __initial_sp
    startup_stm32f10x_hd.o(.text) refers to entry.o(.ARM.Collect$$$$00000000) for __main
    stm32f10x_flash.o(i.FLASH_EnableWriteProtection) refers to stm32f10x_flash.o(i.FLASH_WaitForLastOperation) for FLASH_WaitForLastOperation
    stm32f10x_flash.o(i.FLASH_EraseAllBank1Pages) refers to stm32f10x_flash.o(i.FLASH_WaitForLastBank1Operation) for FLASH_WaitForLastBank1Operation
    stm32f10x_flash.o(i.FLASH_EraseAllPages) refers to stm32f10x_flash.o(i.FLASH_WaitForLastOperation) for FLASH_WaitForLastOperation
    stm32f10x_flash.o(i.FLASH_EraseOptionBytes) refers to stm32f10x_flash.o(i.FLASH_GetReadOutProtectionStatus) for FLASH_GetReadOutProtectionStatus
    stm32f10x_flash.o(i.FLASH_EraseOptionBytes) refers to stm32f10x_flash.o(i.FLASH_WaitForLastOperation) for FLASH_WaitForLastOperation
    stm32f10x_flash.o(i.FLASH_ErasePage) refers to stm32f10x_flash.o(i.FLASH_WaitForLastOperation) for FLASH_WaitForLastOperation
    stm32f10x_flash.o(i.FLASH_ProgramHalfWord) refers to stm32f10x_flash.o(i.FLASH_WaitForLastOperation) for FLASH_WaitForLastOperation
    stm32f10x_flash.o(i.FLASH_ProgramOptionByteData) refers to stm32f10x_flash.o(i.FLASH_WaitForLastOperation) for FLASH_WaitForLastOperation
    stm32f10x_flash.o(i.FLASH_ProgramWord) refers to stm32f10x_flash.o(i.FLASH_WaitForLastOperation) for FLASH_WaitForLastOperation
    stm32f10x_flash.o(i.FLASH_ReadOutProtection) refers to stm32f10x_flash.o(i.FLASH_WaitForLastOperation) for FLASH_WaitForLastOperation
    stm32f10x_flash.o(i.FLASH_UserOptionByteConfig) refers to stm32f10x_flash.o(i.FLASH_WaitForLastOperation) for FLASH_WaitForLastOperation
    stm32f10x_flash.o(i.FLASH_WaitForLastBank1Operation) refers to stm32f10x_flash.o(i.FLASH_GetBank1Status) for FLASH_GetBank1Status
    stm32f10x_flash.o(i.FLASH_WaitForLastOperation) refers to stm32f10x_flash.o(i.FLASH_GetBank1Status) for FLASH_GetBank1Status
    entry.o(.ARM.Collect$$$$00000000) refers (Special) to entry10a.o(.ARM.Collect$$$$0000000D) for __rt_final_cpp
    entry.o(.ARM.Collect$$$$00000000) refers (Special) to entry11a.o(.ARM.Collect$$$$0000000F) for __rt_final_exit
    entry.o(.ARM.Collect$$$$00000000) refers (Special) to entry7b.o(.ARM.Collect$$$$00000008) for _main_clock
    entry.o(.ARM.Collect$$$$00000000) refers (Special) to entry8b.o(.ARM.Collect$$$$0000000A) for _main_cpp_init
    entry.o(.ARM.Collect$$$$00000000) refers (Special) to entry9a.o(.ARM.Collect$$$$0000000B) for _main_init
    entry.o(.ARM.Collect$$$$00000000) refers (Special) to entry5.o(.ARM.Collect$$$$00000004) for _main_scatterload
    entry.o(.ARM.Collect$$$$00000000) refers (Special) to entry2.o(.ARM.Collect$$$$00000001) for _main_stk
    entry2.o(.ARM.Collect$$$$00000001) refers to entry2.o(.ARM.Collect$$$$00002712) for __lit__00000000
    entry2.o(.ARM.Collect$$$$00002712) refers to startup_stm32f10x_hd.o(STACK) for __initial_sp
    entry2.o(__vectab_stack_and_reset_area) refers to startup_stm32f10x_hd.o(STACK) for __initial_sp
    entry2.o(__vectab_stack_and_reset_area) refers to entry.o(.ARM.Collect$$$$00000000) for __main
    entry5.o(.ARM.Collect$$$$00000004) refers to init.o(.text) for __scatterload
    entry9a.o(.ARM.Collect$$$$0000000B) refers to main.o(i.main) for main
    entry9b.o(.ARM.Collect$$$$0000000C) refers to main.o(i.main) for main
    init.o(.text) refers to entry5.o(.ARM.Collect$$$$00000004) for __main_after_scatterload


==============================================================================

Removing Unused input sections from the image.

    Removing main.o(i.invailid_preamble), (56 bytes).
    Removing user_flash.o(i.user_flash_write), (30 bytes).
    Removing drv_si4438.o(i.SI446x_Get_Fifo_Information), (38 bytes).
    Removing drv_si4438.o(i.SI446x_Get_Fun_Informatoin), (26 bytes).
    Removing drv_si4438.o(i.SI446x_Get_Packet_Information), (72 bytes).
    Removing drv_si4438.o(i.SI446x_Get_Part_Informatoin), (26 bytes).
    Removing drv_si4438.o(i.SI446x_Get_Property), (54 bytes).
    Removing drv_si4438.o(i.SI446x_Get_Property_1), (54 bytes).
    Removing drv_si4438.o(i.SI446x_Interrupt_Status), (46 bytes).
    Removing drv_si4438.o(i.SI446x_Modem_Status), (30 bytes).
    Removing drv_si4438.o(i.SI446x_Nop), (44 bytes).
    Removing drv_si4438.o(i.SI446x_Read_Packet), (76 bytes).
    Removing drv_si4438.o(i.SI446x_Send_Packet), (116 bytes).
    Removing drv_si4438.o(i.SI446x_Set_Property), (112 bytes).
    Removing drv_si4438.o(i.SI446x_Start_Tx), (50 bytes).
    Removing drv_si4438.o(i.SI446x_Write_TxFifo), (64 bytes).
    Removing modbus_crc.o(i.check_crc), (46 bytes).
    Removing modbus_crc.o(i.crc16), (56 bytes).
    Removing modbus_crc.o(.constdata), (512 bytes).
    Removing drv_button.o(i.drv_button_check), (44 bytes).
    Removing drv_button.o(i.drv_button_init), (44 bytes).
    Removing drv_delay.o(i.clr_timer3_flag), (12 bytes).
    Removing drv_delay.o(i.drv_delay_free), (12 bytes).
    Removing drv_delay.o(i.get_timer3_flag), (12 bytes).
    Removing drv_delay.o(i.handle_cnt_init), (128 bytes).
    Removing drv_led.o(i.drv_led_on), (32 bytes).
    Removing drv_spi.o(i.drv_spi_read_write_string), (56 bytes).
    Removing drv_uart.o(i.UART1_SendData8), (12 bytes).
    Removing drv_uart.o(i._sys_exit), (6 bytes).
    Removing drv_uart.o(i.drv_uart_rx_bytes), (68 bytes).
    Removing drv_uart.o(i.drv_uart_tx_bytes), (48 bytes).
    Removing drv_uart.o(i.fputc), (36 bytes).
    Removing drv_uart.o(i.hex_to_dec), (184 bytes).
    Removing drv_uart.o(.data), (4 bytes).
    Removing drv_io.o(i.EXTIX_Init), (76 bytes).
    Removing core_cm3.o(.emb_text), (32 bytes).
    Removing stm32f10x_gpio.o(i.GPIO_AFIODeInit), (20 bytes).
    Removing stm32f10x_gpio.o(i.GPIO_DeInit), (196 bytes).
    Removing stm32f10x_gpio.o(i.GPIO_EXTILineConfig), (64 bytes).
    Removing stm32f10x_gpio.o(i.GPIO_EventOutputCmd), (12 bytes).
    Removing stm32f10x_gpio.o(i.GPIO_EventOutputConfig), (32 bytes).
    Removing stm32f10x_gpio.o(i.GPIO_PinLockConfig), (18 bytes).
    Removing stm32f10x_gpio.o(i.GPIO_PinRemapConfig), (112 bytes).
    Removing stm32f10x_gpio.o(i.GPIO_ReadInputData), (8 bytes).
    Removing stm32f10x_gpio.o(i.GPIO_ReadOutputData), (8 bytes).
    Removing stm32f10x_gpio.o(i.GPIO_ReadOutputDataBit), (18 bytes).
    Removing stm32f10x_gpio.o(i.GPIO_StructInit), (16 bytes).
    Removing stm32f10x_gpio.o(i.GPIO_Write), (4 bytes).
    Removing stm32f10x_iwdg.o(i.IWDG_Enable), (16 bytes).
    Removing stm32f10x_iwdg.o(i.IWDG_GetFlagStatus), (24 bytes).
    Removing stm32f10x_iwdg.o(i.IWDG_ReloadCounter), (16 bytes).
    Removing stm32f10x_iwdg.o(i.IWDG_SetPrescaler), (12 bytes).
    Removing stm32f10x_iwdg.o(i.IWDG_SetReload), (12 bytes).
    Removing stm32f10x_iwdg.o(i.IWDG_WriteAccessCmd), (12 bytes).
    Removing stm32f10x_rcc.o(i.RCC_ADCCLKConfig), (24 bytes).
    Removing stm32f10x_rcc.o(i.RCC_AHBPeriphClockCmd), (32 bytes).
    Removing stm32f10x_rcc.o(i.RCC_AdjustHSICalibrationValue), (24 bytes).
    Removing stm32f10x_rcc.o(i.RCC_BackupResetCmd), (12 bytes).
    Removing stm32f10x_rcc.o(i.RCC_ClearFlag), (20 bytes).
    Removing stm32f10x_rcc.o(i.RCC_ClearITPendingBit), (12 bytes).
    Removing stm32f10x_rcc.o(i.RCC_ClockSecuritySystemCmd), (12 bytes).
    Removing stm32f10x_rcc.o(i.RCC_DeInit), (76 bytes).
    Removing stm32f10x_rcc.o(i.RCC_GetFlagStatus), (60 bytes).
    Removing stm32f10x_rcc.o(i.RCC_GetITStatus), (24 bytes).
    Removing stm32f10x_rcc.o(i.RCC_GetSYSCLKSource), (16 bytes).
    Removing stm32f10x_rcc.o(i.RCC_HCLKConfig), (24 bytes).
    Removing stm32f10x_rcc.o(i.RCC_HSEConfig), (76 bytes).
    Removing stm32f10x_rcc.o(i.RCC_HSICmd), (12 bytes).
    Removing stm32f10x_rcc.o(i.RCC_ITConfig), (32 bytes).
    Removing stm32f10x_rcc.o(i.RCC_LSEConfig), (52 bytes).
    Removing stm32f10x_rcc.o(i.RCC_LSICmd), (12 bytes).
    Removing stm32f10x_rcc.o(i.RCC_MCOConfig), (12 bytes).
    Removing stm32f10x_rcc.o(i.RCC_PCLK1Config), (24 bytes).
    Removing stm32f10x_rcc.o(i.RCC_PCLK2Config), (24 bytes).
    Removing stm32f10x_rcc.o(i.RCC_PLLCmd), (12 bytes).
    Removing stm32f10x_rcc.o(i.RCC_PLLConfig), (28 bytes).
    Removing stm32f10x_rcc.o(i.RCC_RTCCLKCmd), (12 bytes).
    Removing stm32f10x_rcc.o(i.RCC_RTCCLKConfig), (16 bytes).
    Removing stm32f10x_rcc.o(i.RCC_SYSCLKConfig), (24 bytes).
    Removing stm32f10x_rcc.o(i.RCC_USBCLKConfig), (12 bytes).
    Removing stm32f10x_rcc.o(i.RCC_WaitForHSEStartUp), (54 bytes).
    Removing stm32f10x_spi.o(i.I2S_Cmd), (24 bytes).
    Removing stm32f10x_spi.o(i.I2S_Init), (210 bytes).
    Removing stm32f10x_spi.o(i.I2S_StructInit), (20 bytes).
    Removing stm32f10x_spi.o(i.SPI_BiDirectionalLineConfig), (28 bytes).
    Removing stm32f10x_spi.o(i.SPI_CalculateCRC), (24 bytes).
    Removing stm32f10x_spi.o(i.SPI_DataSizeConfig), (18 bytes).
    Removing stm32f10x_spi.o(i.SPI_GetCRC), (16 bytes).
    Removing stm32f10x_spi.o(i.SPI_GetCRCPolynomial), (6 bytes).
    Removing stm32f10x_spi.o(i.SPI_I2S_ClearFlag), (6 bytes).
    Removing stm32f10x_spi.o(i.SPI_I2S_ClearITPendingBit), (20 bytes).
    Removing stm32f10x_spi.o(i.SPI_I2S_DMACmd), (18 bytes).
    Removing stm32f10x_spi.o(i.SPI_I2S_GetITStatus), (52 bytes).
    Removing stm32f10x_spi.o(i.SPI_I2S_ITConfig), (32 bytes).
    Removing stm32f10x_spi.o(i.SPI_I2S_ReceiveData), (6 bytes).
    Removing stm32f10x_spi.o(i.SPI_I2S_SendData), (4 bytes).
    Removing stm32f10x_spi.o(i.SPI_NSSInternalSoftwareConfig), (30 bytes).
    Removing stm32f10x_spi.o(i.SPI_SSOutputCmd), (24 bytes).
    Removing stm32f10x_spi.o(i.SPI_StructInit), (24 bytes).
    Removing stm32f10x_spi.o(i.SPI_TransmitCRC), (10 bytes).
    Removing stm32f10x_tim.o(i.TI1_Config), (56 bytes).
    Removing stm32f10x_tim.o(i.TI2_Config), (80 bytes).
    Removing stm32f10x_tim.o(i.TI3_Config), (72 bytes).
    Removing stm32f10x_tim.o(i.TI4_Config), (82 bytes).
    Removing stm32f10x_tim.o(i.TIM_ARRPreloadConfig), (24 bytes).
    Removing stm32f10x_tim.o(i.TIM_BDTRConfig), (32 bytes).
    Removing stm32f10x_tim.o(i.TIM_BDTRStructInit), (18 bytes).
    Removing stm32f10x_tim.o(i.TIM_CCPreloadControl), (24 bytes).
    Removing stm32f10x_tim.o(i.TIM_CCxCmd), (26 bytes).
    Removing stm32f10x_tim.o(i.TIM_CCxNCmd), (26 bytes).
    Removing stm32f10x_tim.o(i.TIM_ClearOC1Ref), (18 bytes).
    Removing stm32f10x_tim.o(i.TIM_ClearOC2Ref), (24 bytes).
    Removing stm32f10x_tim.o(i.TIM_ClearOC3Ref), (18 bytes).
    Removing stm32f10x_tim.o(i.TIM_ClearOC4Ref), (24 bytes).
    Removing stm32f10x_tim.o(i.TIM_CounterModeConfig), (18 bytes).
    Removing stm32f10x_tim.o(i.TIM_CtrlPWMOutputs), (30 bytes).
    Removing stm32f10x_tim.o(i.TIM_DMACmd), (18 bytes).
    Removing stm32f10x_tim.o(i.TIM_DMAConfig), (10 bytes).
    Removing stm32f10x_tim.o(i.TIM_DeInit), (224 bytes).
    Removing stm32f10x_tim.o(i.TIM_ETRClockMode1Config), (54 bytes).
    Removing stm32f10x_tim.o(i.TIM_ETRClockMode2Config), (32 bytes).
    Removing stm32f10x_tim.o(i.TIM_ETRConfig), (30 bytes).
    Removing stm32f10x_tim.o(i.TIM_EncoderInterfaceConfig), (66 bytes).
    Removing stm32f10x_tim.o(i.TIM_ForcedOC1Config), (18 bytes).
    Removing stm32f10x_tim.o(i.TIM_ForcedOC2Config), (26 bytes).
    Removing stm32f10x_tim.o(i.TIM_ForcedOC3Config), (18 bytes).
    Removing stm32f10x_tim.o(i.TIM_ForcedOC4Config), (26 bytes).
    Removing stm32f10x_tim.o(i.TIM_GenerateEvent), (4 bytes).
    Removing stm32f10x_tim.o(i.TIM_GetCapture1), (6 bytes).
    Removing stm32f10x_tim.o(i.TIM_GetCapture2), (6 bytes).
    Removing stm32f10x_tim.o(i.TIM_GetCapture3), (6 bytes).
    Removing stm32f10x_tim.o(i.TIM_GetCapture4), (8 bytes).
    Removing stm32f10x_tim.o(i.TIM_GetCounter), (6 bytes).
    Removing stm32f10x_tim.o(i.TIM_GetPrescaler), (6 bytes).
    Removing stm32f10x_tim.o(i.TIM_ICInit), (110 bytes).
    Removing stm32f10x_tim.o(i.TIM_ICStructInit), (18 bytes).
    Removing stm32f10x_tim.o(i.TIM_ITConfig), (18 bytes).
    Removing stm32f10x_tim.o(i.TIM_ITRxExternalClockConfig), (24 bytes).
    Removing stm32f10x_tim.o(i.TIM_InternalClockConfig), (12 bytes).
    Removing stm32f10x_tim.o(i.TIM_OC1FastConfig), (18 bytes).
    Removing stm32f10x_tim.o(i.TIM_OC1Init), (120 bytes).
    Removing stm32f10x_tim.o(i.TIM_OC1NPolarityConfig), (18 bytes).
    Removing stm32f10x_tim.o(i.TIM_OC1PolarityConfig), (18 bytes).
    Removing stm32f10x_tim.o(i.TIM_OC1PreloadConfig), (18 bytes).
    Removing stm32f10x_tim.o(i.TIM_OC2FastConfig), (26 bytes).
    Removing stm32f10x_tim.o(i.TIM_OC2Init), (156 bytes).
    Removing stm32f10x_tim.o(i.TIM_OC2NPolarityConfig), (26 bytes).
    Removing stm32f10x_tim.o(i.TIM_OC2PolarityConfig), (26 bytes).
    Removing stm32f10x_tim.o(i.TIM_OC2PreloadConfig), (26 bytes).
    Removing stm32f10x_tim.o(i.TIM_OC3FastConfig), (18 bytes).
    Removing stm32f10x_tim.o(i.TIM_OC3Init), (152 bytes).
    Removing stm32f10x_tim.o(i.TIM_OC3NPolarityConfig), (26 bytes).
    Removing stm32f10x_tim.o(i.TIM_OC3PolarityConfig), (26 bytes).
    Removing stm32f10x_tim.o(i.TIM_OC3PreloadConfig), (18 bytes).
    Removing stm32f10x_tim.o(i.TIM_OC4FastConfig), (26 bytes).
    Removing stm32f10x_tim.o(i.TIM_OC4Init), (116 bytes).
    Removing stm32f10x_tim.o(i.TIM_OC4PolarityConfig), (26 bytes).
    Removing stm32f10x_tim.o(i.TIM_OC4PreloadConfig), (26 bytes).
    Removing stm32f10x_tim.o(i.TIM_OCStructInit), (20 bytes).
    Removing stm32f10x_tim.o(i.TIM_PWMIConfig), (124 bytes).
    Removing stm32f10x_tim.o(i.TIM_PrescalerConfig), (6 bytes).
    Removing stm32f10x_tim.o(i.TIM_SelectCCDMA), (24 bytes).
    Removing stm32f10x_tim.o(i.TIM_SelectCOM), (24 bytes).
    Removing stm32f10x_tim.o(i.TIM_SelectHallSensor), (24 bytes).
    Removing stm32f10x_tim.o(i.TIM_SelectInputTrigger), (18 bytes).
    Removing stm32f10x_tim.o(i.TIM_SelectMasterSlaveMode), (18 bytes).
    Removing stm32f10x_tim.o(i.TIM_SelectOCxM), (134 bytes).
    Removing stm32f10x_tim.o(i.TIM_SelectOnePulseMode), (18 bytes).
    Removing stm32f10x_tim.o(i.TIM_SelectOutputTrigger), (18 bytes).
    Removing stm32f10x_tim.o(i.TIM_SelectSlaveMode), (18 bytes).
    Removing stm32f10x_tim.o(i.TIM_SetAutoreload), (4 bytes).
    Removing stm32f10x_tim.o(i.TIM_SetClockDivision), (14 bytes).
    Removing stm32f10x_tim.o(i.TIM_SetCompare1), (4 bytes).
    Removing stm32f10x_tim.o(i.TIM_SetCompare2), (4 bytes).
    Removing stm32f10x_tim.o(i.TIM_SetCompare3), (4 bytes).
    Removing stm32f10x_tim.o(i.TIM_SetCompare4), (6 bytes).
    Removing stm32f10x_tim.o(i.TIM_SetIC1Prescaler), (18 bytes).
    Removing stm32f10x_tim.o(i.TIM_SetIC2Prescaler), (26 bytes).
    Removing stm32f10x_tim.o(i.TIM_SetIC3Prescaler), (18 bytes).
    Removing stm32f10x_tim.o(i.TIM_SetIC4Prescaler), (26 bytes).
    Removing stm32f10x_tim.o(i.TIM_TIxExternalClockConfig), (62 bytes).
    Removing stm32f10x_tim.o(i.TIM_TimeBaseStructInit), (18 bytes).
    Removing stm32f10x_tim.o(i.TIM_UpdateDisableConfig), (24 bytes).
    Removing stm32f10x_tim.o(i.TIM_UpdateRequestConfig), (24 bytes).
    Removing stm32f10x_usart.o(i.USART_ClearFlag), (6 bytes).
    Removing stm32f10x_usart.o(i.USART_ClearITPendingBit), (20 bytes).
    Removing stm32f10x_usart.o(i.USART_ClockInit), (34 bytes).
    Removing stm32f10x_usart.o(i.USART_ClockStructInit), (12 bytes).
    Removing stm32f10x_usart.o(i.USART_DMACmd), (18 bytes).
    Removing stm32f10x_usart.o(i.USART_GetFlagStatus), (18 bytes).
    Removing stm32f10x_usart.o(i.USART_GetITStatus), (76 bytes).
    Removing stm32f10x_usart.o(i.USART_HalfDuplexCmd), (24 bytes).
    Removing stm32f10x_usart.o(i.USART_ITConfig), (64 bytes).
    Removing stm32f10x_usart.o(i.USART_IrDACmd), (24 bytes).
    Removing stm32f10x_usart.o(i.USART_IrDAConfig), (18 bytes).
    Removing stm32f10x_usart.o(i.USART_LINBreakDetectLengthConfig), (18 bytes).
    Removing stm32f10x_usart.o(i.USART_LINCmd), (24 bytes).
    Removing stm32f10x_usart.o(i.USART_ReceiveData), (10 bytes).
    Removing stm32f10x_usart.o(i.USART_ReceiverWakeUpCmd), (24 bytes).
    Removing stm32f10x_usart.o(i.USART_SendBreak), (10 bytes).
    Removing stm32f10x_usart.o(i.USART_SendData), (8 bytes).
    Removing stm32f10x_usart.o(i.USART_SetAddress), (18 bytes).
    Removing stm32f10x_usart.o(i.USART_SetGuardTime), (16 bytes).
    Removing stm32f10x_usart.o(i.USART_SetPrescaler), (16 bytes).
    Removing stm32f10x_usart.o(i.USART_SmartCardCmd), (24 bytes).
    Removing stm32f10x_usart.o(i.USART_SmartCardNACKCmd), (24 bytes).
    Removing stm32f10x_usart.o(i.USART_StructInit), (24 bytes).
    Removing stm32f10x_usart.o(i.USART_WakeUpConfig), (18 bytes).
    Removing system_stm32f10x.o(.constdata), (20 bytes).
    Removing startup_stm32f10x_hd.o(HEAP), (0 bytes).
    Removing stm32f10x_exti.o(i.EXTI_ClearFlag), (12 bytes).
    Removing stm32f10x_exti.o(i.EXTI_DeInit), (36 bytes).
    Removing stm32f10x_exti.o(i.EXTI_GenerateSWInterrupt), (16 bytes).
    Removing stm32f10x_exti.o(i.EXTI_GetFlagStatus), (24 bytes).
    Removing stm32f10x_exti.o(i.EXTI_Init), (148 bytes).
    Removing stm32f10x_exti.o(i.EXTI_StructInit), (16 bytes).
    Removing misc.o(i.NVIC_Init), (112 bytes).
    Removing misc.o(i.NVIC_PriorityGroupConfig), (20 bytes).
    Removing misc.o(i.NVIC_SetVectorTable), (20 bytes).
    Removing misc.o(i.NVIC_SystemLPConfig), (32 bytes).
    Removing misc.o(i.SysTick_CLKSourceConfig), (40 bytes).
    Removing stm32f10x_flash.o(i.FLASH_ClearFlag), (12 bytes).
    Removing stm32f10x_flash.o(i.FLASH_EnableWriteProtection), (196 bytes).
    Removing stm32f10x_flash.o(i.FLASH_EraseAllBank1Pages), (72 bytes).
    Removing stm32f10x_flash.o(i.FLASH_EraseAllPages), (72 bytes).
    Removing stm32f10x_flash.o(i.FLASH_EraseOptionBytes), (168 bytes).
    Removing stm32f10x_flash.o(i.FLASH_ErasePage), (76 bytes).
    Removing stm32f10x_flash.o(i.FLASH_GetBank1Status), (52 bytes).
    Removing stm32f10x_flash.o(i.FLASH_GetFlagStatus), (48 bytes).
    Removing stm32f10x_flash.o(i.FLASH_GetPrefetchBufferStatus), (24 bytes).
    Removing stm32f10x_flash.o(i.FLASH_GetReadOutProtectionStatus), (24 bytes).
    Removing stm32f10x_flash.o(i.FLASH_GetStatus), (52 bytes).
    Removing stm32f10x_flash.o(i.FLASH_GetUserOptionByte), (12 bytes).
    Removing stm32f10x_flash.o(i.FLASH_GetWriteProtectionOptionByte), (12 bytes).
    Removing stm32f10x_flash.o(i.FLASH_HalfCycleAccessCmd), (28 bytes).
    Removing stm32f10x_flash.o(i.FLASH_ITConfig), (32 bytes).
    Removing stm32f10x_flash.o(i.FLASH_Lock), (20 bytes).
    Removing stm32f10x_flash.o(i.FLASH_LockBank1), (20 bytes).
    Removing stm32f10x_flash.o(i.FLASH_PrefetchBufferCmd), (28 bytes).
    Removing stm32f10x_flash.o(i.FLASH_ProgramHalfWord), (64 bytes).
    Removing stm32f10x_flash.o(i.FLASH_ProgramOptionByteData), (84 bytes).
    Removing stm32f10x_flash.o(i.FLASH_ProgramWord), (108 bytes).
    Removing stm32f10x_flash.o(i.FLASH_ReadOutProtection), (172 bytes).
    Removing stm32f10x_flash.o(i.FLASH_SetLatency), (24 bytes).
    Removing stm32f10x_flash.o(i.FLASH_Unlock), (24 bytes).
    Removing stm32f10x_flash.o(i.FLASH_UnlockBank1), (24 bytes).
    Removing stm32f10x_flash.o(i.FLASH_UserOptionByteConfig), (104 bytes).
    Removing stm32f10x_flash.o(i.FLASH_WaitForLastBank1Operation), (38 bytes).
    Removing stm32f10x_flash.o(i.FLASH_WaitForLastOperation), (38 bytes).

249 unused section(s) (total 9798 bytes) removed from the image.

==============================================================================

Image Symbol Table

    Local Symbols

    Symbol Name                              Value     Ov Type        Size  Object(Section)

    ../clib/microlib/init/entry.s            0x00000000   Number         0  entry7b.o ABSOLUTE
    ../clib/microlib/init/entry.s            0x00000000   Number         0  entry11a.o ABSOLUTE
    ../clib/microlib/init/entry.s            0x00000000   Number         0  entry10a.o ABSOLUTE
    ../clib/microlib/init/entry.s            0x00000000   Number         0  entry9b.o ABSOLUTE
    ../clib/microlib/init/entry.s            0x00000000   Number         0  entry10b.o ABSOLUTE
    ../clib/microlib/init/entry.s            0x00000000   Number         0  entry9a.o ABSOLUTE
    ../clib/microlib/init/entry.s            0x00000000   Number         0  entry7a.o ABSOLUTE
    ../clib/microlib/init/entry.s            0x00000000   Number         0  entry5.o ABSOLUTE
    ../clib/microlib/init/entry.s            0x00000000   Number         0  entry8a.o ABSOLUTE
    ../clib/microlib/init/entry.s            0x00000000   Number         0  entry2.o ABSOLUTE
    ../clib/microlib/init/entry.s            0x00000000   Number         0  entry.o ABSOLUTE
    ../clib/microlib/init/entry.s            0x00000000   Number         0  entry8b.o ABSOLUTE
    ../clib/microlib/init/entry.s            0x00000000   Number         0  entry11b.o ABSOLUTE
    ../clib/microlib/string/memset.c         0x00000000   Number         0  memseta.o ABSOLUTE
    Source_Files\\std_lib\\src\\core_cm3.c   0x00000000   Number         0  core_cm3.o ABSOLUTE
    Source_Files\app\src\main.c              0x00000000   Number         0  main.o ABSOLUTE
    Source_Files\app\src\modbus_crc.c        0x00000000   Number         0  modbus_crc.o ABSOLUTE
    Source_Files\app\src\user_flash.c        0x00000000   Number         0  user_flash.o ABSOLUTE
    Source_Files\drv_mcu\src\drv_button.c    0x00000000   Number         0  drv_button.o ABSOLUTE
    Source_Files\drv_mcu\src\drv_delay.c     0x00000000   Number         0  drv_delay.o ABSOLUTE
    Source_Files\drv_mcu\src\drv_io.c        0x00000000   Number         0  drv_io.o ABSOLUTE
    Source_Files\drv_mcu\src\drv_led.c       0x00000000   Number         0  drv_led.o ABSOLUTE
    Source_Files\drv_mcu\src\drv_spi.c       0x00000000   Number         0  drv_spi.o ABSOLUTE
    Source_Files\drv_mcu\src\drv_uart.c      0x00000000   Number         0  drv_uart.o ABSOLUTE
    Source_Files\drv_periph\src\drv_SI4438.c 0x00000000   Number         0  drv_si4438.o ABSOLUTE
    Source_Files\std_lib\src\core_cm3.c      0x00000000   Number         0  core_cm3.o ABSOLUTE
    Source_Files\std_lib\src\misc.c          0x00000000   Number         0  misc.o ABSOLUTE
    Source_Files\std_lib\src\stm32f10x_exti.c 0x00000000   Number         0  stm32f10x_exti.o ABSOLUTE
    Source_Files\std_lib\src\stm32f10x_flash.c 0x00000000   Number         0  stm32f10x_flash.o ABSOLUTE
    Source_Files\std_lib\src\stm32f10x_gpio.c 0x00000000   Number         0  stm32f10x_gpio.o ABSOLUTE
    Source_Files\std_lib\src\stm32f10x_iwdg.c 0x00000000   Number         0  stm32f10x_iwdg.o ABSOLUTE
    Source_Files\std_lib\src\stm32f10x_rcc.c 0x00000000   Number         0  stm32f10x_rcc.o ABSOLUTE
    Source_Files\std_lib\src\stm32f10x_spi.c 0x00000000   Number         0  stm32f10x_spi.o ABSOLUTE
    Source_Files\std_lib\src\stm32f10x_tim.c 0x00000000   Number         0  stm32f10x_tim.o ABSOLUTE
    Source_Files\std_lib\src\stm32f10x_usart.c 0x00000000   Number         0  stm32f10x_usart.o ABSOLUTE
    Source_Files\std_lib\src\system_stm32f10x.c 0x00000000   Number         0  system_stm32f10x.o ABSOLUTE
    Source_Files\std_lib\startup\startup_stm32f10x_hd.s 0x00000000   Number         0  startup_stm32f10x_hd.o ABSOLUTE
    dc.s                                     0x00000000   Number         0  dc.o ABSOLUTE
    handlers.s                               0x00000000   Number         0  handlers.o ABSOLUTE
    init.s                                   0x00000000   Number         0  init.o ABSOLUTE
    RESET                                    0x08000000   Section      304  startup_stm32f10x_hd.o(RESET)
    .ARM.Collect$$$$00000000                 0x08000130   Section        0  entry.o(.ARM.Collect$$$$00000000)
    .ARM.Collect$$$$00000001                 0x08000130   Section        4  entry2.o(.ARM.Collect$$$$00000001)
    .ARM.Collect$$$$00000004                 0x08000134   Section        4  entry5.o(.ARM.Collect$$$$00000004)
    .ARM.Collect$$$$00000008                 0x08000138   Section        0  entry7b.o(.ARM.Collect$$$$00000008)
    .ARM.Collect$$$$0000000A                 0x08000138   Section        0  entry8b.o(.ARM.Collect$$$$0000000A)
    .ARM.Collect$$$$0000000B                 0x08000138   Section        8  entry9a.o(.ARM.Collect$$$$0000000B)
    .ARM.Collect$$$$0000000D                 0x08000140   Section        0  entry10a.o(.ARM.Collect$$$$0000000D)
    .ARM.Collect$$$$0000000F                 0x08000140   Section        0  entry11a.o(.ARM.Collect$$$$0000000F)
    .ARM.Collect$$$$00002712                 0x08000140   Section        4  entry2.o(.ARM.Collect$$$$00002712)
    __lit__00000000                          0x08000140   Data           4  entry2.o(.ARM.Collect$$$$00002712)
    .text                                    0x08000144   Section       48  startup_stm32f10x_hd.o(.text)
    .text                                    0x08000174   Section       36  init.o(.text)
    i.EXTI4_IRQHandler                       0x08000198   Section        0  drv_io.o(i.EXTI4_IRQHandler)
    i.EXTI_ClearITPendingBit                 0x080001b8   Section        0  stm32f10x_exti.o(i.EXTI_ClearITPendingBit)
    i.EXTI_GetITStatus                       0x080001c4   Section        0  stm32f10x_exti.o(i.EXTI_GetITStatus)
    i.GPIO_Init                              0x080001ec   Section        0  stm32f10x_gpio.o(i.GPIO_Init)
    i.GPIO_ReadInputDataBit                  0x08000302   Section        0  stm32f10x_gpio.o(i.GPIO_ReadInputDataBit)
    i.GPIO_ResetBits                         0x08000314   Section        0  stm32f10x_gpio.o(i.GPIO_ResetBits)
    i.GPIO_SetBits                           0x08000318   Section        0  stm32f10x_gpio.o(i.GPIO_SetBits)
    i.GPIO_WriteBit                          0x0800031c   Section        0  stm32f10x_gpio.o(i.GPIO_WriteBit)
    i.RCC_APB1PeriphClockCmd                 0x08000328   Section        0  stm32f10x_rcc.o(i.RCC_APB1PeriphClockCmd)
    i.RCC_APB1PeriphResetCmd                 0x08000348   Section        0  stm32f10x_rcc.o(i.RCC_APB1PeriphResetCmd)
    i.RCC_APB2PeriphClockCmd                 0x08000368   Section        0  stm32f10x_rcc.o(i.RCC_APB2PeriphClockCmd)
    i.RCC_APB2PeriphResetCmd                 0x08000388   Section        0  stm32f10x_rcc.o(i.RCC_APB2PeriphResetCmd)
    i.RCC_GetClocksFreq                      0x080003a8   Section        0  stm32f10x_rcc.o(i.RCC_GetClocksFreq)
    i.SI446x_Change_Status                   0x0800047c   Section        0  drv_si4438.o(i.SI446x_Change_Status)
    i.SI446x_Config_Gpio                     0x08000498   Section        0  drv_si4438.o(i.SI446x_Config_Gpio)
    i.SI446x_Config_Init                     0x080004ec   Section        0  drv_si4438.o(i.SI446x_Config_Init)
    i.SI446x_Get_Device_Status               0x08000774   Section        0  drv_si4438.o(i.SI446x_Get_Device_Status)
    i.SI446x_Gpio_Init                       0x0800079c   Section        0  drv_si4438.o(i.SI446x_Gpio_Init)
    i.SI446x_Init                            0x08000820   Section        0  drv_si4438.o(i.SI446x_Init)
    i.SI446x_Power_Up                        0x08000864   Section        0  drv_si4438.o(i.SI446x_Power_Up)
    i.SI446x_Read_Response                   0x080008a4   Section        0  drv_si4438.o(i.SI446x_Read_Response)
    i.SI446x_Reset                           0x080008e8   Section        0  drv_si4438.o(i.SI446x_Reset)
    i.SI446x_Reset_RxFifo                    0x08000920   Section        0  drv_si4438.o(i.SI446x_Reset_RxFifo)
    i.SI446x_Reset_TxFifo                    0x0800093c   Section        0  drv_si4438.o(i.SI446x_Reset_TxFifo)
    i.SI446x_Set_Power                       0x08000958   Section        0  drv_si4438.o(i.SI446x_Set_Power)
    i.SI446x_Set_Property_1                  0x08000968   Section        0  drv_si4438.o(i.SI446x_Set_Property_1)
    i.SI446x_Start_Rx                        0x0800099a   Section        0  drv_si4438.o(i.SI446x_Start_Rx)
    i.SI446x_Wait_Cts                        0x080009ec   Section        0  drv_si4438.o(i.SI446x_Wait_Cts)
    i.SI446x_Write_Cmds                      0x08000a38   Section        0  drv_si4438.o(i.SI446x_Write_Cmds)
    i.SPI_Cmd                                0x08000a74   Section        0  stm32f10x_spi.o(i.SPI_Cmd)
    i.SPI_I2S_DeInit                         0x08000a8c   Section        0  stm32f10x_spi.o(i.SPI_I2S_DeInit)
    i.SPI_I2S_GetFlagStatus                  0x08000ae8   Section        0  stm32f10x_spi.o(i.SPI_I2S_GetFlagStatus)
    i.SPI_Init                               0x08000afa   Section        0  stm32f10x_spi.o(i.SPI_Init)
    i.SetSysClock                            0x08000b36   Section        0  system_stm32f10x.o(i.SetSysClock)
    SetSysClock                              0x08000b37   Thumb Code     8  system_stm32f10x.o(i.SetSysClock)
    i.SetSysClockTo72                        0x08000b40   Section        0  system_stm32f10x.o(i.SetSysClockTo72)
    SetSysClockTo72                          0x08000b41   Thumb Code   220  system_stm32f10x.o(i.SetSysClockTo72)
    i.SystemInit                             0x08000c24   Section        0  system_stm32f10x.o(i.SystemInit)
    i.TIM3_IRQHandler                        0x08000c74   Section        0  drv_delay.o(i.TIM3_IRQHandler)
    i.TIM_ClearFlag                          0x08000ca8   Section        0  stm32f10x_tim.o(i.TIM_ClearFlag)
    i.TIM_ClearITPendingBit                  0x08000cae   Section        0  stm32f10x_tim.o(i.TIM_ClearITPendingBit)
    i.TIM_Cmd                                0x08000cb4   Section        0  stm32f10x_tim.o(i.TIM_Cmd)
    i.TIM_GetFlagStatus                      0x08000ccc   Section        0  stm32f10x_tim.o(i.TIM_GetFlagStatus)
    i.TIM_GetITStatus                        0x08000cde   Section        0  stm32f10x_tim.o(i.TIM_GetITStatus)
    i.TIM_SetCounter                         0x08000d00   Section        0  stm32f10x_tim.o(i.TIM_SetCounter)
    i.TIM_TimeBaseInit                       0x08000d04   Section        0  stm32f10x_tim.o(i.TIM_TimeBaseInit)
    i.USART_Cmd                              0x08000d40   Section        0  stm32f10x_usart.o(i.USART_Cmd)
    i.USART_DeInit                           0x08000d58   Section        0  stm32f10x_usart.o(i.USART_DeInit)
    i.USART_Init                             0x08000df4   Section        0  stm32f10x_usart.o(i.USART_Init)
    i.__scatterload_copy                     0x08000e90   Section       14  handlers.o(i.__scatterload_copy)
    i.__scatterload_null                     0x08000e9e   Section        2  handlers.o(i.__scatterload_null)
    i.__scatterload_zeroinit                 0x08000ea0   Section       14  handlers.o(i.__scatterload_zeroinit)
    i.channle_read_data                      0x08000eae   Section        0  user_flash.o(i.channle_read_data)
    i.dmx_init                               0x08000eb4   Section        0  main.o(i.dmx_init)
    i.dmx_sendpacket                         0x08000ee4   Section        0  main.o(i.dmx_sendpacket)
    i.drv_delay_500Ms                        0x08000f6c   Section        0  drv_delay.o(i.drv_delay_500Ms)
    i.drv_delay_init                         0x08000fc0   Section        0  drv_delay.o(i.drv_delay_init)
    i.drv_delay_ms                           0x08001050   Section        0  drv_delay.o(i.drv_delay_ms)
    i.drv_delay_us                           0x080010a0   Section        0  drv_delay.o(i.drv_delay_us)
    i.drv_led_flashing                       0x080010e4   Section        0  drv_led.o(i.drv_led_flashing)
    i.drv_led_init                           0x08001108   Section        0  drv_led.o(i.drv_led_init)
    i.drv_led_off                            0x08001150   Section        0  drv_led.o(i.drv_led_off)
    i.drv_spi_init                           0x08001170   Section        0  drv_spi.o(i.drv_spi_init)
    i.drv_spi_read_write_byte                0x0800124c   Section        0  drv_spi.o(i.drv_spi_read_write_byte)
    i.drv_uart_init                          0x080012ac   Section        0  drv_uart.o(i.drv_uart_init)
    i.gpio_tx_config                         0x0800133c   Section        0  main.o(i.gpio_tx_config)
    i.main                                   0x0800136c   Section        0  main.o(i.main)
    .constdata                               0x080013e4   Section      366  drv_si4438.o(.constdata)
    config_table                             0x080013e4   Data         366  drv_si4438.o(.constdata)
    .data                                    0x20000000   Section       10  main.o(.data)
    .data                                    0x2000000a   Section        1  drv_delay.o(.data)
    timer3_update_flag                       0x2000000a   Data           1  drv_delay.o(.data)
    .data                                    0x2000000b   Section       20  stm32f10x_rcc.o(.data)
    APBAHBPrescTable                         0x2000000b   Data          16  stm32f10x_rcc.o(.data)
    ADCPrescTable                            0x2000001b   Data           4  stm32f10x_rcc.o(.data)
    .bss                                     0x20000020   Section     1190  main.o(.bss)
    STACK                                    0x200004c8   Section      512  startup_stm32f10x_hd.o(STACK)

    Global Symbols

    Symbol Name                              Value     Ov Type        Size  Object(Section)

    BuildAttributes$$THM_ISAv4$P$D$K$B$S$PE$A:L22UL41UL21$X:L11$S22US41US21$IEEE1$IW$USESV6$~STKCKD$USESV7$~SHL$OSPACE$EBA8$MICROLIB$REQ8$PRES8$EABIv2 0x00000000   Number         0  anon$$obj.o ABSOLUTE
    __ARM_use_no_argv                        0x00000000   Number         0  main.o ABSOLUTE
    __cpp_initialize__aeabi_                  - Undefined Weak Reference
    __cxa_finalize                            - Undefined Weak Reference
    __decompress                              - Undefined Weak Reference
    _clock_init                               - Undefined Weak Reference
    _microlib_exit                            - Undefined Weak Reference
    __Vectors_Size                           0x00000130   Number         0  startup_stm32f10x_hd.o ABSOLUTE
    __Vectors                                0x08000000   Data           4  startup_stm32f10x_hd.o(RESET)
    __Vectors_End                            0x08000130   Data           0  startup_stm32f10x_hd.o(RESET)
    __main                                   0x08000131   Thumb Code     0  entry.o(.ARM.Collect$$$$00000000)
    _main_stk                                0x08000131   Thumb Code     0  entry2.o(.ARM.Collect$$$$00000001)
    _main_scatterload                        0x08000135   Thumb Code     0  entry5.o(.ARM.Collect$$$$00000004)
    __main_after_scatterload                 0x08000139   Thumb Code     0  entry5.o(.ARM.Collect$$$$00000004)
    _main_clock                              0x08000139   Thumb Code     0  entry7b.o(.ARM.Collect$$$$00000008)
    _main_cpp_init                           0x08000139   Thumb Code     0  entry8b.o(.ARM.Collect$$$$0000000A)
    _main_init                               0x08000139   Thumb Code     0  entry9a.o(.ARM.Collect$$$$0000000B)
    __rt_final_cpp                           0x08000141   Thumb Code     0  entry10a.o(.ARM.Collect$$$$0000000D)
    __rt_final_exit                          0x08000141   Thumb Code     0  entry11a.o(.ARM.Collect$$$$0000000F)
    Reset_Handler                            0x08000147   Thumb Code    14  startup_stm32f10x_hd.o(.text)
    NMI_Handler                              0x08000155   Thumb Code     2  startup_stm32f10x_hd.o(.text)
    HardFault_Handler                        0x08000157   Thumb Code     2  startup_stm32f10x_hd.o(.text)
    MemManage_Handler                        0x08000159   Thumb Code     2  startup_stm32f10x_hd.o(.text)
    BusFault_Handler                         0x0800015b   Thumb Code     2  startup_stm32f10x_hd.o(.text)
    UsageFault_Handler                       0x0800015d   Thumb Code     2  startup_stm32f10x_hd.o(.text)
    SVC_Handler                              0x0800015f   Thumb Code     2  startup_stm32f10x_hd.o(.text)
    DebugMon_Handler                         0x08000161   Thumb Code     2  startup_stm32f10x_hd.o(.text)
    PendSV_Handler                           0x08000163   Thumb Code     2  startup_stm32f10x_hd.o(.text)
    SysTick_Handler                          0x08000165   Thumb Code     2  startup_stm32f10x_hd.o(.text)
    ADC1_2_IRQHandler                        0x08000167   Thumb Code     0  startup_stm32f10x_hd.o(.text)
    ADC3_IRQHandler                          0x08000167   Thumb Code     0  startup_stm32f10x_hd.o(.text)
    CAN1_RX1_IRQHandler                      0x08000167   Thumb Code     0  startup_stm32f10x_hd.o(.text)
    CAN1_SCE_IRQHandler                      0x08000167   Thumb Code     0  startup_stm32f10x_hd.o(.text)
    DMA1_Channel1_IRQHandler                 0x08000167   Thumb Code     0  startup_stm32f10x_hd.o(.text)
    DMA1_Channel2_IRQHandler                 0x08000167   Thumb Code     0  startup_stm32f10x_hd.o(.text)
    DMA1_Channel3_IRQHandler                 0x08000167   Thumb Code     0  startup_stm32f10x_hd.o(.text)
    DMA1_Channel4_IRQHandler                 0x08000167   Thumb Code     0  startup_stm32f10x_hd.o(.text)
    DMA1_Channel5_IRQHandler                 0x08000167   Thumb Code     0  startup_stm32f10x_hd.o(.text)
    DMA1_Channel6_IRQHandler                 0x08000167   Thumb Code     0  startup_stm32f10x_hd.o(.text)
    DMA1_Channel7_IRQHandler                 0x08000167   Thumb Code     0  startup_stm32f10x_hd.o(.text)
    DMA2_Channel1_IRQHandler                 0x08000167   Thumb Code     0  startup_stm32f10x_hd.o(.text)
    DMA2_Channel2_IRQHandler                 0x08000167   Thumb Code     0  startup_stm32f10x_hd.o(.text)
    DMA2_Channel3_IRQHandler                 0x08000167   Thumb Code     0  startup_stm32f10x_hd.o(.text)
    DMA2_Channel4_5_IRQHandler               0x08000167   Thumb Code     0  startup_stm32f10x_hd.o(.text)
    EXTI0_IRQHandler                         0x08000167   Thumb Code     0  startup_stm32f10x_hd.o(.text)
    EXTI15_10_IRQHandler                     0x08000167   Thumb Code     0  startup_stm32f10x_hd.o(.text)
    EXTI1_IRQHandler                         0x08000167   Thumb Code     0  startup_stm32f10x_hd.o(.text)
    EXTI2_IRQHandler                         0x08000167   Thumb Code     0  startup_stm32f10x_hd.o(.text)
    EXTI3_IRQHandler                         0x08000167   Thumb Code     0  startup_stm32f10x_hd.o(.text)
    EXTI9_5_IRQHandler                       0x08000167   Thumb Code     0  startup_stm32f10x_hd.o(.text)
    FLASH_IRQHandler                         0x08000167   Thumb Code     0  startup_stm32f10x_hd.o(.text)
    FSMC_IRQHandler                          0x08000167   Thumb Code     0  startup_stm32f10x_hd.o(.text)
    I2C1_ER_IRQHandler                       0x08000167   Thumb Code     0  startup_stm32f10x_hd.o(.text)
    I2C1_EV_IRQHandler                       0x08000167   Thumb Code     0  startup_stm32f10x_hd.o(.text)
    I2C2_ER_IRQHandler                       0x08000167   Thumb Code     0  startup_stm32f10x_hd.o(.text)
    I2C2_EV_IRQHandler                       0x08000167   Thumb Code     0  startup_stm32f10x_hd.o(.text)
    PVD_IRQHandler                           0x08000167   Thumb Code     0  startup_stm32f10x_hd.o(.text)
    RCC_IRQHandler                           0x08000167   Thumb Code     0  startup_stm32f10x_hd.o(.text)
    RTCAlarm_IRQHandler                      0x08000167   Thumb Code     0  startup_stm32f10x_hd.o(.text)
    RTC_IRQHandler                           0x08000167   Thumb Code     0  startup_stm32f10x_hd.o(.text)
    SDIO_IRQHandler                          0x08000167   Thumb Code     0  startup_stm32f10x_hd.o(.text)
    SPI1_IRQHandler                          0x08000167   Thumb Code     0  startup_stm32f10x_hd.o(.text)
    SPI2_IRQHandler                          0x08000167   Thumb Code     0  startup_stm32f10x_hd.o(.text)
    SPI3_IRQHandler                          0x08000167   Thumb Code     0  startup_stm32f10x_hd.o(.text)
    TAMPER_IRQHandler                        0x08000167   Thumb Code     0  startup_stm32f10x_hd.o(.text)
    TIM1_BRK_IRQHandler                      0x08000167   Thumb Code     0  startup_stm32f10x_hd.o(.text)
    TIM1_CC_IRQHandler                       0x08000167   Thumb Code     0  startup_stm32f10x_hd.o(.text)
    TIM1_TRG_COM_IRQHandler                  0x08000167   Thumb Code     0  startup_stm32f10x_hd.o(.text)
    TIM1_UP_IRQHandler                       0x08000167   Thumb Code     0  startup_stm32f10x_hd.o(.text)
    TIM2_IRQHandler                          0x08000167   Thumb Code     0  startup_stm32f10x_hd.o(.text)
    TIM4_IRQHandler                          0x08000167   Thumb Code     0  startup_stm32f10x_hd.o(.text)
    TIM5_IRQHandler                          0x08000167   Thumb Code     0  startup_stm32f10x_hd.o(.text)
    TIM6_IRQHandler                          0x08000167   Thumb Code     0  startup_stm32f10x_hd.o(.text)
    TIM7_IRQHandler                          0x08000167   Thumb Code     0  startup_stm32f10x_hd.o(.text)
    TIM8_BRK_IRQHandler                      0x08000167   Thumb Code     0  startup_stm32f10x_hd.o(.text)
    TIM8_CC_IRQHandler                       0x08000167   Thumb Code     0  startup_stm32f10x_hd.o(.text)
    TIM8_TRG_COM_IRQHandler                  0x08000167   Thumb Code     0  startup_stm32f10x_hd.o(.text)
    TIM8_UP_IRQHandler                       0x08000167   Thumb Code     0  startup_stm32f10x_hd.o(.text)
    UART4_IRQHandler                         0x08000167   Thumb Code     0  startup_stm32f10x_hd.o(.text)
    UART5_IRQHandler                         0x08000167   Thumb Code     0  startup_stm32f10x_hd.o(.text)
    USART1_IRQHandler                        0x08000167   Thumb Code     0  startup_stm32f10x_hd.o(.text)
    USART2_IRQHandler                        0x08000167   Thumb Code     0  startup_stm32f10x_hd.o(.text)
    USART3_IRQHandler                        0x08000167   Thumb Code     0  startup_stm32f10x_hd.o(.text)
    USBWakeUp_IRQHandler                     0x08000167   Thumb Code     0  startup_stm32f10x_hd.o(.text)
    USB_HP_CAN1_TX_IRQHandler                0x08000167   Thumb Code     0  startup_stm32f10x_hd.o(.text)
    USB_LP_CAN1_RX0_IRQHandler               0x08000167   Thumb Code     0  startup_stm32f10x_hd.o(.text)
    WWDG_IRQHandler                          0x08000167   Thumb Code     0  startup_stm32f10x_hd.o(.text)
    __scatterload                            0x08000175   Thumb Code    28  init.o(.text)
    __scatterload_rt2                        0x08000175   Thumb Code     0  init.o(.text)
    EXTI4_IRQHandler                         0x08000199   Thumb Code    26  drv_io.o(i.EXTI4_IRQHandler)
    EXTI_ClearITPendingBit                   0x080001b9   Thumb Code     6  stm32f10x_exti.o(i.EXTI_ClearITPendingBit)
    EXTI_GetITStatus                         0x080001c5   Thumb Code    34  stm32f10x_exti.o(i.EXTI_GetITStatus)
    GPIO_Init                                0x080001ed   Thumb Code   278  stm32f10x_gpio.o(i.GPIO_Init)
    GPIO_ReadInputDataBit                    0x08000303   Thumb Code    18  stm32f10x_gpio.o(i.GPIO_ReadInputDataBit)
    GPIO_ResetBits                           0x08000315   Thumb Code     4  stm32f10x_gpio.o(i.GPIO_ResetBits)
    GPIO_SetBits                             0x08000319   Thumb Code     4  stm32f10x_gpio.o(i.GPIO_SetBits)
    GPIO_WriteBit                            0x0800031d   Thumb Code    10  stm32f10x_gpio.o(i.GPIO_WriteBit)
    RCC_APB1PeriphClockCmd                   0x08000329   Thumb Code    26  stm32f10x_rcc.o(i.RCC_APB1PeriphClockCmd)
    RCC_APB1PeriphResetCmd                   0x08000349   Thumb Code    26  stm32f10x_rcc.o(i.RCC_APB1PeriphResetCmd)
    RCC_APB2PeriphClockCmd                   0x08000369   Thumb Code    26  stm32f10x_rcc.o(i.RCC_APB2PeriphClockCmd)
    RCC_APB2PeriphResetCmd                   0x08000389   Thumb Code    26  stm32f10x_rcc.o(i.RCC_APB2PeriphResetCmd)
    RCC_GetClocksFreq                        0x080003a9   Thumb Code   192  stm32f10x_rcc.o(i.RCC_GetClocksFreq)
    SI446x_Change_Status                     0x0800047d   Thumb Code    28  drv_si4438.o(i.SI446x_Change_Status)
    SI446x_Config_Gpio                       0x08000499   Thumb Code    82  drv_si4438.o(i.SI446x_Config_Gpio)
    SI446x_Config_Init                       0x080004ed   Thumb Code   640  drv_si4438.o(i.SI446x_Config_Init)
    SI446x_Get_Device_Status                 0x08000775   Thumb Code    38  drv_si4438.o(i.SI446x_Get_Device_Status)
    SI446x_Gpio_Init                         0x0800079d   Thumb Code   122  drv_si4438.o(i.SI446x_Gpio_Init)
    SI446x_Init                              0x08000821   Thumb Code    62  drv_si4438.o(i.SI446x_Init)
    SI446x_Power_Up                          0x08000865   Thumb Code    62  drv_si4438.o(i.SI446x_Power_Up)
    SI446x_Read_Response                     0x080008a5   Thumb Code    64  drv_si4438.o(i.SI446x_Read_Response)
    SI446x_Reset                             0x080008e9   Thumb Code    46  drv_si4438.o(i.SI446x_Reset)
    SI446x_Reset_RxFifo                      0x08000921   Thumb Code    28  drv_si4438.o(i.SI446x_Reset_RxFifo)
    SI446x_Reset_TxFifo                      0x0800093d   Thumb Code    28  drv_si4438.o(i.SI446x_Reset_TxFifo)
    SI446x_Set_Power                         0x08000959   Thumb Code    16  drv_si4438.o(i.SI446x_Set_Power)
    SI446x_Set_Property_1                    0x08000969   Thumb Code    50  drv_si4438.o(i.SI446x_Set_Property_1)
    SI446x_Start_Rx                          0x0800099b   Thumb Code    80  drv_si4438.o(i.SI446x_Start_Rx)
    SI446x_Wait_Cts                          0x080009ed   Thumb Code    70  drv_si4438.o(i.SI446x_Wait_Cts)
    SI446x_Write_Cmds                        0x08000a39   Thumb Code    56  drv_si4438.o(i.SI446x_Write_Cmds)
    SPI_Cmd                                  0x08000a75   Thumb Code    24  stm32f10x_spi.o(i.SPI_Cmd)
    SPI_I2S_DeInit                           0x08000a8d   Thumb Code    88  stm32f10x_spi.o(i.SPI_I2S_DeInit)
    SPI_I2S_GetFlagStatus                    0x08000ae9   Thumb Code    18  stm32f10x_spi.o(i.SPI_I2S_GetFlagStatus)
    SPI_Init                                 0x08000afb   Thumb Code    60  stm32f10x_spi.o(i.SPI_Init)
    SystemInit                               0x08000c25   Thumb Code    68  system_stm32f10x.o(i.SystemInit)
    TIM3_IRQHandler                          0x08000c75   Thumb Code    42  drv_delay.o(i.TIM3_IRQHandler)
    TIM_ClearFlag                            0x08000ca9   Thumb Code     6  stm32f10x_tim.o(i.TIM_ClearFlag)
    TIM_ClearITPendingBit                    0x08000caf   Thumb Code     6  stm32f10x_tim.o(i.TIM_ClearITPendingBit)
    TIM_Cmd                                  0x08000cb5   Thumb Code    24  stm32f10x_tim.o(i.TIM_Cmd)
    TIM_GetFlagStatus                        0x08000ccd   Thumb Code    18  stm32f10x_tim.o(i.TIM_GetFlagStatus)
    TIM_GetITStatus                          0x08000cdf   Thumb Code    34  stm32f10x_tim.o(i.TIM_GetITStatus)
    TIM_SetCounter                           0x08000d01   Thumb Code     4  stm32f10x_tim.o(i.TIM_SetCounter)
    TIM_TimeBaseInit                         0x08000d05   Thumb Code    50  stm32f10x_tim.o(i.TIM_TimeBaseInit)
    USART_Cmd                                0x08000d41   Thumb Code    24  stm32f10x_usart.o(i.USART_Cmd)
    USART_DeInit                             0x08000d59   Thumb Code   146  stm32f10x_usart.o(i.USART_DeInit)
    USART_Init                               0x08000df5   Thumb Code   150  stm32f10x_usart.o(i.USART_Init)
    __scatterload_copy                       0x08000e91   Thumb Code    14  handlers.o(i.__scatterload_copy)
    __scatterload_null                       0x08000e9f   Thumb Code     2  handlers.o(i.__scatterload_null)
    __scatterload_zeroinit                   0x08000ea1   Thumb Code    14  handlers.o(i.__scatterload_zeroinit)
    channle_read_data                        0x08000eaf   Thumb Code     6  user_flash.o(i.channle_read_data)
    dmx_init                                 0x08000eb5   Thumb Code    42  main.o(i.dmx_init)
    dmx_sendpacket                           0x08000ee5   Thumb Code   120  main.o(i.dmx_sendpacket)
    drv_delay_500Ms                          0x08000f6d   Thumb Code    84  drv_delay.o(i.drv_delay_500Ms)
    drv_delay_init                           0x08000fc1   Thumb Code   138  drv_delay.o(i.drv_delay_init)
    drv_delay_ms                             0x08001051   Thumb Code    80  drv_delay.o(i.drv_delay_ms)
    drv_delay_us                             0x080010a1   Thumb Code    68  drv_delay.o(i.drv_delay_us)
    drv_led_flashing                         0x080010e5   Thumb Code    30  drv_led.o(i.drv_led_flashing)
    drv_led_init                             0x08001109   Thumb Code    68  drv_led.o(i.drv_led_init)
    drv_led_off                              0x08001151   Thumb Code    26  drv_led.o(i.drv_led_off)
    drv_spi_init                             0x08001171   Thumb Code   206  drv_spi.o(i.drv_spi_init)
    drv_spi_read_write_byte                  0x0800124d   Thumb Code    90  drv_spi.o(i.drv_spi_read_write_byte)
    drv_uart_init                            0x080012ad   Thumb Code   136  drv_uart.o(i.drv_uart_init)
    gpio_tx_config                           0x0800133d   Thumb Code    44  main.o(i.gpio_tx_config)
    main                                     0x0800136d   Thumb Code   108  main.o(i.main)
    Region$$Table$$Base                      0x08001554   Number         0  anon$$obj.o(Region$$Table)
    Region$$Table$$Limit                     0x08001574   Number         0  anon$$obj.o(Region$$Table)
    g_TxMode                                 0x20000000   Data           1  main.o(.data)
    g_UartRxFlag                             0x20000001   Data           1  main.o(.data)
    LongPacketData                           0x20000002   Data           4  main.o(.data)
    error_cnt                                0x20000006   Data           1  main.o(.data)
    channel                                  0x20000007   Data           1  main.o(.data)
    pDMX_buf                                 0x20000008   Data           2  main.o(.data)
    g_SI4463ItStatus                         0x20000020   Data           9  main.o(.bss)
    g_SI4463RxBuffer                         0x20000029   Data         600  main.o(.bss)
    a_SI4463RxBuffer                         0x20000281   Data          64  main.o(.bss)
    PacketrxData                             0x200002c2   Data         516  main.o(.bss)
    __initial_sp                             0x200006c8   Data           0  startup_stm32f10x_hd.o(STACK)



==============================================================================

Memory Map of the image

  Image Entry point : 0x08000131

  Load Region LR_IROM1 (Base: 0x08000000, Size: 0x00001594, Max: 0x00080000, ABSOLUTE)

    Execution Region ER_IROM1 (Base: 0x08000000, Size: 0x00001574, Max: 0x00080000, ABSOLUTE)

    Base Addr    Size         Type   Attr      Idx    E Section Name        Object

    0x08000000   0x00000130   Data   RO         1833    RESET               startup_stm32f10x_hd.o
    0x08000130   0x00000000   Code   RO         2102  * .ARM.Collect$$$$00000000  mc_w.l(entry.o)
    0x08000130   0x00000004   Code   RO         2107    .ARM.Collect$$$$00000001  mc_w.l(entry2.o)
    0x08000134   0x00000004   Code   RO         2110    .ARM.Collect$$$$00000004  mc_w.l(entry5.o)
    0x08000138   0x00000000   Code   RO         2112    .ARM.Collect$$$$00000008  mc_w.l(entry7b.o)
    0x08000138   0x00000000   Code   RO         2114    .ARM.Collect$$$$0000000A  mc_w.l(entry8b.o)
    0x08000138   0x00000008   Code   RO         2115    .ARM.Collect$$$$0000000B  mc_w.l(entry9a.o)
    0x08000140   0x00000000   Code   RO         2117    .ARM.Collect$$$$0000000D  mc_w.l(entry10a.o)
    0x08000140   0x00000000   Code   RO         2119    .ARM.Collect$$$$0000000F  mc_w.l(entry11a.o)
    0x08000140   0x00000004   Code   RO         2108    .ARM.Collect$$$$00002712  mc_w.l(entry2.o)
    0x08000144   0x00000030   Code   RO         1834    .text               startup_stm32f10x_hd.o
    0x08000174   0x00000024   Code   RO         2121    .text               mc_w.l(init.o)
    0x08000198   0x00000020   Code   RO          557    i.EXTI4_IRQHandler  drv_io.o
    0x080001b8   0x0000000c   Code   RO         1839    i.EXTI_ClearITPendingBit  stm32f10x_exti.o
    0x080001c4   0x00000028   Code   RO         1843    i.EXTI_GetITStatus  stm32f10x_exti.o
    0x080001ec   0x00000116   Code   RO          595    i.GPIO_Init         stm32f10x_gpio.o
    0x08000302   0x00000012   Code   RO          599    i.GPIO_ReadInputDataBit  stm32f10x_gpio.o
    0x08000314   0x00000004   Code   RO          602    i.GPIO_ResetBits    stm32f10x_gpio.o
    0x08000318   0x00000004   Code   RO          603    i.GPIO_SetBits      stm32f10x_gpio.o
    0x0800031c   0x0000000a   Code   RO          606    i.GPIO_WriteBit     stm32f10x_gpio.o
    0x08000326   0x00000002   PAD
    0x08000328   0x00000020   Code   RO          745    i.RCC_APB1PeriphClockCmd  stm32f10x_rcc.o
    0x08000348   0x00000020   Code   RO          746    i.RCC_APB1PeriphResetCmd  stm32f10x_rcc.o
    0x08000368   0x00000020   Code   RO          747    i.RCC_APB2PeriphClockCmd  stm32f10x_rcc.o
    0x08000388   0x00000020   Code   RO          748    i.RCC_APB2PeriphResetCmd  stm32f10x_rcc.o
    0x080003a8   0x000000d4   Code   RO          755    i.RCC_GetClocksFreq  stm32f10x_rcc.o
    0x0800047c   0x0000001c   Code   RO          148    i.SI446x_Change_Status  drv_si4438.o
    0x08000498   0x00000052   Code   RO          149    i.SI446x_Config_Gpio  drv_si4438.o
    0x080004ea   0x00000002   PAD
    0x080004ec   0x00000288   Code   RO          150    i.SI446x_Config_Init  drv_si4438.o
    0x08000774   0x00000026   Code   RO          151    i.SI446x_Get_Device_Status  drv_si4438.o
    0x0800079a   0x00000002   PAD
    0x0800079c   0x00000084   Code   RO          158    i.SI446x_Gpio_Init  drv_si4438.o
    0x08000820   0x00000044   Code   RO          159    i.SI446x_Init       drv_si4438.o
    0x08000864   0x0000003e   Code   RO          163    i.SI446x_Power_Up   drv_si4438.o
    0x080008a2   0x00000002   PAD
    0x080008a4   0x00000044   Code   RO          165    i.SI446x_Read_Response  drv_si4438.o
    0x080008e8   0x00000038   Code   RO          166    i.SI446x_Reset      drv_si4438.o
    0x08000920   0x0000001c   Code   RO          167    i.SI446x_Reset_RxFifo  drv_si4438.o
    0x0800093c   0x0000001c   Code   RO          168    i.SI446x_Reset_TxFifo  drv_si4438.o
    0x08000958   0x00000010   Code   RO          170    i.SI446x_Set_Power  drv_si4438.o
    0x08000968   0x00000032   Code   RO          172    i.SI446x_Set_Property_1  drv_si4438.o
    0x0800099a   0x00000050   Code   RO          173    i.SI446x_Start_Rx   drv_si4438.o
    0x080009ea   0x00000002   PAD
    0x080009ec   0x0000004c   Code   RO          175    i.SI446x_Wait_Cts   drv_si4438.o
    0x08000a38   0x0000003c   Code   RO          176    i.SI446x_Write_Cmds  drv_si4438.o
    0x08000a74   0x00000018   Code   RO          948    i.SPI_Cmd           stm32f10x_spi.o
    0x08000a8c   0x0000005c   Code   RO          955    i.SPI_I2S_DeInit    stm32f10x_spi.o
    0x08000ae8   0x00000012   Code   RO          956    i.SPI_I2S_GetFlagStatus  stm32f10x_spi.o
    0x08000afa   0x0000003c   Code   RO          961    i.SPI_Init          stm32f10x_spi.o
    0x08000b36   0x00000008   Code   RO         1803    i.SetSysClock       system_stm32f10x.o
    0x08000b3e   0x00000002   PAD
    0x08000b40   0x000000e4   Code   RO         1804    i.SetSysClockTo72   system_stm32f10x.o
    0x08000c24   0x00000050   Code   RO         1805    i.SystemInit        system_stm32f10x.o
    0x08000c74   0x00000034   Code   RO          382    i.TIM3_IRQHandler   drv_delay.o
    0x08000ca8   0x00000006   Code   RO         1097    i.TIM_ClearFlag     stm32f10x_tim.o
    0x08000cae   0x00000006   Code   RO         1098    i.TIM_ClearITPendingBit  stm32f10x_tim.o
    0x08000cb4   0x00000018   Code   RO         1103    i.TIM_Cmd           stm32f10x_tim.o
    0x08000ccc   0x00000012   Code   RO         1123    i.TIM_GetFlagStatus  stm32f10x_tim.o
    0x08000cde   0x00000022   Code   RO         1124    i.TIM_GetITStatus   stm32f10x_tim.o
    0x08000d00   0x00000004   Code   RO         1168    i.TIM_SetCounter    stm32f10x_tim.o
    0x08000d04   0x0000003c   Code   RO         1174    i.TIM_TimeBaseInit  stm32f10x_tim.o
    0x08000d40   0x00000018   Code   RO         1639    i.USART_Cmd         stm32f10x_usart.o
    0x08000d58   0x0000009c   Code   RO         1641    i.USART_DeInit      stm32f10x_usart.o
    0x08000df4   0x0000009c   Code   RO         1646    i.USART_Init        stm32f10x_usart.o
    0x08000e90   0x0000000e   Code   RO         2125    i.__scatterload_copy  mc_w.l(handlers.o)
    0x08000e9e   0x00000002   Code   RO         2126    i.__scatterload_null  mc_w.l(handlers.o)
    0x08000ea0   0x0000000e   Code   RO         2127    i.__scatterload_zeroinit  mc_w.l(handlers.o)
    0x08000eae   0x00000006   Code   RO          130    i.channle_read_data  user_flash.o
    0x08000eb4   0x00000030   Code   RO            1    i.dmx_init          main.o
    0x08000ee4   0x00000088   Code   RO            2    i.dmx_sendpacket    main.o
    0x08000f6c   0x00000054   Code   RO          384    i.drv_delay_500Ms   drv_delay.o
    0x08000fc0   0x00000090   Code   RO          386    i.drv_delay_init    drv_delay.o
    0x08001050   0x00000050   Code   RO          387    i.drv_delay_ms      drv_delay.o
    0x080010a0   0x00000044   Code   RO          388    i.drv_delay_us      drv_delay.o
    0x080010e4   0x00000024   Code   RO          448    i.drv_led_flashing  drv_led.o
    0x08001108   0x00000048   Code   RO          449    i.drv_led_init      drv_led.o
    0x08001150   0x00000020   Code   RO          450    i.drv_led_off       drv_led.o
    0x08001170   0x000000dc   Code   RO          478    i.drv_spi_init      drv_spi.o
    0x0800124c   0x00000060   Code   RO          479    i.drv_spi_read_write_byte  drv_spi.o
    0x080012ac   0x00000090   Code   RO          504    i.drv_uart_init     drv_uart.o
    0x0800133c   0x00000030   Code   RO            3    i.gpio_tx_config    main.o
    0x0800136c   0x00000078   Code   RO            5    i.main              main.o
    0x080013e4   0x0000016e   Data   RO          178    .constdata          drv_si4438.o
    0x08001552   0x00000002   PAD
    0x08001554   0x00000020   Data   RO         2123    Region$$Table       anon$$obj.o


    Execution Region RW_IRAM1 (Base: 0x20000000, Size: 0x000006c8, Max: 0x00010000, ABSOLUTE)

    Base Addr    Size         Type   Attr      Idx    E Section Name        Object

    0x20000000   0x0000000a   Data   RW            7    .data               main.o
    0x2000000a   0x00000001   Data   RW          391    .data               drv_delay.o
    0x2000000b   0x00000014   Data   RW          775    .data               stm32f10x_rcc.o
    0x2000001f   0x00000001   PAD
    0x20000020   0x000004a6   Zero   RW            6    .bss                main.o
    0x200004c6   0x00000002   PAD
    0x200004c8   0x00000200   Zero   RW         1831    STACK               startup_stm32f10x_hd.o


==============================================================================

Image component sizes


      Code (inc. data)   RO Data    RW Data    ZI Data      Debug   Object Name

         0          0          0          0          0         32   core_cm3.o
       428         16          0          1          0       3187   drv_delay.o
        32          6          0          0          0        531   drv_io.o
       140         16          0          0          0       1676   drv_led.o
      1520         62        366          0          0      11252   drv_si4438.o
       316         20          0          0          0       1413   drv_spi.o
       144          8          0          0          0        728   drv_uart.o
       352         38          0         10       1190     269569   main.o
        48         12        304          0        512        916   startup_stm32f10x_hd.o
        52         12          0          0          0       1208   stm32f10x_exti.o
       314          0          0          0          0       4312   stm32f10x_gpio.o
       340         44          0         20          0       5904   stm32f10x_rcc.o
       194          4          0          0          0       3358   stm32f10x_spi.o
       152         10          0          0          0       7332   stm32f10x_tim.o
       336         16          0          0          0       3468   stm32f10x_usart.o
       316         20          0          0          0       2133   system_stm32f10x.o
         6          0          0          0          0        552   user_flash.o

    ----------------------------------------------------------------------
      4702        284        704         32       1704     317571   Object Totals
         0          0         32          0          0          0   (incl. Generated)
        12          0          2          1          2          0   (incl. Padding)

    ----------------------------------------------------------------------

      Code (inc. data)   RO Data    RW Data    ZI Data      Debug   Library Member Name

         0          0          0          0          0          0   entry.o
         0          0          0          0          0          0   entry10a.o
         0          0          0          0          0          0   entry11a.o
         8          4          0          0          0          0   entry2.o
         4          0          0          0          0          0   entry5.o
         0          0          0          0          0          0   entry7b.o
         0          0          0          0          0          0   entry8b.o
         8          4          0          0          0          0   entry9a.o
        30          0          0          0          0          0   handlers.o
        36          8          0          0          0         68   init.o

    ----------------------------------------------------------------------
        86         16          0          0          0         68   Library Totals
         0          0          0          0          0          0   (incl. Padding)

    ----------------------------------------------------------------------

      Code (inc. data)   RO Data    RW Data    ZI Data      Debug   Library Name

        86         16          0          0          0         68   mc_w.l

    ----------------------------------------------------------------------
        86         16          0          0          0         68   Library Totals

    ----------------------------------------------------------------------

==============================================================================


      Code (inc. data)   RO Data    RW Data    ZI Data      Debug   

      4788        300        704         32       1704     314723   Grand Totals
      4788        300        704         32       1704     314723   ELF Image Totals
      4788        300        704         32          0          0   ROM Totals

==============================================================================

    Total RO  Size (Code + RO Data)                 5492 (   5.36kB)
    Total RW  Size (RW Data + ZI Data)              1736 (   1.70kB)
    Total ROM Size (Code + RO Data + RW Data)       5524 (   5.39kB)

==============================================================================

